Archive member included to satisfy reference by file (symbol)

/home/joaquin/Facultad/EDIII/TPFinal/CMSISv2p00_LPC17xx/Debug/libCMSISv2p00_LPC17xx.a(system_LPC17xx.o)
                              ./src/cr_startup_lpc175x_6x.o (SystemInit)
/home/joaquin/Facultad/EDIII/TPFinal/CMSISv2p00_LPC17xx/Debug/libCMSISv2p00_LPC17xx.a(lpc17xx_adc.o)
                              ./src/TPFinal.o (ADC_Init)
/home/joaquin/Facultad/EDIII/TPFinal/CMSISv2p00_LPC17xx/Debug/libCMSISv2p00_LPC17xx.a(lpc17xx_clkpwr.o)
                              /home/joaquin/Facultad/EDIII/TPFinal/CMSISv2p00_LPC17xx/Debug/libCMSISv2p00_LPC17xx.a(lpc17xx_adc.o) (CLKPWR_GetPCLK)
/home/joaquin/Facultad/EDIII/TPFinal/CMSISv2p00_LPC17xx/Debug/libCMSISv2p00_LPC17xx.a(lpc17xx_dac.o)
                              ./src/TPFinal.o (DAC_Init)
/home/joaquin/Facultad/EDIII/TPFinal/CMSISv2p00_LPC17xx/Debug/libCMSISv2p00_LPC17xx.a(lpc17xx_gpdma.o)
                              ./src/TPFinal.o (GPDMA_Init)
/home/joaquin/Facultad/EDIII/TPFinal/CMSISv2p00_LPC17xx/Debug/libCMSISv2p00_LPC17xx.a(lpc17xx_libcfg_default.o)
                              /home/joaquin/Facultad/EDIII/TPFinal/CMSISv2p00_LPC17xx/Debug/libCMSISv2p00_LPC17xx.a(lpc17xx_adc.o) (check_failed)
/home/joaquin/Facultad/EDIII/TPFinal/CMSISv2p00_LPC17xx/Debug/libCMSISv2p00_LPC17xx.a(lpc17xx_pinsel.o)
                              ./src/TPFinal.o (PINSEL_ConfigPin)
/home/joaquin/Facultad/EDIII/TPFinal/CMSISv2p00_LPC17xx/Debug/libCMSISv2p00_LPC17xx.a(lpc17xx_uart.o)
                              ./src/TPFinal.o (UART_Init)
/usr/local/mcuxpressoide-11.8.0_1165/ide/plugins/com.nxp.mcuxpresso.tools.linux_11.8.0.202306131047/tools/bin/../lib/gcc/arm-none-eabi/12.2.1/../../../../arm-none-eabi/lib/thumb/v7-m/nofp/libcr_c.a(__weak__main.o)
                              ./src/cr_startup_lpc175x_6x.o (__main)
/usr/local/mcuxpressoide-11.8.0_1165/ide/plugins/com.nxp.mcuxpresso.tools.linux_11.8.0.202306131047/tools/bin/../lib/gcc/arm-none-eabi/12.2.1/thumb/v7-m/nofp/libcr_eabihelpers.a(division_64.o)
                              /home/joaquin/Facultad/EDIII/TPFinal/CMSISv2p00_LPC17xx/Debug/libCMSISv2p00_LPC17xx.a(system_LPC17xx.o) (__aeabi_ldivmod)
/usr/local/mcuxpressoide-11.8.0_1165/ide/plugins/com.nxp.mcuxpresso.tools.linux_11.8.0.202306131047/tools/bin/../lib/gcc/arm-none-eabi/12.2.1/thumb/v7-m/nofp/libcr_eabihelpers.a(division_idiv0.o)
                              /usr/local/mcuxpressoide-11.8.0_1165/ide/plugins/com.nxp.mcuxpresso.tools.linux_11.8.0.202306131047/tools/bin/../lib/gcc/arm-none-eabi/12.2.1/thumb/v7-m/nofp/libcr_eabihelpers.a(division_64.o) (__aeabi_idiv0)

Discarded input sections

 .group         0x0000000000000000        0xc ./src/TPFinal.o
 .group         0x0000000000000000        0xc ./src/TPFinal.o
 .group         0x0000000000000000        0xc ./src/TPFinal.o
 .group         0x0000000000000000        0xc ./src/TPFinal.o
 .group         0x0000000000000000        0xc ./src/TPFinal.o
 .group         0x0000000000000000        0xc ./src/TPFinal.o
 .group         0x0000000000000000        0xc ./src/TPFinal.o
 .group         0x0000000000000000        0xc ./src/TPFinal.o
 .group         0x0000000000000000        0xc ./src/TPFinal.o
 .group         0x0000000000000000        0xc ./src/TPFinal.o
 .group         0x0000000000000000        0xc ./src/TPFinal.o
 .group         0x0000000000000000        0xc ./src/TPFinal.o
 .group         0x0000000000000000        0xc ./src/TPFinal.o
 .group         0x0000000000000000        0xc ./src/TPFinal.o
 .group         0x0000000000000000        0xc ./src/TPFinal.o
 .group         0x0000000000000000        0xc ./src/TPFinal.o
 .text          0x0000000000000000        0x0 ./src/TPFinal.o
 .data          0x0000000000000000        0x0 ./src/TPFinal.o
 .bss           0x0000000000000000        0x0 ./src/TPFinal.o
 .group         0x0000000000000000        0xc ./src/cr_startup_lpc175x_6x.o
 .text          0x0000000000000000        0x0 ./src/cr_startup_lpc175x_6x.o
 .data          0x0000000000000000        0x0 ./src/cr_startup_lpc175x_6x.o
 .bss           0x0000000000000000        0x0 ./src/cr_startup_lpc175x_6x.o
 .debug_macro   0x0000000000000000      0xaba ./src/cr_startup_lpc175x_6x.o
 .group         0x0000000000000000        0xc ./src/crp.o
 .group         0x0000000000000000        0xc ./src/crp.o
 .text          0x0000000000000000        0x0 ./src/crp.o
 .data          0x0000000000000000        0x0 ./src/crp.o
 .bss           0x0000000000000000        0x0 ./src/crp.o
 .debug_macro   0x0000000000000000      0xaba ./src/crp.o
 .group         0x0000000000000000        0xc /home/joaquin/Facultad/EDIII/TPFinal/CMSISv2p00_LPC17xx/Debug/libCMSISv2p00_LPC17xx.a(system_LPC17xx.o)
 .group         0x0000000000000000        0xc /home/joaquin/Facultad/EDIII/TPFinal/CMSISv2p00_LPC17xx/Debug/libCMSISv2p00_LPC17xx.a(system_LPC17xx.o)
[...]
Memory Configuration

Name             Origin             Length             Attributes
MFlash512        0x0000000000000000 0x0000000000080000 xr
RamLoc32         0x0000000010000000 0x0000000000008000 xrw
RamAHB32         0x000000002007c000 0x0000000000008000 xrw
*default*        0x0000000000000000 0xffffffffffffffff

Linker script and memory map

LOAD ./src/TPFinal.o
LOAD ./src/cr_startup_lpc175x_6x.o
LOAD ./src/crp.o
LOAD /home/joaquin/Facultad/EDIII/TPFinal/CMSISv2p00_LPC17xx/Debug/libCMSISv2p00_LPC17xx.a
START GROUP
LOAD /usr/local/mcuxpressoide-11.8.0_1165/ide/plugins/com.nxp.mcuxpresso.tools.linux_11.8.0.202306131047/tools/bin/../lib/gcc/arm-none-eabi/12.2.1/../../../../arm-none-eabi/lib/thumb/v7-m/nofp/libcr_c.a
LOAD /usr/local/mcuxpressoide-11.8.0_1165/ide/plugins/com.nxp.mcuxpresso.tools.linux_11.8.0.202306131047/tools/bin/../lib/gcc/arm-none-eabi/12.2.1/thumb/v7-m/nofp/libcr_eabihelpers.a
LOAD /usr/local/mcuxpressoide-11.8.0_1165/ide/plugins/com.nxp.mcuxpresso.tools.linux_11.8.0.202306131047/tools/bin/../lib/gcc/arm-none-eabi/12.2.1/thumb/v7-m/nofp/libgcc.a
END GROUP
                0x0000000000000000                __base_MFlash512 = 0x0
                0x0000000000000000                __base_Flash = 0x0
                0x0000000000080000                __top_MFlash512 = 0x80000
                0x0000000000080000                __top_Flash = 0x80000
                0x0000000010000000                __base_RamLoc32 = 0x10000000
                0x0000000010000000                __base_RAM = 0x10000000
                0x0000000010008000                __top_RamLoc32 = 0x10008000
                0x0000000010008000                __top_RAM = 0x10008000
                0x000000002007c000                __base_RamAHB32 = 0x2007c000
                0x000000002007c000                __base_RAM2 = 0x2007c000
                0x0000000020084000                __top_RamAHB32 = 0x20084000
                0x0000000020084000                __top_RAM2 = 0x20084000

.text           0x0000000000000000     0x124c
 FILL mask 0xff
                0x0000000000000000                __vectors_start__ = ABSOLUTE (.)
 *(.isr_vector)
 .isr_vector    0x0000000000000000       0xcc ./src/cr_startup_lpc175x_6x.o
                0x0000000000000000                g_pfnVectors
                0x00000000000000cc                . = ALIGN (0x4)
                0x00000000000000cc                __section_table_start = .
                0x00000000000000cc                __data_section_table = .
                0x00000000000000cc        0x4 LONG 0x124c LOADADDR (.data)
                0x00000000000000d0        0x4 LONG 0x10000000 ADDR (.data)
                0x00000000000000d4        0x4 LONG 0x24 SIZEOF (.data)
                0x00000000000000d8        0x4 LONG 0x124c LOADADDR (.data_RAM2)
                0x00000000000000dc        0x4 LONG 0x2007c000 ADDR (.data_RAM2)
                0x00000000000000e0        0x4 LONG 0x0 SIZEOF (.data_RAM2)
                0x00000000000000e4                __data_section_table_end = .
                0x00000000000000e4                __bss_section_table = .
                0x00000000000000e4        0x4 LONG 0x10000024 ADDR (.bss)
                0x00000000000000e8        0x4 LONG 0x194 SIZEOF (.bss)
                0x00000000000000ec        0x4 LONG 0x2007c000 ADDR (.bss_RAM2)
                0x00000000000000f0        0x4 LONG 0x0 SIZEOF (.bss_RAM2)
                0x00000000000000f4                __bss_section_table_end = .
                0x00000000000000f4                __section_table_end = .
 *(.after_vectors*)
 .after_vectors
                0x00000000000000f4      0x148 ./src/cr_startup_lpc175x_6x.o
                0x00000000000000f4                data_init
                0x0000000000000138                bss_init
                0x0000000000000170                ResetISR
                0x00000000000001ec                NMI_Handler
                0x00000000000001f4                HardFault_Handler
                0x00000000000001fc                MemManage_Handler
                0x0000000000000204                BusFault_Handler
                0x000000000000020c                UsageFault_Handler
                0x0000000000000214                SVC_Handler
                0x000000000000021c                DebugMon_Handler
                0x0000000000000224                PendSV_Handler
                0x000000000000022c                SysTick_Handler
                0x0000000000000234                TIMER2_IRQHandler
                0x0000000000000234                RIT_IRQHandler
                0x0000000000000234                I2C0_IRQHandler
                0x0000000000000234                USBActivity_IRQHandler
                0x0000000000000234                PWM1_IRQHandler
                0x0000000000000234                I2C1_IRQHandler
                0x0000000000000234                EINT2_IRQHandler
                0x0000000000000234                UART1_IRQHandler
                0x0000000000000234                EINT3_IRQHandler
                0x0000000000000234                CANActivity_IRQHandler
                0x0000000000000234                TIMER3_IRQHandler
                0x0000000000000234                UART0_IRQHandler
                0x0000000000000234                IntDefaultHandler
                0x0000000000000234                PLL0_IRQHandler
                0x0000000000000234                CAN_IRQHandler
                0x0000000000000234                PLL1_IRQHandler
                0x0000000000000234                SSP0_IRQHandler
                0x0000000000000234                I2S_IRQHandler
                0x0000000000000234                I2C2_IRQHandler
                0x0000000000000234                RTC_IRQHandler
                0x0000000000000234                TIMER0_IRQHandler
                0x0000000000000234                SPI_IRQHandler
                0x0000000000000234                EINT1_IRQHandler
                0x0000000000000234                TIMER1_IRQHandler
                0x0000000000000234                UART2_IRQHandler
                0x0000000000000234                SSP1_IRQHandler
                0x0000000000000234                USB_IRQHandler
                0x0000000000000234                BOD_IRQHandler
                0x0000000000000234                WDT_IRQHandler
                0x0000000000000234                QEI_IRQHandler
                0x0000000000000234                DMA_IRQHandler
                0x0000000000000234                UART3_IRQHandler
                0x0000000000000234                MCPWM_IRQHandler
                0x0000000000000234                ENET_IRQHandler
                0x00000000000002fc                . = 0x2fc
 *fill*         0x000000000000023c       0xc0 ff
                0x00000000000002fc                PROVIDE (__CRP_WORD_START__ = .)
 *(.crp)
 .crp           0x00000000000002fc        0x4 ./src/crp.o
                0x00000000000002fc                CRP_WORD
                0x0000000000000300                PROVIDE (__CRP_WORD_END__ = .)
                0x0000000000000001                ASSERT (! ((__CRP_WORD_START__ == __CRP_WORD_END__)), Linker CRP Enabled, but no CRP_WORD provided within application)
 *(.text*)
 .text.NVIC_EnableIRQ
                0x0000000000000300       0x30 ./src/TPFinal.o
 .text.pwm_generator
                0x0000000000000330       0x4c ./src/TPFinal.o
                0x0000000000000330                pwm_generator
 .text.eint_config
                0x000000000000037c       0x48 ./src/TPFinal.o
                0x000000000000037c                eint_config
 .text.adc_config
                0x00000000000003c4       0x68 ./src/TPFinal.o
                0x00000000000003c4                adc_config
 .text.dac_config
                0x000000000000042c       0x3c ./src/TPFinal.o
                0x000000000000042c                dac_config
 .text.confPin  0x0000000000000468       0x2a ./src/TPFinal.o
                0x0000000000000468                confPin
 *fill*         0x0000000000000492        0x2 ff
 .text.timer_config
                0x0000000000000494       0x74 ./src/TPFinal.o
                0x0000000000000494                timer_config
 .text.dma_config
                0x0000000000000508       0x68 ./src/TPFinal.o
                0x0000000000000508                dma_config
 .text.uart_config
                0x0000000000000570       0x60 ./src/TPFinal.o
                0x0000000000000570                uart_config
 .text.EINT0_IRQHandler
                0x00000000000005d0       0x48 ./src/TPFinal.o
                0x00000000000005d0                EINT0_IRQHandler
 .text.ADC_IRQHandler
                0x0000000000000618       0x50 ./src/TPFinal.o
                0x0000000000000618                ADC_IRQHandler
 .text.main     0x0000000000000668       0x48 ./src/TPFinal.o
                0x0000000000000668                main
 .text.SystemInit
                0x00000000000006b0       0xd8 /home/joaquin/Facultad/EDIII/TPFinal/CMSISv2p00_LPC17xx/Debug/libCMSISv2p00_LPC17xx.a(system_LPC17xx.o)
                0x00000000000006b0                SystemInit
 .text.ADC_Init
                0x0000000000000788       0x58 /home/joaquin/Facultad/EDIII/TPFinal/CMSISv2p00_LPC17xx/Debug/libCMSISv2p00_LPC17xx.a(lpc17xx_adc.o)
                0x0000000000000788                ADC_Init
 .text.ADC_StartCmd
                0x00000000000007e0       0x3c /home/joaquin/Facultad/EDIII/TPFinal/CMSISv2p00_LPC17xx/Debug/libCMSISv2p00_LPC17xx.a(lpc17xx_adc.o)
                0x00000000000007e0                ADC_StartCmd
 .text.ADC_BurstCmd
                0x000000000000081c       0x30 /home/joaquin/Facultad/EDIII/TPFinal/CMSISv2p00_LPC17xx/Debug/libCMSISv2p00_LPC17xx.a(lpc17xx_adc.o)
                0x000000000000081c                ADC_BurstCmd
 .text.ADC_PowerdownCmd
                0x000000000000084c       0x30 /home/joaquin/Facultad/EDIII/TPFinal/CMSISv2p00_LPC17xx/Debug/libCMSISv2p00_LPC17xx.a(lpc17xx_adc.o)
                0x000000000000084c                ADC_PowerdownCmd
 .text.ADC_EdgeStartConfig
                0x000000000000087c       0x48 /home/joaquin/Facultad/EDIII/TPFinal/CMSISv2p00_LPC17xx/Debug/libCMSISv2p00_LPC17xx.a(lpc17xx_adc.o)
                0x000000000000087c                ADC_EdgeStartConfig
 .text.ADC_IntConfig
                0x00000000000008c4       0x44 /home/joaquin/Facultad/EDIII/TPFinal/CMSISv2p00_LPC17xx/Debug/libCMSISv2p00_LPC17xx.a(lpc17xx_adc.o)
                0x00000000000008c4                ADC_IntConfig
 .text.ADC_ChannelCmd
                0x0000000000000908       0x34 /home/joaquin/Facultad/EDIII/TPFinal/CMSISv2p00_LPC17xx/Debug/libCMSISv2p00_LPC17xx.a(lpc17xx_adc.o)
                0x0000000000000908                ADC_ChannelCmd
 .text.CLKPWR_GetPCLKSEL
                0x000000000000093c       0x20 /home/joaquin/Facultad/EDIII/TPFinal/CMSISv2p00_LPC17xx/Debug/libCMSISv2p00_LPC17xx.a(lpc17xx_clkpwr.o)
                0x000000000000093c                CLKPWR_GetPCLKSEL
 .text.CLKPWR_GetPCLK
                0x000000000000095c       0x20 /home/joaquin/Facultad/EDIII/TPFinal/CMSISv2p00_LPC17xx/Debug/libCMSISv2p00_LPC17xx.a(lpc17xx_clkpwr.o)
                0x000000000000095c                CLKPWR_GetPCLK
 .text.CLKPWR_ConfigPPWR
                0x000000000000097c       0x34 /home/joaquin/Facultad/EDIII/TPFinal/CMSISv2p00_LPC17xx/Debug/libCMSISv2p00_LPC17xx.a(lpc17xx_clkpwr.o)
                0x000000000000097c                CLKPWR_ConfigPPWR
 .text.DAC_Init
                0x00000000000009b0       0x24 /home/joaquin/Facultad/EDIII/TPFinal/CMSISv2p00_LPC17xx/Debug/libCMSISv2p00_LPC17xx.a(lpc17xx_dac.o)
                0x00000000000009b0                DAC_Init
 .text.DAC_ConfigDAConverterControl
                0x00000000000009d4       0x4c /home/joaquin/Facultad/EDIII/TPFinal/CMSISv2p00_LPC17xx/Debug/libCMSISv2p00_LPC17xx.a(lpc17xx_dac.o)
                0x00000000000009d4                DAC_ConfigDAConverterControl
 .text.DAC_SetDMATimeOut
                0x0000000000000a20       0x24 /home/joaquin/Facultad/EDIII/TPFinal/CMSISv2p00_LPC17xx/Debug/libCMSISv2p00_LPC17xx.a(lpc17xx_dac.o)
                0x0000000000000a20                DAC_SetDMATimeOut
 .text.GPDMA_Init
                0x0000000000000a44       0x38 /home/joaquin/Facultad/EDIII/TPFinal/CMSISv2p00_LPC17xx/Debug/libCMSISv2p00_LPC17xx.a(lpc17xx_gpdma.o)
                0x0000000000000a44                GPDMA_Init
 .text.GPDMA_Setup
                0x0000000000000a7c      0x1d4 /home/joaquin/Facultad/EDIII/TPFinal/CMSISv2p00_LPC17xx/Debug/libCMSISv2p00_LPC17xx.a(lpc17xx_gpdma.o)
                0x0000000000000a7c                GPDMA_Setup
 .text.GPDMA_ChannelCmd
                0x0000000000000c50       0x1c /home/joaquin/Facultad/EDIII/TPFinal/CMSISv2p00_LPC17xx/Debug/libCMSISv2p00_LPC17xx.a(lpc17xx_gpdma.o)
                0x0000000000000c50                GPDMA_ChannelCmd
 .text.check_failed
                0x0000000000000c6c        0x2 /home/joaquin/Facultad/EDIII/TPFinal/CMSISv2p00_LPC17xx/Debug/libCMSISv2p00_LPC17xx.a(lpc17xx_libcfg_default.o)
                0x0000000000000c6c                check_failed
 *fill*         0x0000000000000c6e        0x2 ff
 .text.PINSEL_ConfigPin
                0x0000000000000c70       0x7c /home/joaquin/Facultad/EDIII/TPFinal/CMSISv2p00_LPC17xx/Debug/libCMSISv2p00_LPC17xx.a(lpc17xx_pinsel.o)
                0x0000000000000c70                PINSEL_ConfigPin
 .text.UART_Init
                0x0000000000000cec      0x28c /home/joaquin/Facultad/EDIII/TPFinal/CMSISv2p00_LPC17xx/Debug/libCMSISv2p00_LPC17xx.a(lpc17xx_uart.o)
                0x0000000000000cec                UART_Init
 .text.UART_ConfigStructInit
                0x0000000000000f78       0x12 /home/joaquin/Facultad/EDIII/TPFinal/CMSISv2p00_LPC17xx/Debug/libCMSISv2p00_LPC17xx.a(lpc17xx_uart.o)
                0x0000000000000f78                UART_ConfigStructInit
 *fill*         0x0000000000000f8a        0x2 ff
 .text.UART_SendByte
                0x0000000000000f8c       0x40 /home/joaquin/Facultad/EDIII/TPFinal/CMSISv2p00_LPC17xx/Debug/libCMSISv2p00_LPC17xx.a(lpc17xx_uart.o)
                0x0000000000000f8c                UART_SendByte
 .text.UART_Send
                0x0000000000000fcc       0x7e /home/joaquin/Facultad/EDIII/TPFinal/CMSISv2p00_LPC17xx/Debug/libCMSISv2p00_LPC17xx.a(lpc17xx_uart.o)
                0x0000000000000fcc                UART_Send
 *fill*         0x000000000000104a        0x2 ff
 .text.UART_FIFOConfig
                0x000000000000104c       0xa8 /home/joaquin/Facultad/EDIII/TPFinal/CMSISv2p00_LPC17xx/Debug/libCMSISv2p00_LPC17xx.a(lpc17xx_uart.o)
                0x000000000000104c                UART_FIFOConfig
 .text.UART_FIFOConfigStructInit
                0x00000000000010f4        0xe /home/joaquin/Facultad/EDIII/TPFinal/CMSISv2p00_LPC17xx/Debug/libCMSISv2p00_LPC17xx.a(lpc17xx_uart.o)
                0x00000000000010f4                UART_FIFOConfigStructInit
 *fill*         0x0000000000001102        0x2 ff
 .text.UART_TxCmd
                0x0000000000001104       0x84 /home/joaquin/Facultad/EDIII/TPFinal/CMSISv2p00_LPC17xx/Debug/libCMSISv2p00_LPC17xx.a(lpc17xx_uart.o)
                0x0000000000001104                UART_TxCmd
 .text.__weak_main
                0x0000000000001188        0x4 /usr/local/mcuxpressoide-11.8.0_1165/ide/plugins/com.nxp.mcuxpresso.tools.linux_11.8.0.202306131047/tools/bin/../lib/gcc/arm-none-eabi/12.2.1/../../../../arm-none-eabi/lib/thumb/v7-m/nofp/libcr_c.a(__weak__main.o)
                0x0000000000001188                __main
                0x0000000000001188                __weak_main
 *(.rodata .rodata.* .constdata .constdata.*)
 .rodata.ADC_Init.str1.1
                0x000000000000118c        0xe /home/joaquin/Facultad/EDIII/TPFinal/CMSISv2p00_LPC17xx/Debug/libCMSISv2p00_LPC17xx.a(lpc17xx_adc.o)
 .rodata.CSWTCH.5
                0x000000000000119a        0x4 /home/joaquin/Facultad/EDIII/TPFinal/CMSISv2p00_LPC17xx/Debug/libCMSISv2p00_LPC17xx.a(lpc17xx_clkpwr.o)
 .rodata.DAC_Init.str1.1
                0x000000000000119e        0xe /home/joaquin/Facultad/EDIII/TPFinal/CMSISv2p00_LPC17xx/Debug/libCMSISv2p00_LPC17xx.a(lpc17xx_dac.o)
 .rodata.GPDMA_LUTPerWid
                0x00000000000011ac       0x18 /home/joaquin/Facultad/EDIII/TPFinal/CMSISv2p00_LPC17xx/Debug/libCMSISv2p00_LPC17xx.a(lpc17xx_gpdma.o)
                0x00000000000011ac                GPDMA_LUTPerWid
 .rodata.GPDMA_LUTPerBurst
                0x00000000000011c4       0x18 /home/joaquin/Facultad/EDIII/TPFinal/CMSISv2p00_LPC17xx/Debug/libCMSISv2p00_LPC17xx.a(lpc17xx_gpdma.o)
                0x00000000000011c4                GPDMA_LUTPerBurst
 .rodata.GPDMA_LUTPerAddr
                0x00000000000011dc       0x60 /home/joaquin/Facultad/EDIII/TPFinal/CMSISv2p00_LPC17xx/Debug/libCMSISv2p00_LPC17xx.a(lpc17xx_gpdma.o)
                0x00000000000011dc                GPDMA_LUTPerAddr
 .rodata.UART_Init.str1.1
                0x000000000000123c        0xf /home/joaquin/Facultad/EDIII/TPFinal/CMSISv2p00_LPC17xx/Debug/libCMSISv2p00_LPC17xx.a(lpc17xx_uart.o)
                0x000000000000124c                . = ALIGN (0x4)
 *fill*         0x000000000000124b        0x1 ff

.glue_7         0x000000000000124c        0x0
 .glue_7        0x000000000000124c        0x0 linker stubs

.glue_7t        0x000000000000124c        0x0
 .glue_7t       0x000000000000124c        0x0 linker stubs

.vfp11_veneer   0x000000000000124c        0x0
 .vfp11_veneer  0x000000000000124c        0x0 linker stubs

.v4_bx          0x000000000000124c        0x0
 .v4_bx         0x000000000000124c        0x0 linker stubs

.iplt           0x000000000000124c        0x0
 .iplt          0x000000000000124c        0x0 ./src/TPFinal.o

.rel.dyn        0x000000000000124c        0x0
 .rel.iplt      0x000000000000124c        0x0 ./src/TPFinal.o

.ARM.extab
 *(.ARM.extab* .gnu.linkonce.armextab.*)

.ARM.exidx      0x000000000000124c        0x0
                0x000000000000124c                __exidx_start = .
 *(.ARM.exidx* .gnu.linkonce.armexidx.*)
                0x000000000000124c                __exidx_end = .
                0x000000000000124c                _etext = .

.data_RAM2      0x000000002007c000        0x0 load address 0x000000000000124c
 FILL mask 0xff
                [!provide]                        PROVIDE (__start_data_RAM2 = .)
                [!provide]                        PROVIDE (__start_data_RamAHB32 = .)
 *(.ramfunc.$RAM2)
 *(.ramfunc.$RamAHB32)
 *(.data.$RAM2)
 *(.data.$RamAHB32)
 *(.data.$RAM2.*)
 *(.data.$RamAHB32.*)
                0x000000002007c000                . = ALIGN (0x4)
                [!provide]                        PROVIDE (__end_data_RAM2 = .)
                [!provide]                        PROVIDE (__end_data_RamAHB32 = .)

.uninit_RESERVED
                0x0000000010000000        0x0
                0x0000000010000000                _start_uninit_RESERVED = .
 *(.bss.$RESERVED*)
                0x0000000010000000                . = ALIGN (0x4)
                0x0000000010000000                _end_uninit_RESERVED = .

.data           0x0000000010000000       0x24 load address 0x000000000000124c
 FILL mask 0xff
                0x0000000010000000                _data = .
                [!provide]                        PROVIDE (__start_data_RAM = .)
                [!provide]                        PROVIDE (__start_data_RamLoc32 = .)
 *(vtable)
 *(.ramfunc*)
 *(CodeQuickAccess)
 *(DataQuickAccess)
 *(RamFunction)
 *(.data*)
 .data.SystemCoreClock
                0x0000000010000000        0x4 /home/joaquin/Facultad/EDIII/TPFinal/CMSISv2p00_LPC17xx/Debug/libCMSISv2p00_LPC17xx.a(system_LPC17xx.o)
                0x0000000010000000                SystemCoreClock
 .data.pGPDMACh
                0x0000000010000004       0x20 /home/joaquin/Facultad/EDIII/TPFinal/CMSISv2p00_LPC17xx/Debug/libCMSISv2p00_LPC17xx.a(lpc17xx_gpdma.o)
                0x0000000010000004                pGPDMACh
                0x0000000010000024                . = ALIGN (0x4)
                0x0000000010000024                _edata = .
                [!provide]                        PROVIDE (__end_data_RAM = .)
                [!provide]                        PROVIDE (__end_data_RamLoc32 = .)

.igot.plt       0x0000000010000024        0x0 load address 0x0000000000001270
 .igot.plt      0x0000000010000024        0x0 ./src/TPFinal.o

.bss_RAM2       0x000000002007c000        0x0
                [!provide]                        PROVIDE (__start_bss_RAM2 = .)
                [!provide]                        PROVIDE (__start_bss_RamAHB32 = .)
 *(.bss.$RAM2)
 *(.bss.$RamAHB32)
 *(.bss.$RAM2.*)
 *(.bss.$RamAHB32.*)
                0x000000002007c000                . = ALIGN ((. != 0x0)?0x4:0x1)
                [!provide]                        PROVIDE (__end_bss_RAM2 = .)
                [!provide]                        PROVIDE (__end_bss_RamAHB32 = .)

.bss            0x0000000010000024      0x194
                0x0000000010000024                _bss = .
                [!provide]                        PROVIDE (__start_bss_RAM = .)
                [!provide]                        PROVIDE (__start_bss_RamLoc32 = .)
 *(.bss*)
 .bss.dac_pwm   0x0000000010000024      0x190 ./src/TPFinal.o
                0x0000000010000024                dac_pwm
 .bss.mode.0    0x00000000100001b4        0x2 ./src/TPFinal.o
 *(COMMON)
                0x00000000100001b8                . = ALIGN (0x4)
 *fill*         0x00000000100001b6        0x2 
                0x00000000100001b8                _ebss = .
                [!provide]                        PROVIDE (__end_bss_RAM = .)
                [!provide]                        PROVIDE (__end_bss_RamLoc32 = .)
                [!provide]                        PROVIDE (end = .)

.noinit_RAM2    0x000000002007c000        0x0
                [!provide]                        PROVIDE (__start_noinit_RAM2 = .)
                [!provide]                        PROVIDE (__start_noinit_RamAHB32 = .)
 *(.noinit.$RAM2)
 *(.noinit.$RamAHB32)
 *(.noinit.$RAM2.*)
 *(.noinit.$RamAHB32.*)
                0x000000002007c000                . = ALIGN (0x4)
                [!provide]                        PROVIDE (__end_noinit_RAM2 = .)
                [!provide]                        PROVIDE (__end_noinit_RamAHB32 = .)

.noinit         0x00000000100001b8        0x0
                0x00000000100001b8                _noinit = .
                [!provide]                        PROVIDE (__start_noinit_RAM = .)
                [!provide]                        PROVIDE (__start_noinit_RamLoc32 = .)
 *(.noinit*)
                0x00000000100001b8                . = ALIGN (0x4)
                0x00000000100001b8                _end_noinit = .
                [!provide]                        PROVIDE (__end_noinit_RAM = .)
                [!provide]                        PROVIDE (__end_noinit_RamLoc32 = .)
                [!provide]                        PROVIDE (_pvHeapStart = DEFINED (__user_heap_base)?__user_heap_base:.)
                0x0000000010008000                PROVIDE (_vStackTop = DEFINED (__user_stack_top)?__user_stack_top:(__top_RamLoc32 - 0x0))
                0xffffffffefff749e                PROVIDE (__valid_user_code_checksum = (0x0 - ((((((_vStackTop + (ResetISR + 0x1)) + (NMI_Handler + 0x1)) + (HardFault_Handler + 0x1)) + (DEFINED (MemManage_Handler)?MemManage_Handler:0x0 + 0x1)) + (DEFINED (BusFault_Handler)?BusFault_Handler:0x0 + 0x1)) + (DEFINED (UsageFault_Handler)?UsageFault_Handler:0x0 + 0x1))))
                0x0000000000000000                _image_start = LOADADDR (.text)
                0x0000000000001270                _image_end = (LOADADDR (.data) + SIZEOF (.data))
                0x0000000000001270                _image_size = (_image_end - _image_start)
OUTPUT(TPFinal.axf elf32-littlearm)
LOAD linker stubs

.debug_info     0x0000000000000000     0x5d7b
 .debug_info    0x0000000000000000     0x122a ./src/TPFinal.o
 .debug_info    0x000000000000122a      0x278 ./src/cr_startup_lpc175x_6x.o
 .debug_info    0x00000000000014a2       0x41 ./src/crp.o
 .debug_info    0x00000000000014e3      0x302 /home/joaquin/Facultad/EDIII/TPFinal/CMSISv2p00_LPC17xx/Debug/libCMSISv2p00_LPC17xx.a(system_LPC17xx.o)
 .debug_info    0x00000000000017e5      0x8ae /home/joaquin/Facultad/EDIII/TPFinal/CMSISv2p00_LPC17xx/Debug/libCMSISv2p00_LPC17xx.a(lpc17xx_adc.o)
 .debug_info    0x0000000000002093      0x64b /home/joaquin/Facultad/EDIII/TPFinal/CMSISv2p00_LPC17xx/Debug/libCMSISv2p00_LPC17xx.a(lpc17xx_clkpwr.o)
 .debug_info    0x00000000000026de      0x37e /home/joaquin/Facultad/EDIII/TPFinal/CMSISv2p00_LPC17xx/Debug/libCMSISv2p00_LPC17xx.a(lpc17xx_dac.o)
 .debug_info    0x0000000000002a5c     0x1063 /home/joaquin/Facultad/EDIII/TPFinal/CMSISv2p00_LPC17xx/Debug/libCMSISv2p00_LPC17xx.a(lpc17xx_gpdma.o)
 .debug_info    0x0000000000003abf       0xcf /home/joaquin/Facultad/EDIII/TPFinal/CMSISv2p00_LPC17xx/Debug/libCMSISv2p00_LPC17xx.a(lpc17xx_libcfg_default.o)
 .debug_info    0x0000000000003b8e      0x518 /home/joaquin/Facultad/EDIII/TPFinal/CMSISv2p00_LPC17xx/Debug/libCMSISv2p00_LPC17xx.a(lpc17xx_pinsel.o)
 .debug_info    0x00000000000040a6     0x1cd5 /home/joaquin/Facultad/EDIII/TPFinal/CMSISv2p00_LPC17xx/Debug/libCMSISv2p00_LPC17xx.a(lpc17xx_uart.o)

.debug_abbrev   0x0000000000000000     0x13c2
 .debug_abbrev  0x0000000000000000      0x32a ./src/TPFinal.o
 .debug_abbrev  0x000000000000032a      0x152 ./src/cr_startup_lpc175x_6x.o
 .debug_abbrev  0x000000000000047c       0x37 ./src/crp.o
 .debug_abbrev  0x00000000000004b3      0x10d /home/joaquin/Facultad/EDIII/TPFinal/CMSISv2p00_LPC17xx/Debug/libCMSISv2p00_LPC17xx.a(system_LPC17xx.o)
 .debug_abbrev  0x00000000000005c0      0x1f9 /home/joaquin/Facultad/EDIII/TPFinal/CMSISv2p00_LPC17xx/Debug/libCMSISv2p00_LPC17xx.a(lpc17xx_adc.o)
 .debug_abbrev  0x00000000000007b9      0x208 /home/joaquin/Facultad/EDIII/TPFinal/CMSISv2p00_LPC17xx/Debug/libCMSISv2p00_LPC17xx.a(lpc17xx_clkpwr.o)
 .debug_abbrev  0x00000000000009c1      0x1a5 /home/joaquin/Facultad/EDIII/TPFinal/CMSISv2p00_LPC17xx/Debug/libCMSISv2p00_LPC17xx.a(lpc17xx_dac.o)
 .debug_abbrev  0x0000000000000b66      0x2a2 /home/joaquin/Facultad/EDIII/TPFinal/CMSISv2p00_LPC17xx/Debug/libCMSISv2p00_LPC17xx.a(lpc17xx_gpdma.o)
 .debug_abbrev  0x0000000000000e08       0x76 /home/joaquin/Facultad/EDIII/TPFinal/CMSISv2p00_LPC17xx/Debug/libCMSISv2p00_LPC17xx.a(lpc17xx_libcfg_default.o)
 .debug_abbrev  0x0000000000000e7e      0x1ac /home/joaquin/Facultad/EDIII/TPFinal/CMSISv2p00_LPC17xx/Debug/libCMSISv2p00_LPC17xx.a(lpc17xx_pinsel.o)
 .debug_abbrev  0x000000000000102a      0x398 /home/joaquin/Facultad/EDIII/TPFinal/CMSISv2p00_LPC17xx/Debug/libCMSISv2p00_LPC17xx.a(lpc17xx_uart.o)

.debug_aranges  0x0000000000000000      0x3d8
 .debug_aranges
                0x0000000000000000       0x78 ./src/TPFinal.o
 .debug_aranges
                0x0000000000000078       0x80 ./src/cr_startup_lpc175x_6x.o
 .debug_aranges
                0x00000000000000f8       0x18 ./src/crp.o
 .debug_aranges
                0x0000000000000110       0x28 /home/joaquin/Facultad/EDIII/TPFinal/CMSISv2p00_LPC17xx/Debug/libCMSISv2p00_LPC17xx.a(system_LPC17xx.o)
 .debug_aranges
                0x0000000000000138       0x80 /home/joaquin/Facultad/EDIII/TPFinal/CMSISv2p00_LPC17xx/Debug/libCMSISv2p00_LPC17xx.a(lpc17xx_adc.o)
 .debug_aranges
                0x00000000000001b8       0x58 /home/joaquin/Facultad/EDIII/TPFinal/CMSISv2p00_LPC17xx/Debug/libCMSISv2p00_LPC17xx.a(lpc17xx_clkpwr.o)
 .debug_aranges
                0x0000000000000210       0x40 /home/joaquin/Facultad/EDIII/TPFinal/CMSISv2p00_LPC17xx/Debug/libCMSISv2p00_LPC17xx.a(lpc17xx_dac.o)
 .debug_aranges
                0x0000000000000250       0x40 /home/joaquin/Facultad/EDIII/TPFinal/CMSISv2p00_LPC17xx/Debug/libCMSISv2p00_LPC17xx.a(lpc17xx_gpdma.o)
 .debug_aranges
                0x0000000000000290       0x20 /home/joaquin/Facultad/EDIII/TPFinal/CMSISv2p00_LPC17xx/Debug/libCMSISv2p00_LPC17xx.a(lpc17xx_libcfg_default.o)
 .debug_aranges
                0x00000000000002b0       0x30 /home/joaquin/Facultad/EDIII/TPFinal/CMSISv2p00_LPC17xx/Debug/libCMSISv2p00_LPC17xx.a(lpc17xx_pinsel.o)
 .debug_aranges
                0x00000000000002e0       0xf8 /home/joaquin/Facultad/EDIII/TPFinal/CMSISv2p00_LPC17xx/Debug/libCMSISv2p00_LPC17xx.a(lpc17xx_uart.o)

.debug_rnglists
                0x0000000000000000      0x30a
 .debug_rnglists
                0x0000000000000000       0x55 ./src/TPFinal.o
 .debug_rnglists
                0x0000000000000055       0x5b ./src/cr_startup_lpc175x_6x.o
 .debug_rnglists
                0x00000000000000b0       0x1b /home/joaquin/Facultad/EDIII/TPFinal/CMSISv2p00_LPC17xx/Debug/libCMSISv2p00_LPC17xx.a(system_LPC17xx.o)
 .debug_rnglists
                0x00000000000000cb       0x5b /home/joaquin/Facultad/EDIII/TPFinal/CMSISv2p00_LPC17xx/Debug/libCMSISv2p00_LPC17xx.a(lpc17xx_adc.o)
 .debug_rnglists
                0x0000000000000126       0x3d /home/joaquin/Facultad/EDIII/TPFinal/CMSISv2p00_LPC17xx/Debug/libCMSISv2p00_LPC17xx.a(lpc17xx_clkpwr.o)
 .debug_rnglists
                0x0000000000000163       0x37 /home/joaquin/Facultad/EDIII/TPFinal/CMSISv2p00_LPC17xx/Debug/libCMSISv2p00_LPC17xx.a(lpc17xx_dac.o)
 .debug_rnglists
                0x000000000000019a       0x2c /home/joaquin/Facultad/EDIII/TPFinal/CMSISv2p00_LPC17xx/Debug/libCMSISv2p00_LPC17xx.a(lpc17xx_gpdma.o)
 .debug_rnglists
                0x00000000000001c6       0x13 /home/joaquin/Facultad/EDIII/TPFinal/CMSISv2p00_LPC17xx/Debug/libCMSISv2p00_LPC17xx.a(lpc17xx_libcfg_default.o)
 .debug_rnglists
                0x00000000000001d9       0x4c /home/joaquin/Facultad/EDIII/TPFinal/CMSISv2p00_LPC17xx/Debug/libCMSISv2p00_LPC17xx.a(lpc17xx_pinsel.o)
 .debug_rnglists
                0x0000000000000225       0xe5 /home/joaquin/Facultad/EDIII/TPFinal/CMSISv2p00_LPC17xx/Debug/libCMSISv2p00_LPC17xx.a(lpc17xx_uart.o)

.debug_macro    0x0000000000000000     0x4445
 .debug_macro   0x0000000000000000       0xd2 ./src/TPFinal.o
 .debug_macro   0x00000000000000d2      0xaba ./src/TPFinal.o
 .debug_macro   0x0000000000000b8c       0x1c ./src/TPFinal.o
 .debug_macro   0x0000000000000ba8       0x2e ./src/TPFinal.o
 .debug_macro   0x0000000000000bd6       0x10 ./src/TPFinal.o
 .debug_macro   0x0000000000000be6      0x12e ./src/TPFinal.o
 .debug_macro   0x0000000000000d14      0x5b3 ./src/TPFinal.o
 .debug_macro   0x00000000000012c7       0x18 ./src/TPFinal.o
 .debug_macro   0x00000000000012df      0x7af ./src/TPFinal.o
 .debug_macro   0x0000000000001a8e      0x2c7 ./src/TPFinal.o
 .debug_macro   0x0000000000001d55       0x63 ./src/TPFinal.o
 .debug_macro   0x0000000000001db8      0x2a8 ./src/TPFinal.o
 .debug_macro   0x0000000000002060       0xeb ./src/TPFinal.o
 .debug_macro   0x000000000000214b       0x40 ./src/TPFinal.o
 .debug_macro   0x000000000000218b      0x33a ./src/TPFinal.o
 .debug_macro   0x00000000000024c5      0x145 ./src/TPFinal.o
 .debug_macro   0x000000000000260a       0x82 ./src/TPFinal.o
 .debug_macro   0x000000000000268c       0x1d ./src/cr_startup_lpc175x_6x.o
 .debug_macro   0x00000000000026a9       0x1a ./src/crp.o
 .debug_macro   0x00000000000026c3       0x34 ./src/crp.o
 .debug_macro   0x00000000000026f7      0x12b /home/joaquin/Facultad/EDIII/TPFinal/CMSISv2p00_LPC17xx/Debug/libCMSISv2p00_LPC17xx.a(system_LPC17xx.o)
 .debug_macro   0x0000000000002822      0xab4 /home/joaquin/Facultad/EDIII/TPFinal/CMSISv2p00_LPC17xx/Debug/libCMSISv2p00_LPC17xx.a(system_LPC17xx.o)
 .debug_macro   0x00000000000032d6       0x9f /home/joaquin/Facultad/EDIII/TPFinal/CMSISv2p00_LPC17xx/Debug/libCMSISv2p00_LPC17xx.a(lpc17xx_adc.o)
 .debug_macro   0x0000000000003375       0xe5 /home/joaquin/Facultad/EDIII/TPFinal/CMSISv2p00_LPC17xx/Debug/libCMSISv2p00_LPC17xx.a(lpc17xx_adc.o)
 .debug_macro   0x000000000000345a      0x2f7 /home/joaquin/Facultad/EDIII/TPFinal/CMSISv2p00_LPC17xx/Debug/libCMSISv2p00_LPC17xx.a(lpc17xx_adc.o)
 .debug_macro   0x0000000000003751       0xd7 /home/joaquin/Facultad/EDIII/TPFinal/CMSISv2p00_LPC17xx/Debug/libCMSISv2p00_LPC17xx.a(lpc17xx_adc.o)
 .debug_macro   0x0000000000003828       0x8d /home/joaquin/Facultad/EDIII/TPFinal/CMSISv2p00_LPC17xx/Debug/libCMSISv2p00_LPC17xx.a(lpc17xx_clkpwr.o)
 .debug_macro   0x00000000000038b5      0x2f1 /home/joaquin/Facultad/EDIII/TPFinal/CMSISv2p00_LPC17xx/Debug/libCMSISv2p00_LPC17xx.a(lpc17xx_clkpwr.o)
 .debug_macro   0x0000000000003ba6       0x9f /home/joaquin/Facultad/EDIII/TPFinal/CMSISv2p00_LPC17xx/Debug/libCMSISv2p00_LPC17xx.a(lpc17xx_dac.o)
 .debug_macro   0x0000000000003c45       0x3a /home/joaquin/Facultad/EDIII/TPFinal/CMSISv2p00_LPC17xx/Debug/libCMSISv2p00_LPC17xx.a(lpc17xx_dac.o)
 .debug_macro   0x0000000000003c7f       0x9f /home/joaquin/Facultad/EDIII/TPFinal/CMSISv2p00_LPC17xx/Debug/libCMSISv2p00_LPC17xx.a(lpc17xx_gpdma.o)
 .debug_macro   0x0000000000003d1e       0x5a /home/joaquin/Facultad/EDIII/TPFinal/CMSISv2p00_LPC17xx/Debug/libCMSISv2p00_LPC17xx.a(lpc17xx_libcfg_default.o)
 .debug_macro   0x0000000000003d78       0x5d /home/joaquin/Facultad/EDIII/TPFinal/CMSISv2p00_LPC17xx/Debug/libCMSISv2p00_LPC17xx.a(lpc17xx_libcfg_default.o)
 .debug_macro   0x0000000000003dd5       0xd1 /home/joaquin/Facultad/EDIII/TPFinal/CMSISv2p00_LPC17xx/Debug/libCMSISv2p00_LPC17xx.a(lpc17xx_libcfg_default.o)
 .debug_macro   0x0000000000003ea6       0x8d /home/joaquin/Facultad/EDIII/TPFinal/CMSISv2p00_LPC17xx/Debug/libCMSISv2p00_LPC17xx.a(lpc17xx_pinsel.o)
 .debug_macro   0x0000000000003f33      0x13f /home/joaquin/Facultad/EDIII/TPFinal/CMSISv2p00_LPC17xx/Debug/libCMSISv2p00_LPC17xx.a(lpc17xx_pinsel.o)
 .debug_macro   0x0000000000004072       0x9f /home/joaquin/Facultad/EDIII/TPFinal/CMSISv2p00_LPC17xx/Debug/libCMSISv2p00_LPC17xx.a(lpc17xx_uart.o)
 .debug_macro   0x0000000000004111      0x334 /home/joaquin/Facultad/EDIII/TPFinal/CMSISv2p00_LPC17xx/Debug/libCMSISv2p00_LPC17xx.a(lpc17xx_uart.o)

.debug_line     0x0000000000000000     0x3a04
 .debug_line    0x0000000000000000      0x590 ./src/TPFinal.o
 .debug_line    0x0000000000000590      0x162 ./src/cr_startup_lpc175x_6x.o
 .debug_line    0x00000000000006f2       0xb5 ./src/crp.o
 .debug_line    0x00000000000007a7      0x412 /home/joaquin/Facultad/EDIII/TPFinal/CMSISv2p00_LPC17xx/Debug/libCMSISv2p00_LPC17xx.a(system_LPC17xx.o)
 .debug_line    0x0000000000000bb9      0x6f9 /home/joaquin/Facultad/EDIII/TPFinal/CMSISv2p00_LPC17xx/Debug/libCMSISv2p00_LPC17xx.a(lpc17xx_adc.o)
 .debug_line    0x00000000000012b2      0x467 /home/joaquin/Facultad/EDIII/TPFinal/CMSISv2p00_LPC17xx/Debug/libCMSISv2p00_LPC17xx.a(lpc17xx_clkpwr.o)
 .debug_line    0x0000000000001719      0x427 /home/joaquin/Facultad/EDIII/TPFinal/CMSISv2p00_LPC17xx/Debug/libCMSISv2p00_LPC17xx.a(lpc17xx_dac.o)
 .debug_line    0x0000000000001b40      0x644 /home/joaquin/Facultad/EDIII/TPFinal/CMSISv2p00_LPC17xx/Debug/libCMSISv2p00_LPC17xx.a(lpc17xx_gpdma.o)
 .debug_line    0x0000000000002184      0x20e /home/joaquin/Facultad/EDIII/TPFinal/CMSISv2p00_LPC17xx/Debug/libCMSISv2p00_LPC17xx.a(lpc17xx_libcfg_default.o)
 .debug_line    0x0000000000002392      0x381 /home/joaquin/Facultad/EDIII/TPFinal/CMSISv2p00_LPC17xx/Debug/libCMSISv2p00_LPC17xx.a(lpc17xx_pinsel.o)
 .debug_line    0x0000000000002713     0x12f1 /home/joaquin/Facultad/EDIII/TPFinal/CMSISv2p00_LPC17xx/Debug/libCMSISv2p00_LPC17xx.a(lpc17xx_uart.o)

.debug_str      0x0000000000000000     0xf7ea
 .debug_str     0x0000000000000000     0xce05 ./src/TPFinal.o
                                       0xceb2 (size before relaxing)
 .debug_str     0x000000000000ce05      0x1fa ./src/cr_startup_lpc175x_6x.o
                                       0x2ff1 (size before relaxing)
 .debug_str     0x000000000000cfff       0xe9 ./src/crp.o
                                       0x2eda (size before relaxing)
 .debug_str     0x000000000000d0e8      0x417 /home/joaquin/Facultad/EDIII/TPFinal/CMSISv2p00_LPC17xx/Debug/libCMSISv2p00_LPC17xx.a(system_LPC17xx.o)
                                       0x89ab (size before relaxing)
 .debug_str     0x000000000000d4ff     0x15b6 /home/joaquin/Facultad/EDIII/TPFinal/CMSISv2p00_LPC17xx/Debug/libCMSISv2p00_LPC17xx.a(lpc17xx_adc.o)
                                       0xa58b (size before relaxing)
 .debug_str     0x000000000000eab5      0x100 /home/joaquin/Facultad/EDIII/TPFinal/CMSISv2p00_LPC17xx/Debug/libCMSISv2p00_LPC17xx.a(lpc17xx_clkpwr.o)
                                       0x9ba5 (size before relaxing)
 .debug_str     0x000000000000ebb5       0x82 /home/joaquin/Facultad/EDIII/TPFinal/CMSISv2p00_LPC17xx/Debug/libCMSISv2p00_LPC17xx.a(lpc17xx_dac.o)
                                       0x9d4e (size before relaxing)
 .debug_str     0x000000000000ec37      0x3bc /home/joaquin/Facultad/EDIII/TPFinal/CMSISv2p00_LPC17xx/Debug/libCMSISv2p00_LPC17xx.a(lpc17xx_gpdma.o)
                                       0xb3ef (size before relaxing)
 .debug_str     0x000000000000eff3       0x2d /home/joaquin/Facultad/EDIII/TPFinal/CMSISv2p00_LPC17xx/Debug/libCMSISv2p00_LPC17xx.a(lpc17xx_libcfg_default.o)
                                       0x47cb (size before relaxing)
 .debug_str     0x000000000000f020       0xed /home/joaquin/Facultad/EDIII/TPFinal/CMSISv2p00_LPC17xx/Debug/libCMSISv2p00_LPC17xx.a(lpc17xx_pinsel.o)
                                       0x8e1d (size before relaxing)
 .debug_str     0x000000000000f10d      0x6dd /home/joaquin/Facultad/EDIII/TPFinal/CMSISv2p00_LPC17xx/Debug/libCMSISv2p00_LPC17xx.a(lpc17xx_uart.o)
                                       0xbc53 (size before relaxing)

.comment        0x0000000000000000       0x45
 .comment       0x0000000000000000       0x45 ./src/TPFinal.o
                                         0x46 (size before relaxing)
 .comment       0x0000000000000045       0x46 ./src/cr_startup_lpc175x_6x.o
 .comment       0x0000000000000045       0x46 ./src/crp.o
 .comment       0x0000000000000045       0x46 /home/joaquin/Facultad/EDIII/TPFinal/CMSISv2p00_LPC17xx/Debug/libCMSISv2p00_LPC17xx.a(system_LPC17xx.o)
 .comment       0x0000000000000045       0x46 /home/joaquin/Facultad/EDIII/TPFinal/CMSISv2p00_LPC17xx/Debug/libCMSISv2p00_LPC17xx.a(lpc17xx_adc.o)
 .comment       0x0000000000000045       0x46 /home/joaquin/Facultad/EDIII/TPFinal/CMSISv2p00_LPC17xx/Debug/libCMSISv2p00_LPC17xx.a(lpc17xx_clkpwr.o)
 .comment       0x0000000000000045       0x46 /home/joaquin/Facultad/EDIII/TPFinal/CMSISv2p00_LPC17xx/Debug/libCMSISv2p00_LPC17xx.a(lpc17xx_dac.o)
 .comment       0x0000000000000045       0x46 /home/joaquin/Facultad/EDIII/TPFinal/CMSISv2p00_LPC17xx/Debug/libCMSISv2p00_LPC17xx.a(lpc17xx_gpdma.o)
 .comment       0x0000000000000045       0x46 /home/joaquin/Facultad/EDIII/TPFinal/CMSISv2p00_LPC17xx/Debug/libCMSISv2p00_LPC17xx.a(lpc17xx_libcfg_default.o)
 .comment       0x0000000000000045       0x46 /home/joaquin/Facultad/EDIII/TPFinal/CMSISv2p00_LPC17xx/Debug/libCMSISv2p00_LPC17xx.a(lpc17xx_pinsel.o)
 .comment       0x0000000000000045       0x46 /home/joaquin/Facultad/EDIII/TPFinal/CMSISv2p00_LPC17xx/Debug/libCMSISv2p00_LPC17xx.a(lpc17xx_uart.o)
 .comment       0x0000000000000045       0x46 /usr/local/mcuxpressoide-11.8.0_1165/ide/plugins/com.nxp.mcuxpresso.tools.linux_11.8.0.202306131047/tools/bin/../lib/gcc/arm-none-eabi/12.2.1/../../../../arm-none-eabi/lib/thumb/v7-m/nofp/libcr_c.a(__weak__main.o)

.ARM.attributes
                0x0000000000000000       0x2b
 .ARM.attributes
                0x0000000000000000       0x2d ./src/TPFinal.o
 .ARM.attributes
                0x000000000000002d       0x2d ./src/cr_startup_lpc175x_6x.o
 .ARM.attributes
                0x000000000000005a       0x2d ./src/crp.o
 .ARM.attributes
                0x0000000000000087       0x2d /home/joaquin/Facultad/EDIII/TPFinal/CMSISv2p00_LPC17xx/Debug/libCMSISv2p00_LPC17xx.a(system_LPC17xx.o)
 .ARM.attributes
                0x00000000000000b4       0x2d /home/joaquin/Facultad/EDIII/TPFinal/CMSISv2p00_LPC17xx/Debug/libCMSISv2p00_LPC17xx.a(lpc17xx_adc.o)
 .ARM.attributes
                0x00000000000000e1       0x2d /home/joaquin/Facultad/EDIII/TPFinal/CMSISv2p00_LPC17xx/Debug/libCMSISv2p00_LPC17xx.a(lpc17xx_clkpwr.o)
 .ARM.attributes
                0x000000000000010e       0x2d /home/joaquin/Facultad/EDIII/TPFinal/CMSISv2p00_LPC17xx/Debug/libCMSISv2p00_LPC17xx.a(lpc17xx_dac.o)
 .ARM.attributes
                0x000000000000013b       0x2d /home/joaquin/Facultad/EDIII/TPFinal/CMSISv2p00_LPC17xx/Debug/libCMSISv2p00_LPC17xx.a(lpc17xx_gpdma.o)
 .ARM.attributes
                0x0000000000000168       0x2d /home/joaquin/Facultad/EDIII/TPFinal/CMSISv2p00_LPC17xx/Debug/libCMSISv2p00_LPC17xx.a(lpc17xx_libcfg_default.o)
 .ARM.attributes
                0x0000000000000195       0x2d /home/joaquin/Facultad/EDIII/TPFinal/CMSISv2p00_LPC17xx/Debug/libCMSISv2p00_LPC17xx.a(lpc17xx_pinsel.o)
 .ARM.attributes
                0x00000000000001c2       0x2d /home/joaquin/Facultad/EDIII/TPFinal/CMSISv2p00_LPC17xx/Debug/libCMSISv2p00_LPC17xx.a(lpc17xx_uart.o)
 .ARM.attributes
                0x00000000000001ef       0x2d /usr/local/mcuxpressoide-11.8.0_1165/ide/plugins/com.nxp.mcuxpresso.tools.linux_11.8.0.202306131047/tools/bin/../lib/gcc/arm-none-eabi/12.2.1/../../../../arm-none-eabi/lib/thumb/v7-m/nofp/libcr_c.a(__weak__main.o)

.debug_frame    0x0000000000000000      0xa04
 .debug_frame   0x0000000000000000      0x1a8 ./src/TPFinal.o
 .debug_frame   0x00000000000001a8      0x170 ./src/cr_startup_lpc175x_6x.o
 .debug_frame   0x0000000000000318       0x38 /home/joaquin/Facultad/EDIII/TPFinal/CMSISv2p00_LPC17xx/Debug/libCMSISv2p00_LPC17xx.a(system_LPC17xx.o)
 .debug_frame   0x0000000000000350      0x16c /home/joaquin/Facultad/EDIII/TPFinal/CMSISv2p00_LPC17xx/Debug/libCMSISv2p00_LPC17xx.a(lpc17xx_adc.o)
 .debug_frame   0x00000000000004bc       0xa0 /home/joaquin/Facultad/EDIII/TPFinal/CMSISv2p00_LPC17xx/Debug/libCMSISv2p00_LPC17xx.a(lpc17xx_clkpwr.o)
 .debug_frame   0x000000000000055c       0x94 /home/joaquin/Facultad/EDIII/TPFinal/CMSISv2p00_LPC17xx/Debug/libCMSISv2p00_LPC17xx.a(lpc17xx_dac.o)
 .debug_frame   0x00000000000005f0       0x90 /home/joaquin/Facultad/EDIII/TPFinal/CMSISv2p00_LPC17xx/Debug/libCMSISv2p00_LPC17xx.a(lpc17xx_gpdma.o)
 .debug_frame   0x0000000000000680       0x20 /home/joaquin/Facultad/EDIII/TPFinal/CMSISv2p00_LPC17xx/Debug/libCMSISv2p00_LPC17xx.a(lpc17xx_libcfg_default.o)
 .debug_frame   0x00000000000006a0       0x50 /home/joaquin/Facultad/EDIII/TPFinal/CMSISv2p00_LPC17xx/Debug/libCMSISv2p00_LPC17xx.a(lpc17xx_pinsel.o)
 .debug_frame   0x00000000000006f0      0x314 /home/joaquin/Facultad/EDIII/TPFinal/CMSISv2p00_LPC17xx/Debug/libCMSISv2p00_LPC17xx.a(lpc17xx_uart.o)

.debug_loclists
                0x0000000000000000     0x184b
 .debug_loclists
                0x0000000000000000      0x399 /home/joaquin/Facultad/EDIII/TPFinal/CMSISv2p00_LPC17xx/Debug/libCMSISv2p00_LPC17xx.a(lpc17xx_adc.o)
 .debug_loclists
                0x0000000000000399      0x11e /home/joaquin/Facultad/EDIII/TPFinal/CMSISv2p00_LPC17xx/Debug/libCMSISv2p00_LPC17xx.a(lpc17xx_clkpwr.o)
 .debug_loclists
                0x00000000000004b7      0x154 /home/joaquin/Facultad/EDIII/TPFinal/CMSISv2p00_LPC17xx/Debug/libCMSISv2p00_LPC17xx.a(lpc17xx_dac.o)
 .debug_loclists
                0x000000000000060b      0x116 /home/joaquin/Facultad/EDIII/TPFinal/CMSISv2p00_LPC17xx/Debug/libCMSISv2p00_LPC17xx.a(lpc17xx_gpdma.o)
 .debug_loclists
                0x0000000000000721       0x22 /home/joaquin/Facultad/EDIII/TPFinal/CMSISv2p00_LPC17xx/Debug/libCMSISv2p00_LPC17xx.a(lpc17xx_libcfg_default.o)
 .debug_loclists
                0x0000000000000743       0xc2 /home/joaquin/Facultad/EDIII/TPFinal/CMSISv2p00_LPC17xx/Debug/libCMSISv2p00_LPC17xx.a(lpc17xx_pinsel.o)
 .debug_loclists
                0x0000000000000805     0x1046 /home/joaquin/Facultad/EDIII/TPFinal/CMSISv2p00_LPC17xx/Debug/libCMSISv2p00_LPC17xx.a(lpc17xx_uart.o)

Cross Reference Table

Symbol                                            File
ADC_BurstCmd                                      /home/joaquin/Facultad/EDIII/TPFinal/CMSISv2p00_LPC17xx/Debug/libCMSISv2p00_LPC17xx.a(lpc17xx_adc.o)
                                                  ./src/TPFinal.o
ADC_ChannelCmd                                    /home/joaquin/Facultad/EDIII/TPFinal/CMSISv2p00_LPC17xx/Debug/libCMSISv2p00_LPC17xx.a(lpc17xx_adc.o)
                                                  ./src/TPFinal.o
ADC_ChannelGetData                                /home/joaquin/Facultad/EDIII/TPFinal/CMSISv2p00_LPC17xx/Debug/libCMSISv2p00_LPC17xx.a(lpc17xx_adc.o)
ADC_ChannelGetStatus                              /home/joaquin/Facultad/EDIII/TPFinal/CMSISv2p00_LPC17xx/Debug/libCMSISv2p00_LPC17xx.a(lpc17xx_adc.o)
ADC_DeInit                                        /home/joaquin/Facultad/EDIII/TPFinal/CMSISv2p00_LPC17xx/Debug/libCMSISv2p00_LPC17xx.a(lpc17xx_adc.o)
ADC_EdgeStartConfig                               /home/joaquin/Facultad/EDIII/TPFinal/CMSISv2p00_LPC17xx/Debug/libCMSISv2p00_LPC17xx.a(lpc17xx_adc.o)
                                                  ./src/TPFinal.o
ADC_GetData                                       /home/joaquin/Facultad/EDIII/TPFinal/CMSISv2p00_LPC17xx/Debug/libCMSISv2p00_LPC17xx.a(lpc17xx_adc.o)
ADC_GlobalGetData                                 /home/joaquin/Facultad/EDIII/TPFinal/CMSISv2p00_LPC17xx/Debug/libCMSISv2p00_LPC17xx.a(lpc17xx_adc.o)
ADC_GlobalGetStatus                               /home/joaquin/Facultad/EDIII/TPFinal/CMSISv2p00_LPC17xx/Debug/libCMSISv2p00_LPC17xx.a(lpc17xx_adc.o)
ADC_IRQHandler                                    ./src/TPFinal.o
ADC_Init                                          /home/joaquin/Facultad/EDIII/TPFinal/CMSISv2p00_LPC17xx/Debug/libCMSISv2p00_LPC17xx.a(lpc17xx_adc.o)
                                                  ./src/TPFinal.o
ADC_IntConfig                                     /home/joaquin/Facultad/EDIII/TPFinal/CMSISv2p00_LPC17xx/Debug/libCMSISv2p00_LPC17xx.a(lpc17xx_adc.o)
                                                  ./src/TPFinal.o
ADC_PowerdownCmd                                  /home/joaquin/Facultad/EDIII/TPFinal/CMSISv2p00_LPC17xx/Debug/libCMSISv2p00_LPC17xx.a(lpc17xx_adc.o)
                                                  ./src/TPFinal.o
ADC_StartCmd                                      /home/joaquin/Facultad/EDIII/TPFinal/CMSISv2p00_LPC17xx/Debug/libCMSISv2p00_LPC17xx.a(lpc17xx_adc.o)
                                                  ./src/TPFinal.o
BOD_IRQHandler                                    ./src/cr_startup_lpc175x_6x.o
BusFault_Handler                                  ./src/cr_startup_lpc175x_6x.o
CANActivity_IRQHandler                            ./src/cr_startup_lpc175x_6x.o
CAN_IRQHandler                                    ./src/cr_startup_lpc175x_6x.o
CLKPWR_ConfigPPWR                                 /home/joaquin/Facultad/EDIII/TPFinal/CMSISv2p00_LPC17xx/Debug/libCMSISv2p00_LPC17xx.a(lpc17xx_clkpwr.o)
                                                  /home/joaquin/Facultad/EDIII/TPFinal/CMSISv2p00_LPC17xx/Debug/libCMSISv2p00_LPC17xx.a(lpc17xx_uart.o)
                                                  /home/joaquin/Facultad/EDIII/TPFinal/CMSISv2p00_LPC17xx/Debug/libCMSISv2p00_LPC17xx.a(lpc17xx_gpdma.o)
                                                  /home/joaquin/Facultad/EDIII/TPFinal/CMSISv2p00_LPC17xx/Debug/libCMSISv2p00_LPC17xx.a(lpc17xx_adc.o)
CLKPWR_DeepPowerDown                              /home/joaquin/Facultad/EDIII/TPFinal/CMSISv2p00_LPC17xx/Debug/libCMSISv2p00_LPC17xx.a(lpc17xx_clkpwr.o)
CLKPWR_DeepSleep                                  /home/joaquin/Facultad/EDIII/TPFinal/CMSISv2p00_LPC17xx/Debug/libCMSISv2p00_LPC17xx.a(lpc17xx_clkpwr.o)
CLKPWR_GetPCLK                                    /home/joaquin/Facultad/EDIII/TPFinal/CMSISv2p00_LPC17xx/Debug/libCMSISv2p00_LPC17xx.a(lpc17xx_clkpwr.o)
                                                  /home/joaquin/Facultad/EDIII/TPFinal/CMSISv2p00_LPC17xx/Debug/libCMSISv2p00_LPC17xx.a(lpc17xx_uart.o)
                                                  /home/joaquin/Facultad/EDIII/TPFinal/CMSISv2p00_LPC17xx/Debug/libCMSISv2p00_LPC17xx.a(lpc17xx_adc.o)
CLKPWR_GetPCLKSEL                                 /home/joaquin/Facultad/EDIII/TPFinal/CMSISv2p00_LPC17xx/Debug/libCMSISv2p00_LPC17xx.a(lpc17xx_clkpwr.o)
CLKPWR_PowerDown                                  /home/joaquin/Facultad/EDIII/TPFinal/CMSISv2p00_LPC17xx/Debug/libCMSISv2p00_LPC17xx.a(lpc17xx_clkpwr.o)
CLKPWR_SetPCLKDiv                                 /home/joaquin/Facultad/EDIII/TPFinal/CMSISv2p00_LPC17xx/Debug/libCMSISv2p00_LPC17xx.a(lpc17xx_clkpwr.o)
CLKPWR_Sleep                                      /home/joaquin/Facultad/EDIII/TPFinal/CMSISv2p00_LPC17xx/Debug/libCMSISv2p00_LPC17xx.a(lpc17xx_clkpwr.o)
CRP_WORD                                          ./src/crp.o
DAC_ConfigDAConverterControl                      /home/joaquin/Facultad/EDIII/TPFinal/CMSISv2p00_LPC17xx/Debug/libCMSISv2p00_LPC17xx.a(lpc17xx_dac.o)
                                                  ./src/TPFinal.o
DAC_Init                                          /home/joaquin/Facultad/EDIII/TPFinal/CMSISv2p00_LPC17xx/Debug/libCMSISv2p00_LPC17xx.a(lpc17xx_dac.o)
                                                  ./src/TPFinal.o
DAC_SetBias                                       /home/joaquin/Facultad/EDIII/TPFinal/CMSISv2p00_LPC17xx/Debug/libCMSISv2p00_LPC17xx.a(lpc17xx_dac.o)
DAC_SetDMATimeOut                                 /home/joaquin/Facultad/EDIII/TPFinal/CMSISv2p00_LPC17xx/Debug/libCMSISv2p00_LPC17xx.a(lpc17xx_dac.o)
                                                  ./src/TPFinal.o
DAC_UpdateValue                                   /home/joaquin/Facultad/EDIII/TPFinal/CMSISv2p00_LPC17xx/Debug/libCMSISv2p00_LPC17xx.a(lpc17xx_dac.o)
DMA_IRQHandler                                    ./src/cr_startup_lpc175x_6x.o
DebugMon_Handler                                  ./src/cr_startup_lpc175x_6x.o
EINT0_IRQHandler                                  ./src/TPFinal.o
EINT1_IRQHandler                                  ./src/cr_startup_lpc175x_6x.o
EINT2_IRQHandler                                  ./src/cr_startup_lpc175x_6x.o
EINT3_IRQHandler                                  ./src/cr_startup_lpc175x_6x.o
ENET_IRQHandler                                   ./src/cr_startup_lpc175x_6x.o
GPDMA_ChannelCmd                                  /home/joaquin/Facultad/EDIII/TPFinal/CMSISv2p00_LPC17xx/Debug/libCMSISv2p00_LPC17xx.a(lpc17xx_gpdma.o)
                                                  ./src/TPFinal.o
GPDMA_ClearIntPending                             /home/joaquin/Facultad/EDIII/TPFinal/CMSISv2p00_LPC17xx/Debug/libCMSISv2p00_LPC17xx.a(lpc17xx_gpdma.o)
GPDMA_Init                                        /home/joaquin/Facultad/EDIII/TPFinal/CMSISv2p00_LPC17xx/Debug/libCMSISv2p00_LPC17xx.a(lpc17xx_gpdma.o)
                                                  ./src/TPFinal.o
GPDMA_IntGetStatus                                /home/joaquin/Facultad/EDIII/TPFinal/CMSISv2p00_LPC17xx/Debug/libCMSISv2p00_LPC17xx.a(lpc17xx_gpdma.o)
GPDMA_LUTPerAddr                                  /home/joaquin/Facultad/EDIII/TPFinal/CMSISv2p00_LPC17xx/Debug/libCMSISv2p00_LPC17xx.a(lpc17xx_gpdma.o)
GPDMA_LUTPerBurst                                 /home/joaquin/Facultad/EDIII/TPFinal/CMSISv2p00_LPC17xx/Debug/libCMSISv2p00_LPC17xx.a(lpc17xx_gpdma.o)
GPDMA_LUTPerWid                                   /home/joaquin/Facultad/EDIII/TPFinal/CMSISv2p00_LPC17xx/Debug/libCMSISv2p00_LPC17xx.a(lpc17xx_gpdma.o)
GPDMA_Setup                                       /home/joaquin/Facultad/EDIII/TPFinal/CMSISv2p00_LPC17xx/Debug/libCMSISv2p00_LPC17xx.a(lpc17xx_gpdma.o)
                                                  ./src/TPFinal.o
HardFault_Handler                                 ./src/cr_startup_lpc175x_6x.o
I2C0_IRQHandler                                   ./src/cr_startup_lpc175x_6x.o
I2C1_IRQHandler                                   ./src/cr_startup_lpc175x_6x.o
I2C2_IRQHandler                                   ./src/cr_startup_lpc175x_6x.o
I2S_IRQHandler                                    ./src/cr_startup_lpc175x_6x.o
IntDefaultHandler                                 ./src/cr_startup_lpc175x_6x.o
MCPWM_IRQHandler                                  ./src/cr_startup_lpc175x_6x.o
MemManage_Handler                                 ./src/cr_startup_lpc175x_6x.o
NMI_Handler                                       ./src/cr_startup_lpc175x_6x.o
PINSEL_ConfigPin                                  /home/joaquin/Facultad/EDIII/TPFinal/CMSISv2p00_LPC17xx/Debug/libCMSISv2p00_LPC17xx.a(lpc17xx_pinsel.o)
                                                  ./src/TPFinal.o
PINSEL_ConfigTraceFunc                            /home/joaquin/Facultad/EDIII/TPFinal/CMSISv2p00_LPC17xx/Debug/libCMSISv2p00_LPC17xx.a(lpc17xx_pinsel.o)
PINSEL_SetI2C0Pins                                /home/joaquin/Facultad/EDIII/TPFinal/CMSISv2p00_LPC17xx/Debug/libCMSISv2p00_LPC17xx.a(lpc17xx_pinsel.o)
PLL0_IRQHandler                                   ./src/cr_startup_lpc175x_6x.o
PLL1_IRQHandler                                   ./src/cr_startup_lpc175x_6x.o
PWM1_IRQHandler                                   ./src/cr_startup_lpc175x_6x.o
PendSV_Handler                                    ./src/cr_startup_lpc175x_6x.o
QEI_IRQHandler                                    ./src/cr_startup_lpc175x_6x.o
RIT_IRQHandler                                    ./src/cr_startup_lpc175x_6x.o
RTC_IRQHandler                                    ./src/cr_startup_lpc175x_6x.o
ResetISR                                          ./src/cr_startup_lpc175x_6x.o
SPI_IRQHandler                                    ./src/cr_startup_lpc175x_6x.o
SSP0_IRQHandler                                   ./src/cr_startup_lpc175x_6x.o
SSP1_IRQHandler                                   ./src/cr_startup_lpc175x_6x.o
SVC_Handler                                       ./src/cr_startup_lpc175x_6x.o
SysTick_Handler                                   ./src/cr_startup_lpc175x_6x.o
SystemCoreClock                                   /home/joaquin/Facultad/EDIII/TPFinal/CMSISv2p00_LPC17xx/Debug/libCMSISv2p00_LPC17xx.a(system_LPC17xx.o)
                                                  /home/joaquin/Facultad/EDIII/TPFinal/CMSISv2p00_LPC17xx/Debug/libCMSISv2p00_LPC17xx.a(lpc17xx_clkpwr.o)
SystemCoreClockUpdate                             /home/joaquin/Facultad/EDIII/TPFinal/CMSISv2p00_LPC17xx/Debug/libCMSISv2p00_LPC17xx.a(system_LPC17xx.o)
SystemInit                                        /home/joaquin/Facultad/EDIII/TPFinal/CMSISv2p00_LPC17xx/Debug/libCMSISv2p00_LPC17xx.a(system_LPC17xx.o)
                                                  ./src/cr_startup_lpc175x_6x.o
TIMER0_IRQHandler                                 ./src/cr_startup_lpc175x_6x.o
TIMER1_IRQHandler                                 ./src/cr_startup_lpc175x_6x.o
TIMER2_IRQHandler                                 ./src/cr_startup_lpc175x_6x.o
TIMER3_IRQHandler                                 ./src/cr_startup_lpc175x_6x.o
UART0_IRQHandler                                  ./src/cr_startup_lpc175x_6x.o
UART1_IRQHandler                                  ./src/cr_startup_lpc175x_6x.o
UART2_IRQHandler                                  ./src/cr_startup_lpc175x_6x.o
UART3_IRQHandler                                  ./src/cr_startup_lpc175x_6x.o
UART_ABClearIntPending                            /home/joaquin/Facultad/EDIII/TPFinal/CMSISv2p00_LPC17xx/Debug/libCMSISv2p00_LPC17xx.a(lpc17xx_uart.o)
UART_ABCmd                                        /home/joaquin/Facultad/EDIII/TPFinal/CMSISv2p00_LPC17xx/Debug/libCMSISv2p00_LPC17xx.a(lpc17xx_uart.o)
UART_CheckBusy                                    /home/joaquin/Facultad/EDIII/TPFinal/CMSISv2p00_LPC17xx/Debug/libCMSISv2p00_LPC17xx.a(lpc17xx_uart.o)
UART_ConfigStructInit                             /home/joaquin/Facultad/EDIII/TPFinal/CMSISv2p00_LPC17xx/Debug/libCMSISv2p00_LPC17xx.a(lpc17xx_uart.o)
                                                  ./src/TPFinal.o
UART_DeInit                                       /home/joaquin/Facultad/EDIII/TPFinal/CMSISv2p00_LPC17xx/Debug/libCMSISv2p00_LPC17xx.a(lpc17xx_uart.o)
UART_FIFOConfig                                   /home/joaquin/Facultad/EDIII/TPFinal/CMSISv2p00_LPC17xx/Debug/libCMSISv2p00_LPC17xx.a(lpc17xx_uart.o)
                                                  ./src/TPFinal.o
UART_FIFOConfigStructInit                         /home/joaquin/Facultad/EDIII/TPFinal/CMSISv2p00_LPC17xx/Debug/libCMSISv2p00_LPC17xx.a(lpc17xx_uart.o)
                                                  ./src/TPFinal.o
UART_ForceBreak                                   /home/joaquin/Facultad/EDIII/TPFinal/CMSISv2p00_LPC17xx/Debug/libCMSISv2p00_LPC17xx.a(lpc17xx_uart.o)
UART_FullModemConfigMode                          /home/joaquin/Facultad/EDIII/TPFinal/CMSISv2p00_LPC17xx/Debug/libCMSISv2p00_LPC17xx.a(lpc17xx_uart.o)
UART_FullModemForcePinState                       /home/joaquin/Facultad/EDIII/TPFinal/CMSISv2p00_LPC17xx/Debug/libCMSISv2p00_LPC17xx.a(lpc17xx_uart.o)
UART_FullModemGetStatus                           /home/joaquin/Facultad/EDIII/TPFinal/CMSISv2p00_LPC17xx/Debug/libCMSISv2p00_LPC17xx.a(lpc17xx_uart.o)
UART_GetIntId                                     /home/joaquin/Facultad/EDIII/TPFinal/CMSISv2p00_LPC17xx/Debug/libCMSISv2p00_LPC17xx.a(lpc17xx_uart.o)
UART_GetLineStatus                                /home/joaquin/Facultad/EDIII/TPFinal/CMSISv2p00_LPC17xx/Debug/libCMSISv2p00_LPC17xx.a(lpc17xx_uart.o)
UART_Init                                         /home/joaquin/Facultad/EDIII/TPFinal/CMSISv2p00_LPC17xx/Debug/libCMSISv2p00_LPC17xx.a(lpc17xx_uart.o)
                                                  ./src/TPFinal.o
UART_IntConfig                                    /home/joaquin/Facultad/EDIII/TPFinal/CMSISv2p00_LPC17xx/Debug/libCMSISv2p00_LPC17xx.a(lpc17xx_uart.o)
UART_IrDACmd                                      /home/joaquin/Facultad/EDIII/TPFinal/CMSISv2p00_LPC17xx/Debug/libCMSISv2p00_LPC17xx.a(lpc17xx_uart.o)
UART_IrDAInvtInputCmd                             /home/joaquin/Facultad/EDIII/TPFinal/CMSISv2p00_LPC17xx/Debug/libCMSISv2p00_LPC17xx.a(lpc17xx_uart.o)
UART_IrDAPulseDivConfig                           /home/joaquin/Facultad/EDIII/TPFinal/CMSISv2p00_LPC17xx/Debug/libCMSISv2p00_LPC17xx.a(lpc17xx_uart.o)
UART_RS485Config                                  /home/joaquin/Facultad/EDIII/TPFinal/CMSISv2p00_LPC17xx/Debug/libCMSISv2p00_LPC17xx.a(lpc17xx_uart.o)
UART_RS485ReceiverCmd                             /home/joaquin/Facultad/EDIII/TPFinal/CMSISv2p00_LPC17xx/Debug/libCMSISv2p00_LPC17xx.a(lpc17xx_uart.o)
UART_RS485Send                                    /home/joaquin/Facultad/EDIII/TPFinal/CMSISv2p00_LPC17xx/Debug/libCMSISv2p00_LPC17xx.a(lpc17xx_uart.o)
UART_RS485SendData                                /home/joaquin/Facultad/EDIII/TPFinal/CMSISv2p00_LPC17xx/Debug/libCMSISv2p00_LPC17xx.a(lpc17xx_uart.o)
UART_RS485SendSlvAddr                             /home/joaquin/Facultad/EDIII/TPFinal/CMSISv2p00_LPC17xx/Debug/libCMSISv2p00_LPC17xx.a(lpc17xx_uart.o)
UART_Receive                                      /home/joaquin/Facultad/EDIII/TPFinal/CMSISv2p00_LPC17xx/Debug/libCMSISv2p00_LPC17xx.a(lpc17xx_uart.o)
UART_ReceiveByte                                  /home/joaquin/Facultad/EDIII/TPFinal/CMSISv2p00_LPC17xx/Debug/libCMSISv2p00_LPC17xx.a(lpc17xx_uart.o)
UART_Send                                         /home/joaquin/Facultad/EDIII/TPFinal/CMSISv2p00_LPC17xx/Debug/libCMSISv2p00_LPC17xx.a(lpc17xx_uart.o)
                                                  ./src/TPFinal.o
UART_SendByte                                     /home/joaquin/Facultad/EDIII/TPFinal/CMSISv2p00_LPC17xx/Debug/libCMSISv2p00_LPC17xx.a(lpc17xx_uart.o)
UART_TxCmd                                        /home/joaquin/Facultad/EDIII/TPFinal/CMSISv2p00_LPC17xx/Debug/libCMSISv2p00_LPC17xx.a(lpc17xx_uart.o)
                                                  ./src/TPFinal.o
USBActivity_IRQHandler                            ./src/cr_startup_lpc175x_6x.o
USB_IRQHandler                                    ./src/cr_startup_lpc175x_6x.o
UsageFault_Handler                                ./src/cr_startup_lpc175x_6x.o
WDT_IRQHandler                                    ./src/cr_startup_lpc175x_6x.o
__aeabi_idiv0                                     /usr/local/mcuxpressoide-11.8.0_1165/ide/plugins/com.nxp.mcuxpresso.tools.linux_11.8.0.202306131047/tools/bin/../lib/gcc/arm-none-eabi/12.2.1/thumb/v7-m/nofp/libcr_eabihelpers.a(division_idiv0.o)
                                                  /usr/local/mcuxpressoide-11.8.0_1165/ide/plugins/com.nxp.mcuxpresso.tools.linux_11.8.0.202306131047/tools/bin/../lib/gcc/arm-none-eabi/12.2.1/thumb/v7-m/nofp/libcr_eabihelpers.a(division_64.o)
__aeabi_ldivmod                                   /usr/local/mcuxpressoide-11.8.0_1165/ide/plugins/com.nxp.mcuxpresso.tools.linux_11.8.0.202306131047/tools/bin/../lib/gcc/arm-none-eabi/12.2.1/thumb/v7-m/nofp/libcr_eabihelpers.a(division_64.o)
                                                  /home/joaquin/Facultad/EDIII/TPFinal/CMSISv2p00_LPC17xx/Debug/libCMSISv2p00_LPC17xx.a(system_LPC17xx.o)
__aeabi_uldivmod                                  /usr/local/mcuxpressoide-11.8.0_1165/ide/plugins/com.nxp.mcuxpresso.tools.linux_11.8.0.202306131047/tools/bin/../lib/gcc/arm-none-eabi/12.2.1/thumb/v7-m/nofp/libcr_eabihelpers.a(division_64.o)
                                                  /home/joaquin/Facultad/EDIII/TPFinal/CMSISv2p00_LPC17xx/Debug/libCMSISv2p00_LPC17xx.a(system_LPC17xx.o)
__bhs_ldivmod1                                    /usr/local/mcuxpressoide-11.8.0_1165/ide/plugins/com.nxp.mcuxpresso.tools.linux_11.8.0.202306131047/tools/bin/../lib/gcc/arm-none-eabi/12.2.1/thumb/v7-m/nofp/libcr_eabihelpers.a(division_64.o)
__bss_section_table_end                           ./src/cr_startup_lpc175x_6x.o
__data_section_table                              ./src/cr_startup_lpc175x_6x.o
__data_section_table_end                          ./src/cr_startup_lpc175x_6x.o
__main                                            /usr/local/mcuxpressoide-11.8.0_1165/ide/plugins/com.nxp.mcuxpresso.tools.linux_11.8.0.202306131047/tools/bin/../lib/gcc/arm-none-eabi/12.2.1/../../../../arm-none-eabi/lib/thumb/v7-m/nofp/libcr_c.a(__weak__main.o)
                                                  ./src/cr_startup_lpc175x_6x.o
__valid_user_code_checksum                        ./src/cr_startup_lpc175x_6x.o
__weak_main                                       /usr/local/mcuxpressoide-11.8.0_1165/ide/plugins/com.nxp.mcuxpresso.tools.linux_11.8.0.202306131047/tools/bin/../lib/gcc/arm-none-eabi/12.2.1/../../../../arm-none-eabi/lib/thumb/v7-m/nofp/libcr_c.a(__weak__main.o)
_vStackTop                                        ./src/cr_startup_lpc175x_6x.o
adc_config                                        ./src/TPFinal.o
bss_init                                          ./src/cr_startup_lpc175x_6x.o
check_failed                                      /home/joaquin/Facultad/EDIII/TPFinal/CMSISv2p00_LPC17xx/Debug/libCMSISv2p00_LPC17xx.a(lpc17xx_libcfg_default.o)
                                                  /home/joaquin/Facultad/EDIII/TPFinal/CMSISv2p00_LPC17xx/Debug/libCMSISv2p00_LPC17xx.a(lpc17xx_uart.o)
                                                  /home/joaquin/Facultad/EDIII/TPFinal/CMSISv2p00_LPC17xx/Debug/libCMSISv2p00_LPC17xx.a(lpc17xx_gpdma.o)
                                                  /home/joaquin/Facultad/EDIII/TPFinal/CMSISv2p00_LPC17xx/Debug/libCMSISv2p00_LPC17xx.a(lpc17xx_dac.o)
                                                  /home/joaquin/Facultad/EDIII/TPFinal/CMSISv2p00_LPC17xx/Debug/libCMSISv2p00_LPC17xx.a(lpc17xx_adc.o)
confPin                                           ./src/TPFinal.o
dac_config                                        ./src/TPFinal.o
dac_pwm                                           ./src/TPFinal.o
data_init                                         ./src/cr_startup_lpc175x_6x.o
dma_config                                        ./src/TPFinal.o
eint_config                                       ./src/TPFinal.o
g_pfnVectors                                      ./src/cr_startup_lpc175x_6x.o
main                                              ./src/TPFinal.o
                                                  /usr/local/mcuxpressoide-11.8.0_1165/ide/plugins/com.nxp.mcuxpresso.tools.linux_11.8.0.202306131047/tools/bin/../lib/gcc/arm-none-eabi/12.2.1/../../../../arm-none-eabi/lib/thumb/v7-m/nofp/libcr_c.a(__weak__main.o)
pGPDMACh                                          /home/joaquin/Facultad/EDIII/TPFinal/CMSISv2p00_LPC17xx/Debug/libCMSISv2p00_LPC17xx.a(lpc17xx_gpdma.o)
pwm_generator                                     ./src/TPFinal.o
timer_config                                      ./src/TPFinal.o
uart_config                                       ./src/TPFinal.o
