Archive member included to satisfy reference by file (symbol)

/home/santi/Documents/CMSIS_workspace/CMSISv2p00_LPC17xx/Debug/libCMSISv2p00_LPC17xx.a(system_LPC17xx.o)
                              ./src/cr_startup_lpc175x_6x.o (SystemInit)
/home/santi/Documents/CMSIS_workspace/CMSISv2p00_LPC17xx/Debug/libCMSISv2p00_LPC17xx.a(lpc17xx_adc.o)
                              ./src/TPFinal.o (ADC_Init)
/home/santi/Documents/CMSIS_workspace/CMSISv2p00_LPC17xx/Debug/libCMSISv2p00_LPC17xx.a(lpc17xx_clkpwr.o)
                              /home/santi/Documents/CMSIS_workspace/CMSISv2p00_LPC17xx/Debug/libCMSISv2p00_LPC17xx.a(lpc17xx_adc.o) (CLKPWR_GetPCLK)
/home/santi/Documents/CMSIS_workspace/CMSISv2p00_LPC17xx/Debug/libCMSISv2p00_LPC17xx.a(lpc17xx_dac.o)
                              ./src/TPFinal.o (DAC_Init)
/home/santi/Documents/CMSIS_workspace/CMSISv2p00_LPC17xx/Debug/libCMSISv2p00_LPC17xx.a(lpc17xx_gpdma.o)
                              ./src/TPFinal.o (GPDMA_Init)
/home/santi/Documents/CMSIS_workspace/CMSISv2p00_LPC17xx/Debug/libCMSISv2p00_LPC17xx.a(lpc17xx_libcfg_default.o)
                              /home/santi/Documents/CMSIS_workspace/CMSISv2p00_LPC17xx/Debug/libCMSISv2p00_LPC17xx.a(lpc17xx_adc.o) (check_failed)
/home/santi/Documents/CMSIS_workspace/CMSISv2p00_LPC17xx/Debug/libCMSISv2p00_LPC17xx.a(lpc17xx_pinsel.o)
                              ./src/TPFinal.o (PINSEL_ConfigPin)
/home/santi/Documents/CMSIS_workspace/CMSISv2p00_LPC17xx/Debug/libCMSISv2p00_LPC17xx.a(lpc17xx_uart.o)
                              ./src/TPFinal.o (UART_Init)
/usr/local/mcuxpressoide-11.8.0_1165/ide/plugins/com.nxp.mcuxpresso.tools.linux_11.8.0.202306131047/tools/bin/../lib/gcc/arm-none-eabi/12.2.1/../../../../arm-none-eabi/lib/thumb/v7-m/nofp/libcr_c.a(__weak__main.o)
                              ./src/cr_startup_lpc175x_6x.o (__main)
/usr/local/mcuxpressoide-11.8.0_1165/ide/plugins/com.nxp.mcuxpresso.tools.linux_11.8.0.202306131047/tools/bin/../lib/gcc/arm-none-eabi/12.2.1/thumb/v7-m/nofp/libcr_eabihelpers.a(division_64.o)
                              /home/santi/Documents/CMSIS_workspace/CMSISv2p00_LPC17xx/Debug/libCMSISv2p00_LPC17xx.a(system_LPC17xx.o) (__aeabi_ldivmod)
/usr/local/mcuxpressoide-11.8.0_1165/ide/plugins/com.nxp.mcuxpresso.tools.linux_11.8.0.202306131047/tools/bin/../lib/gcc/arm-none-eabi/12.2.1/thumb/v7-m/nofp/libcr_eabihelpers.a(division_idiv0.o)
                              /usr/local/mcuxpressoide-11.8.0_1165/ide/plugins/com.nxp.mcuxpresso.tools.linux_11.8.0.202306131047/tools/bin/../lib/gcc/arm-none-eabi/12.2.1/thumb/v7-m/nofp/libcr_eabihelpers.a(division_64.o) (__aeabi_idiv0)

Discarded input sections

 .group         0x0000000000000000        0xc ./src/TPFinal.o
 .group         0x0000000000000000        0xc ./src/TPFinal.o
 .group         0x0000000000000000        0xc ./src/TPFinal.o
 .group         0x0000000000000000        0xc ./src/TPFinal.o
 .group         0x0000000000000000        0xc ./src/TPFinal.o
 .group         0x0000000000000000        0xc ./src/TPFinal.o
 .group         0x0000000000000000        0xc ./src/TPFinal.o
 .group         0x0000000000000000        0xc ./src/TPFinal.o
 .group         0x0000000000000000        0xc ./src/TPFinal.o
 .group         0x0000000000000000        0xc ./src/TPFinal.o
 .group         0x0000000000000000        0xc ./src/TPFinal.o
 .group         0x0000000000000000        0xc ./src/TPFinal.o
 .group         0x0000000000000000        0xc ./src/TPFinal.o
 .group         0x0000000000000000        0xc ./src/TPFinal.o
 .group         0x0000000000000000        0xc ./src/TPFinal.o
 .group         0x0000000000000000        0xc ./src/TPFinal.o
 .text          0x0000000000000000        0x0 ./src/TPFinal.o
 .data          0x0000000000000000        0x0 ./src/TPFinal.o
 .bss           0x0000000000000000        0x0 ./src/TPFinal.o
 .bss.dac_pwm_sg90
                0x0000000000000000      0x7d0 ./src/TPFinal.o
 .text.pwm_servo_generator
                0x0000000000000000       0xe0 ./src/TPFinal.o
 .text.eint_config
                0x0000000000000000       0x48 ./src/TPFinal.o
 .text.dac_config_s90
                0x0000000000000000       0x54 ./src/TPFinal.o
 .text.confPin  0x0000000000000000       0x2a ./src/TPFinal.o
 .text.dma_config_sg90
                0x0000000000000000       0x68 ./src/TPFinal.o
 .bss.i.0       0x0000000000000000        0x4 ./src/TPFinal.o
 .group         0x0000000000000000        0xc ./src/cr_startup_lpc175x_6x.o
 .text          0x0000000000000000        0x0 ./src/cr_startup_lpc175x_6x.o
 .data          0x0000000000000000        0x0 ./src/cr_startup_lpc175x_6x.o
 .bss           0x0000000000000000        0x0 ./src/cr_startup_lpc175x_6x.o
 .debug_macro   0x0000000000000000      0xaba ./src/cr_startup_lpc175x_6x.o
 .group         0x0000000000000000        0xc ./src/crp.o
 .group         0x0000000000000000        0xc ./src/crp.o
 .text          0x0000000000000000        0x0 ./src/crp.o
 .data          0x0000000000000000        0x0 ./src/crp.o
[...]
Memory Configuration

Name             Origin             Length             Attributes
MFlash512        0x0000000000000000 0x0000000000080000 xr
RamLoc32         0x0000000010000000 0x0000000000008000 xrw
RamAHB32         0x000000002007c000 0x0000000000008000 xrw
*default*        0x0000000000000000 0xffffffffffffffff

Linker script and memory map

LOAD ./src/TPFinal.o
LOAD ./src/cr_startup_lpc175x_6x.o
LOAD ./src/crp.o
LOAD /home/santi/Documents/CMSIS_workspace/CMSISv2p00_LPC17xx/Debug/libCMSISv2p00_LPC17xx.a
START GROUP
LOAD /usr/local/mcuxpressoide-11.8.0_1165/ide/plugins/com.nxp.mcuxpresso.tools.linux_11.8.0.202306131047/tools/bin/../lib/gcc/arm-none-eabi/12.2.1/../../../../arm-none-eabi/lib/thumb/v7-m/nofp/libcr_c.a
LOAD /usr/local/mcuxpressoide-11.8.0_1165/ide/plugins/com.nxp.mcuxpresso.tools.linux_11.8.0.202306131047/tools/bin/../lib/gcc/arm-none-eabi/12.2.1/thumb/v7-m/nofp/libcr_eabihelpers.a
LOAD /usr/local/mcuxpressoide-11.8.0_1165/ide/plugins/com.nxp.mcuxpresso.tools.linux_11.8.0.202306131047/tools/bin/../lib/gcc/arm-none-eabi/12.2.1/thumb/v7-m/nofp/libgcc.a
END GROUP
                0x0000000000000000                __base_MFlash512 = 0x0
                0x0000000000000000                __base_Flash = 0x0
                0x0000000000080000                __top_MFlash512 = 0x80000
                0x0000000000080000                __top_Flash = 0x80000
                0x0000000010000000                __base_RamLoc32 = 0x10000000
                0x0000000010000000                __base_RAM = 0x10000000
                0x0000000010008000                __top_RamLoc32 = 0x10008000
                0x0000000010008000                __top_RAM = 0x10008000
                0x000000002007c000                __base_RamAHB32 = 0x2007c000
                0x000000002007c000                __base_RAM2 = 0x2007c000
                0x0000000020084000                __top_RamAHB32 = 0x20084000
                0x0000000020084000                __top_RAM2 = 0x20084000

.text           0x0000000000000000     0x11b0
 FILL mask 0xff
                0x0000000000000000                __vectors_start__ = ABSOLUTE (.)
 *(.isr_vector)
 .isr_vector    0x0000000000000000       0xcc ./src/cr_startup_lpc175x_6x.o
                0x0000000000000000                g_pfnVectors
                0x00000000000000cc                . = ALIGN (0x4)
                0x00000000000000cc                __section_table_start = .
                0x00000000000000cc                __data_section_table = .
                0x00000000000000cc        0x4 LONG 0x11b0 LOADADDR (.data)
                0x00000000000000d0        0x4 LONG 0x10000000 ADDR (.data)
                0x00000000000000d4        0x4 LONG 0x24 SIZEOF (.data)
                0x00000000000000d8        0x4 LONG 0x11b0 LOADADDR (.data_RAM2)
                0x00000000000000dc        0x4 LONG 0x2007c000 ADDR (.data_RAM2)
                0x00000000000000e0        0x4 LONG 0x0 SIZEOF (.data_RAM2)
                0x00000000000000e4                __data_section_table_end = .
                0x00000000000000e4                __bss_section_table = .
                0x00000000000000e4        0x4 LONG 0x10000024 ADDR (.bss)
                0x00000000000000e8        0x4 LONG 0x194 SIZEOF (.bss)
                0x00000000000000ec        0x4 LONG 0x2007c000 ADDR (.bss_RAM2)
                0x00000000000000f0        0x4 LONG 0x0 SIZEOF (.bss_RAM2)
                0x00000000000000f4                __bss_section_table_end = .
                0x00000000000000f4                __section_table_end = .
 *(.after_vectors*)
 .after_vectors
                0x00000000000000f4      0x148 ./src/cr_startup_lpc175x_6x.o
                0x00000000000000f4                data_init
                0x0000000000000138                bss_init
                0x0000000000000170                ResetISR
                0x00000000000001ec                NMI_Handler
                0x00000000000001f4                HardFault_Handler
                0x00000000000001fc                MemManage_Handler
                0x0000000000000204                BusFault_Handler
                0x000000000000020c                UsageFault_Handler
                0x0000000000000214                SVC_Handler
                0x000000000000021c                DebugMon_Handler
                0x0000000000000224                PendSV_Handler
                0x000000000000022c                SysTick_Handler
                0x0000000000000234                TIMER2_IRQHandler
                0x0000000000000234                RIT_IRQHandler
                0x0000000000000234                I2C0_IRQHandler
                0x0000000000000234                USBActivity_IRQHandler
                0x0000000000000234                PWM1_IRQHandler
                0x0000000000000234                I2C1_IRQHandler
                0x0000000000000234                EINT2_IRQHandler
                0x0000000000000234                UART1_IRQHandler
                0x0000000000000234                EINT3_IRQHandler
                0x0000000000000234                CANActivity_IRQHandler
                0x0000000000000234                TIMER3_IRQHandler
                0x0000000000000234                UART0_IRQHandler
                0x0000000000000234                IntDefaultHandler
                0x0000000000000234                PLL0_IRQHandler
                0x0000000000000234                CAN_IRQHandler
                0x0000000000000234                PLL1_IRQHandler
                0x0000000000000234                SSP0_IRQHandler
                0x0000000000000234                I2S_IRQHandler
                0x0000000000000234                I2C2_IRQHandler
                0x0000000000000234                RTC_IRQHandler
                0x0000000000000234                TIMER0_IRQHandler
                0x0000000000000234                SPI_IRQHandler
                0x0000000000000234                EINT1_IRQHandler
                0x0000000000000234                TIMER1_IRQHandler
                0x0000000000000234                UART2_IRQHandler
                0x0000000000000234                SSP1_IRQHandler
                0x0000000000000234                USB_IRQHandler
                0x0000000000000234                BOD_IRQHandler
                0x0000000000000234                WDT_IRQHandler
                0x0000000000000234                QEI_IRQHandler
                0x0000000000000234                DMA_IRQHandler
                0x0000000000000234                UART3_IRQHandler
                0x0000000000000234                MCPWM_IRQHandler
                0x0000000000000234                ENET_IRQHandler
                0x00000000000002fc                . = 0x2fc
 *fill*         0x000000000000023c       0xc0 ff
                0x00000000000002fc                PROVIDE (__CRP_WORD_START__ = .)
 *(.crp)
 .crp           0x00000000000002fc        0x4 ./src/crp.o
                0x00000000000002fc                CRP_WORD
                0x0000000000000300                PROVIDE (__CRP_WORD_END__ = .)
                0x0000000000000001                ASSERT (! ((__CRP_WORD_START__ == __CRP_WORD_END__)), Linker CRP Enabled, but no CRP_WORD provided within application)
 *(.text*)
 .text.NVIC_EnableIRQ
                0x0000000000000300       0x30 ./src/TPFinal.o
 .text.pwm_generator
                0x0000000000000330       0x4c ./src/TPFinal.o
                0x0000000000000330                pwm_generator
 .text.adc_config
                0x000000000000037c       0x60 ./src/TPFinal.o
                0x000000000000037c                adc_config
 .text.dac_config_buzzer
                0x00000000000003dc       0x58 ./src/TPFinal.o
                0x00000000000003dc                dac_config_buzzer
 .text.timer_config
                0x0000000000000434       0x74 ./src/TPFinal.o
                0x0000000000000434                timer_config
 .text.dma_config_buzzer
                0x00000000000004a8       0x68 ./src/TPFinal.o
                0x00000000000004a8                dma_config_buzzer
 .text.uart_config
                0x0000000000000510       0x60 ./src/TPFinal.o
                0x0000000000000510                uart_config
 .text.EINT0_IRQHandler
                0x0000000000000570       0x48 ./src/TPFinal.o
                0x0000000000000570                EINT0_IRQHandler
 .text.ADC_IRQHandler
                0x00000000000005b8       0x70 ./src/TPFinal.o
                0x00000000000005b8                ADC_IRQHandler
 .text.main     0x0000000000000628       0x1a ./src/TPFinal.o
                0x0000000000000628                main
 *fill*         0x0000000000000642        0x2 ff
 .text.SystemInit
                0x0000000000000644       0xd8 /home/santi/Documents/CMSIS_workspace/CMSISv2p00_LPC17xx/Debug/libCMSISv2p00_LPC17xx.a(system_LPC17xx.o)
                0x0000000000000644                SystemInit
 .text.ADC_Init
                0x000000000000071c       0x58 /home/santi/Documents/CMSIS_workspace/CMSISv2p00_LPC17xx/Debug/libCMSISv2p00_LPC17xx.a(lpc17xx_adc.o)
                0x000000000000071c                ADC_Init
 .text.ADC_StartCmd
                0x0000000000000774       0x3c /home/santi/Documents/CMSIS_workspace/CMSISv2p00_LPC17xx/Debug/libCMSISv2p00_LPC17xx.a(lpc17xx_adc.o)
                0x0000000000000774                ADC_StartCmd
 .text.ADC_PowerdownCmd
                0x00000000000007b0       0x30 /home/santi/Documents/CMSIS_workspace/CMSISv2p00_LPC17xx/Debug/libCMSISv2p00_LPC17xx.a(lpc17xx_adc.o)
                0x00000000000007b0                ADC_PowerdownCmd
 .text.ADC_EdgeStartConfig
                0x00000000000007e0       0x48 /home/santi/Documents/CMSIS_workspace/CMSISv2p00_LPC17xx/Debug/libCMSISv2p00_LPC17xx.a(lpc17xx_adc.o)
                0x00000000000007e0                ADC_EdgeStartConfig
 .text.ADC_IntConfig
                0x0000000000000828       0x44 /home/santi/Documents/CMSIS_workspace/CMSISv2p00_LPC17xx/Debug/libCMSISv2p00_LPC17xx.a(lpc17xx_adc.o)
                0x0000000000000828                ADC_IntConfig
 .text.ADC_ChannelCmd
                0x000000000000086c       0x34 /home/santi/Documents/CMSIS_workspace/CMSISv2p00_LPC17xx/Debug/libCMSISv2p00_LPC17xx.a(lpc17xx_adc.o)
                0x000000000000086c                ADC_ChannelCmd
 .text.CLKPWR_GetPCLKSEL
                0x00000000000008a0       0x20 /home/santi/Documents/CMSIS_workspace/CMSISv2p00_LPC17xx/Debug/libCMSISv2p00_LPC17xx.a(lpc17xx_clkpwr.o)
                0x00000000000008a0                CLKPWR_GetPCLKSEL
 .text.CLKPWR_GetPCLK
                0x00000000000008c0       0x20 /home/santi/Documents/CMSIS_workspace/CMSISv2p00_LPC17xx/Debug/libCMSISv2p00_LPC17xx.a(lpc17xx_clkpwr.o)
                0x00000000000008c0                CLKPWR_GetPCLK
 .text.CLKPWR_ConfigPPWR
                0x00000000000008e0       0x34 /home/santi/Documents/CMSIS_workspace/CMSISv2p00_LPC17xx/Debug/libCMSISv2p00_LPC17xx.a(lpc17xx_clkpwr.o)
                0x00000000000008e0                CLKPWR_ConfigPPWR
 .text.DAC_Init
                0x0000000000000914       0x24 /home/santi/Documents/CMSIS_workspace/CMSISv2p00_LPC17xx/Debug/libCMSISv2p00_LPC17xx.a(lpc17xx_dac.o)
                0x0000000000000914                DAC_Init
 .text.DAC_ConfigDAConverterControl
                0x0000000000000938       0x4c /home/santi/Documents/CMSIS_workspace/CMSISv2p00_LPC17xx/Debug/libCMSISv2p00_LPC17xx.a(lpc17xx_dac.o)
                0x0000000000000938                DAC_ConfigDAConverterControl
 .text.DAC_SetDMATimeOut
                0x0000000000000984       0x24 /home/santi/Documents/CMSIS_workspace/CMSISv2p00_LPC17xx/Debug/libCMSISv2p00_LPC17xx.a(lpc17xx_dac.o)
                0x0000000000000984                DAC_SetDMATimeOut
 .text.GPDMA_Init
                0x00000000000009a8       0x38 /home/santi/Documents/CMSIS_workspace/CMSISv2p00_LPC17xx/Debug/libCMSISv2p00_LPC17xx.a(lpc17xx_gpdma.o)
                0x00000000000009a8                GPDMA_Init
 .text.GPDMA_Setup
                0x00000000000009e0      0x1d4 /home/santi/Documents/CMSIS_workspace/CMSISv2p00_LPC17xx/Debug/libCMSISv2p00_LPC17xx.a(lpc17xx_gpdma.o)
                0x00000000000009e0                GPDMA_Setup
 .text.GPDMA_ChannelCmd
                0x0000000000000bb4       0x1c /home/santi/Documents/CMSIS_workspace/CMSISv2p00_LPC17xx/Debug/libCMSISv2p00_LPC17xx.a(lpc17xx_gpdma.o)
                0x0000000000000bb4                GPDMA_ChannelCmd
 .text.check_failed
                0x0000000000000bd0        0x2 /home/santi/Documents/CMSIS_workspace/CMSISv2p00_LPC17xx/Debug/libCMSISv2p00_LPC17xx.a(lpc17xx_libcfg_default.o)
                0x0000000000000bd0                check_failed
 *fill*         0x0000000000000bd2        0x2 ff
 .text.PINSEL_ConfigPin
                0x0000000000000bd4       0x7c /home/santi/Documents/CMSIS_workspace/CMSISv2p00_LPC17xx/Debug/libCMSISv2p00_LPC17xx.a(lpc17xx_pinsel.o)
                0x0000000000000bd4                PINSEL_ConfigPin
 .text.UART_Init
                0x0000000000000c50      0x28c /home/santi/Documents/CMSIS_workspace/CMSISv2p00_LPC17xx/Debug/libCMSISv2p00_LPC17xx.a(lpc17xx_uart.o)
                0x0000000000000c50                UART_Init
 .text.UART_ConfigStructInit
                0x0000000000000edc       0x12 /home/santi/Documents/CMSIS_workspace/CMSISv2p00_LPC17xx/Debug/libCMSISv2p00_LPC17xx.a(lpc17xx_uart.o)
                0x0000000000000edc                UART_ConfigStructInit
 *fill*         0x0000000000000eee        0x2 ff
 .text.UART_SendByte
                0x0000000000000ef0       0x40 /home/santi/Documents/CMSIS_workspace/CMSISv2p00_LPC17xx/Debug/libCMSISv2p00_LPC17xx.a(lpc17xx_uart.o)
                0x0000000000000ef0                UART_SendByte
 .text.UART_Send
                0x0000000000000f30       0x7e /home/santi/Documents/CMSIS_workspace/CMSISv2p00_LPC17xx/Debug/libCMSISv2p00_LPC17xx.a(lpc17xx_uart.o)
                0x0000000000000f30                UART_Send
 *fill*         0x0000000000000fae        0x2 ff
 .text.UART_FIFOConfig
                0x0000000000000fb0       0xa8 /home/santi/Documents/CMSIS_workspace/CMSISv2p00_LPC17xx/Debug/libCMSISv2p00_LPC17xx.a(lpc17xx_uart.o)
                0x0000000000000fb0                UART_FIFOConfig
 .text.UART_FIFOConfigStructInit
                0x0000000000001058        0xe /home/santi/Documents/CMSIS_workspace/CMSISv2p00_LPC17xx/Debug/libCMSISv2p00_LPC17xx.a(lpc17xx_uart.o)
                0x0000000000001058                UART_FIFOConfigStructInit
 *fill*         0x0000000000001066        0x2 ff
 .text.UART_TxCmd
                0x0000000000001068       0x84 /home/santi/Documents/CMSIS_workspace/CMSISv2p00_LPC17xx/Debug/libCMSISv2p00_LPC17xx.a(lpc17xx_uart.o)
                0x0000000000001068                UART_TxCmd
 .text.__weak_main
                0x00000000000010ec        0x4 /usr/local/mcuxpressoide-11.8.0_1165/ide/plugins/com.nxp.mcuxpresso.tools.linux_11.8.0.202306131047/tools/bin/../lib/gcc/arm-none-eabi/12.2.1/../../../../arm-none-eabi/lib/thumb/v7-m/nofp/libcr_c.a(__weak__main.o)
                0x00000000000010ec                __main
                0x00000000000010ec                __weak_main
 *(.rodata .rodata.* .constdata .constdata.*)
 .rodata.ADC_Init.str1.1
                0x00000000000010f0        0xe /home/santi/Documents/CMSIS_workspace/CMSISv2p00_LPC17xx/Debug/libCMSISv2p00_LPC17xx.a(lpc17xx_adc.o)
 .rodata.CSWTCH.5
                0x00000000000010fe        0x4 /home/santi/Documents/CMSIS_workspace/CMSISv2p00_LPC17xx/Debug/libCMSISv2p00_LPC17xx.a(lpc17xx_clkpwr.o)
 .rodata.DAC_Init.str1.1
                0x0000000000001102        0xe /home/santi/Documents/CMSIS_workspace/CMSISv2p00_LPC17xx/Debug/libCMSISv2p00_LPC17xx.a(lpc17xx_dac.o)
 .rodata.GPDMA_LUTPerWid
                0x0000000000001110       0x18 /home/santi/Documents/CMSIS_workspace/CMSISv2p00_LPC17xx/Debug/libCMSISv2p00_LPC17xx.a(lpc17xx_gpdma.o)
                0x0000000000001110                GPDMA_LUTPerWid
 .rodata.GPDMA_LUTPerBurst
                0x0000000000001128       0x18 /home/santi/Documents/CMSIS_workspace/CMSISv2p00_LPC17xx/Debug/libCMSISv2p00_LPC17xx.a(lpc17xx_gpdma.o)
                0x0000000000001128                GPDMA_LUTPerBurst
 .rodata.GPDMA_LUTPerAddr
                0x0000000000001140       0x60 /home/santi/Documents/CMSIS_workspace/CMSISv2p00_LPC17xx/Debug/libCMSISv2p00_LPC17xx.a(lpc17xx_gpdma.o)
                0x0000000000001140                GPDMA_LUTPerAddr
 .rodata.UART_Init.str1.1
                0x00000000000011a0        0xf /home/santi/Documents/CMSIS_workspace/CMSISv2p00_LPC17xx/Debug/libCMSISv2p00_LPC17xx.a(lpc17xx_uart.o)
                0x00000000000011b0                . = ALIGN (0x4)
 *fill*         0x00000000000011af        0x1 ff

.glue_7         0x00000000000011b0        0x0
 .glue_7        0x00000000000011b0        0x0 linker stubs

.glue_7t        0x00000000000011b0        0x0
 .glue_7t       0x00000000000011b0        0x0 linker stubs

.vfp11_veneer   0x00000000000011b0        0x0
 .vfp11_veneer  0x00000000000011b0        0x0 linker stubs

.v4_bx          0x00000000000011b0        0x0
 .v4_bx         0x00000000000011b0        0x0 linker stubs

.iplt           0x00000000000011b0        0x0
 .iplt          0x00000000000011b0        0x0 ./src/TPFinal.o

.rel.dyn        0x00000000000011b0        0x0
 .rel.iplt      0x00000000000011b0        0x0 ./src/TPFinal.o

.ARM.extab
 *(.ARM.extab* .gnu.linkonce.armextab.*)

.ARM.exidx      0x00000000000011b0        0x0
                0x00000000000011b0                __exidx_start = .
 *(.ARM.exidx* .gnu.linkonce.armexidx.*)
                0x00000000000011b0                __exidx_end = .
                0x00000000000011b0                _etext = .

.data_RAM2      0x000000002007c000        0x0 load address 0x00000000000011b0
 FILL mask 0xff
                [!provide]                        PROVIDE (__start_data_RAM2 = .)
                [!provide]                        PROVIDE (__start_data_RamAHB32 = .)
 *(.ramfunc.$RAM2)
 *(.ramfunc.$RamAHB32)
 *(.data.$RAM2)
 *(.data.$RamAHB32)
 *(.data.$RAM2.*)
 *(.data.$RamAHB32.*)
                0x000000002007c000                . = ALIGN (0x4)
                [!provide]                        PROVIDE (__end_data_RAM2 = .)
                [!provide]                        PROVIDE (__end_data_RamAHB32 = .)

.uninit_RESERVED
                0x0000000010000000        0x0
                0x0000000010000000                _start_uninit_RESERVED = .
 *(.bss.$RESERVED*)
                0x0000000010000000                . = ALIGN (0x4)
                0x0000000010000000                _end_uninit_RESERVED = .

.data           0x0000000010000000       0x24 load address 0x00000000000011b0
 FILL mask 0xff
                0x0000000010000000                _data = .
                [!provide]                        PROVIDE (__start_data_RAM = .)
                [!provide]                        PROVIDE (__start_data_RamLoc32 = .)
 *(vtable)
 *(.ramfunc*)
 *(CodeQuickAccess)
 *(DataQuickAccess)
 *(RamFunction)
 *(.data*)
 .data.SystemCoreClock
                0x0000000010000000        0x4 /home/santi/Documents/CMSIS_workspace/CMSISv2p00_LPC17xx/Debug/libCMSISv2p00_LPC17xx.a(system_LPC17xx.o)
                0x0000000010000000                SystemCoreClock
 .data.pGPDMACh
                0x0000000010000004       0x20 /home/santi/Documents/CMSIS_workspace/CMSISv2p00_LPC17xx/Debug/libCMSISv2p00_LPC17xx.a(lpc17xx_gpdma.o)
                0x0000000010000004                pGPDMACh
                0x0000000010000024                . = ALIGN (0x4)
                0x0000000010000024                _edata = .
                [!provide]                        PROVIDE (__end_data_RAM = .)
                [!provide]                        PROVIDE (__end_data_RamLoc32 = .)

.igot.plt       0x0000000010000024        0x0 load address 0x00000000000011d4
 .igot.plt      0x0000000010000024        0x0 ./src/TPFinal.o

.bss_RAM2       0x000000002007c000        0x0
                [!provide]                        PROVIDE (__start_bss_RAM2 = .)
                [!provide]                        PROVIDE (__start_bss_RamAHB32 = .)
 *(.bss.$RAM2)
 *(.bss.$RamAHB32)
 *(.bss.$RAM2.*)
 *(.bss.$RamAHB32.*)
                0x000000002007c000                . = ALIGN ((. != 0x0)?0x4:0x1)
                [!provide]                        PROVIDE (__end_bss_RAM2 = .)
                [!provide]                        PROVIDE (__end_bss_RamAHB32 = .)

.bss            0x0000000010000024      0x194
                0x0000000010000024                _bss = .
                [!provide]                        PROVIDE (__start_bss_RAM = .)
                [!provide]                        PROVIDE (__start_bss_RamLoc32 = .)
 *(.bss*)
 .bss.dac_pwm   0x0000000010000024      0x190 ./src/TPFinal.o
                0x0000000010000024                dac_pwm
 .bss.mode.1    0x00000000100001b4        0x2 ./src/TPFinal.o
 *(COMMON)
                0x00000000100001b8                . = ALIGN (0x4)
 *fill*         0x00000000100001b6        0x2 
                0x00000000100001b8                _ebss = .
                [!provide]                        PROVIDE (__end_bss_RAM = .)
                [!provide]                        PROVIDE (__end_bss_RamLoc32 = .)
                [!provide]                        PROVIDE (end = .)

.noinit_RAM2    0x000000002007c000        0x0
                [!provide]                        PROVIDE (__start_noinit_RAM2 = .)
                [!provide]                        PROVIDE (__start_noinit_RamAHB32 = .)
 *(.noinit.$RAM2)
 *(.noinit.$RamAHB32)
 *(.noinit.$RAM2.*)
 *(.noinit.$RamAHB32.*)
                0x000000002007c000                . = ALIGN (0x4)
                [!provide]                        PROVIDE (__end_noinit_RAM2 = .)
                [!provide]                        PROVIDE (__end_noinit_RamAHB32 = .)

.noinit         0x00000000100001b8        0x0
                0x00000000100001b8                _noinit = .
                [!provide]                        PROVIDE (__start_noinit_RAM = .)
                [!provide]                        PROVIDE (__start_noinit_RamLoc32 = .)
 *(.noinit*)
                0x00000000100001b8                . = ALIGN (0x4)
                0x00000000100001b8                _end_noinit = .
                [!provide]                        PROVIDE (__end_noinit_RAM = .)
                [!provide]                        PROVIDE (__end_noinit_RamLoc32 = .)
                [!provide]                        PROVIDE (_pvHeapStart = DEFINED (__user_heap_base)?__user_heap_base:.)
                0x0000000010008000                PROVIDE (_vStackTop = DEFINED (__user_stack_top)?__user_stack_top:(__top_RamLoc32 - 0x0))
                0xffffffffefff749e                PROVIDE (__valid_user_code_checksum = (0x0 - ((((((_vStackTop + (ResetISR + 0x1)) + (NMI_Handler + 0x1)) + (HardFault_Handler + 0x1)) + (DEFINED (MemManage_Handler)?MemManage_Handler:0x0 + 0x1)) + (DEFINED (BusFault_Handler)?BusFault_Handler:0x0 + 0x1)) + (DEFINED (UsageFault_Handler)?UsageFault_Handler:0x0 + 0x1))))
                0x0000000000000000                _image_start = LOADADDR (.text)
                0x00000000000011d4                _image_end = (LOADADDR (.data) + SIZEOF (.data))
                0x00000000000011d4                _image_size = (_image_end - _image_start)
OUTPUT(TPFinal.axf elf32-littlearm)
LOAD linker stubs

.debug_info     0x0000000000000000     0x5e61
 .debug_info    0x0000000000000000     0x1310 ./src/TPFinal.o
 .debug_info    0x0000000000001310      0x278 ./src/cr_startup_lpc175x_6x.o
 .debug_info    0x0000000000001588       0x41 ./src/crp.o
 .debug_info    0x00000000000015c9      0x302 /home/santi/Documents/CMSIS_workspace/CMSISv2p00_LPC17xx/Debug/libCMSISv2p00_LPC17xx.a(system_LPC17xx.o)
 .debug_info    0x00000000000018cb      0x8ae /home/santi/Documents/CMSIS_workspace/CMSISv2p00_LPC17xx/Debug/libCMSISv2p00_LPC17xx.a(lpc17xx_adc.o)
 .debug_info    0x0000000000002179      0x64b /home/santi/Documents/CMSIS_workspace/CMSISv2p00_LPC17xx/Debug/libCMSISv2p00_LPC17xx.a(lpc17xx_clkpwr.o)
 .debug_info    0x00000000000027c4      0x37e /home/santi/Documents/CMSIS_workspace/CMSISv2p00_LPC17xx/Debug/libCMSISv2p00_LPC17xx.a(lpc17xx_dac.o)
 .debug_info    0x0000000000002b42     0x1063 /home/santi/Documents/CMSIS_workspace/CMSISv2p00_LPC17xx/Debug/libCMSISv2p00_LPC17xx.a(lpc17xx_gpdma.o)
 .debug_info    0x0000000000003ba5       0xcf /home/santi/Documents/CMSIS_workspace/CMSISv2p00_LPC17xx/Debug/libCMSISv2p00_LPC17xx.a(lpc17xx_libcfg_default.o)
 .debug_info    0x0000000000003c74      0x518 /home/santi/Documents/CMSIS_workspace/CMSISv2p00_LPC17xx/Debug/libCMSISv2p00_LPC17xx.a(lpc17xx_pinsel.o)
 .debug_info    0x000000000000418c     0x1cd5 /home/santi/Documents/CMSIS_workspace/CMSISv2p00_LPC17xx/Debug/libCMSISv2p00_LPC17xx.a(lpc17xx_uart.o)

.debug_abbrev   0x0000000000000000     0x1417
 .debug_abbrev  0x0000000000000000      0x37f ./src/TPFinal.o
 .debug_abbrev  0x000000000000037f      0x152 ./src/cr_startup_lpc175x_6x.o
 .debug_abbrev  0x00000000000004d1       0x37 ./src/crp.o
 .debug_abbrev  0x0000000000000508      0x10d /home/santi/Documents/CMSIS_workspace/CMSISv2p00_LPC17xx/Debug/libCMSISv2p00_LPC17xx.a(system_LPC17xx.o)
 .debug_abbrev  0x0000000000000615      0x1f9 /home/santi/Documents/CMSIS_workspace/CMSISv2p00_LPC17xx/Debug/libCMSISv2p00_LPC17xx.a(lpc17xx_adc.o)
 .debug_abbrev  0x000000000000080e      0x208 /home/santi/Documents/CMSIS_workspace/CMSISv2p00_LPC17xx/Debug/libCMSISv2p00_LPC17xx.a(lpc17xx_clkpwr.o)
 .debug_abbrev  0x0000000000000a16      0x1a5 /home/santi/Documents/CMSIS_workspace/CMSISv2p00_LPC17xx/Debug/libCMSISv2p00_LPC17xx.a(lpc17xx_dac.o)
 .debug_abbrev  0x0000000000000bbb      0x2a2 /home/santi/Documents/CMSIS_workspace/CMSISv2p00_LPC17xx/Debug/libCMSISv2p00_LPC17xx.a(lpc17xx_gpdma.o)
 .debug_abbrev  0x0000000000000e5d       0x76 /home/santi/Documents/CMSIS_workspace/CMSISv2p00_LPC17xx/Debug/libCMSISv2p00_LPC17xx.a(lpc17xx_libcfg_default.o)
 .debug_abbrev  0x0000000000000ed3      0x1ac /home/santi/Documents/CMSIS_workspace/CMSISv2p00_LPC17xx/Debug/libCMSISv2p00_LPC17xx.a(lpc17xx_pinsel.o)
 .debug_abbrev  0x000000000000107f      0x398 /home/santi/Documents/CMSIS_workspace/CMSISv2p00_LPC17xx/Debug/libCMSISv2p00_LPC17xx.a(lpc17xx_uart.o)

.debug_aranges  0x0000000000000000      0x3f0
 .debug_aranges
                0x0000000000000000       0x90 ./src/TPFinal.o
 .debug_aranges
                0x0000000000000090       0x80 ./src/cr_startup_lpc175x_6x.o
 .debug_aranges
                0x0000000000000110       0x18 ./src/crp.o
 .debug_aranges
                0x0000000000000128       0x28 /home/santi/Documents/CMSIS_workspace/CMSISv2p00_LPC17xx/Debug/libCMSISv2p00_LPC17xx.a(system_LPC17xx.o)
 .debug_aranges
                0x0000000000000150       0x80 /home/santi/Documents/CMSIS_workspace/CMSISv2p00_LPC17xx/Debug/libCMSISv2p00_LPC17xx.a(lpc17xx_adc.o)
 .debug_aranges
                0x00000000000001d0       0x58 /home/santi/Documents/CMSIS_workspace/CMSISv2p00_LPC17xx/Debug/libCMSISv2p00_LPC17xx.a(lpc17xx_clkpwr.o)
 .debug_aranges
                0x0000000000000228       0x40 /home/santi/Documents/CMSIS_workspace/CMSISv2p00_LPC17xx/Debug/libCMSISv2p00_LPC17xx.a(lpc17xx_dac.o)
 .debug_aranges
                0x0000000000000268       0x40 /home/santi/Documents/CMSIS_workspace/CMSISv2p00_LPC17xx/Debug/libCMSISv2p00_LPC17xx.a(lpc17xx_gpdma.o)
 .debug_aranges
                0x00000000000002a8       0x20 /home/santi/Documents/CMSIS_workspace/CMSISv2p00_LPC17xx/Debug/libCMSISv2p00_LPC17xx.a(lpc17xx_libcfg_default.o)
 .debug_aranges
                0x00000000000002c8       0x30 /home/santi/Documents/CMSIS_workspace/CMSISv2p00_LPC17xx/Debug/libCMSISv2p00_LPC17xx.a(lpc17xx_pinsel.o)
 .debug_aranges
                0x00000000000002f8       0xf8 /home/santi/Documents/CMSIS_workspace/CMSISv2p00_LPC17xx/Debug/libCMSISv2p00_LPC17xx.a(lpc17xx_uart.o)

.debug_rnglists
                0x0000000000000000      0x329
 .debug_rnglists
                0x0000000000000000       0x74 ./src/TPFinal.o
 .debug_rnglists
                0x0000000000000074       0x5b ./src/cr_startup_lpc175x_6x.o
 .debug_rnglists
                0x00000000000000cf       0x1b /home/santi/Documents/CMSIS_workspace/CMSISv2p00_LPC17xx/Debug/libCMSISv2p00_LPC17xx.a(system_LPC17xx.o)
 .debug_rnglists
                0x00000000000000ea       0x5b /home/santi/Documents/CMSIS_workspace/CMSISv2p00_LPC17xx/Debug/libCMSISv2p00_LPC17xx.a(lpc17xx_adc.o)
 .debug_rnglists
                0x0000000000000145       0x3d /home/santi/Documents/CMSIS_workspace/CMSISv2p00_LPC17xx/Debug/libCMSISv2p00_LPC17xx.a(lpc17xx_clkpwr.o)
 .debug_rnglists
                0x0000000000000182       0x37 /home/santi/Documents/CMSIS_workspace/CMSISv2p00_LPC17xx/Debug/libCMSISv2p00_LPC17xx.a(lpc17xx_dac.o)
 .debug_rnglists
                0x00000000000001b9       0x2c /home/santi/Documents/CMSIS_workspace/CMSISv2p00_LPC17xx/Debug/libCMSISv2p00_LPC17xx.a(lpc17xx_gpdma.o)
 .debug_rnglists
                0x00000000000001e5       0x13 /home/santi/Documents/CMSIS_workspace/CMSISv2p00_LPC17xx/Debug/libCMSISv2p00_LPC17xx.a(lpc17xx_libcfg_default.o)
 .debug_rnglists
                0x00000000000001f8       0x4c /home/santi/Documents/CMSIS_workspace/CMSISv2p00_LPC17xx/Debug/libCMSISv2p00_LPC17xx.a(lpc17xx_pinsel.o)
 .debug_rnglists
                0x0000000000000244       0xe5 /home/santi/Documents/CMSIS_workspace/CMSISv2p00_LPC17xx/Debug/libCMSISv2p00_LPC17xx.a(lpc17xx_uart.o)

.debug_macro    0x0000000000000000     0x4445
 .debug_macro   0x0000000000000000       0xd2 ./src/TPFinal.o
 .debug_macro   0x00000000000000d2      0xaba ./src/TPFinal.o
 .debug_macro   0x0000000000000b8c       0x1c ./src/TPFinal.o
 .debug_macro   0x0000000000000ba8       0x2e ./src/TPFinal.o
 .debug_macro   0x0000000000000bd6       0x10 ./src/TPFinal.o
 .debug_macro   0x0000000000000be6      0x12e ./src/TPFinal.o
 .debug_macro   0x0000000000000d14      0x5b3 ./src/TPFinal.o
 .debug_macro   0x00000000000012c7       0x18 ./src/TPFinal.o
 .debug_macro   0x00000000000012df      0x7af ./src/TPFinal.o
 .debug_macro   0x0000000000001a8e      0x2c7 ./src/TPFinal.o
 .debug_macro   0x0000000000001d55       0x63 ./src/TPFinal.o
 .debug_macro   0x0000000000001db8      0x2a8 ./src/TPFinal.o
 .debug_macro   0x0000000000002060       0xeb ./src/TPFinal.o
 .debug_macro   0x000000000000214b       0x40 ./src/TPFinal.o
 .debug_macro   0x000000000000218b      0x33a ./src/TPFinal.o
 .debug_macro   0x00000000000024c5      0x145 ./src/TPFinal.o
 .debug_macro   0x000000000000260a       0x82 ./src/TPFinal.o
 .debug_macro   0x000000000000268c       0x1d ./src/cr_startup_lpc175x_6x.o
 .debug_macro   0x00000000000026a9       0x1a ./src/crp.o
 .debug_macro   0x00000000000026c3       0x34 ./src/crp.o
 .debug_macro   0x00000000000026f7      0x12b /home/santi/Documents/CMSIS_workspace/CMSISv2p00_LPC17xx/Debug/libCMSISv2p00_LPC17xx.a(system_LPC17xx.o)
 .debug_macro   0x0000000000002822      0xab4 /home/santi/Documents/CMSIS_workspace/CMSISv2p00_LPC17xx/Debug/libCMSISv2p00_LPC17xx.a(system_LPC17xx.o)
 .debug_macro   0x00000000000032d6       0x9f /home/santi/Documents/CMSIS_workspace/CMSISv2p00_LPC17xx/Debug/libCMSISv2p00_LPC17xx.a(lpc17xx_adc.o)
 .debug_macro   0x0000000000003375       0xe5 /home/santi/Documents/CMSIS_workspace/CMSISv2p00_LPC17xx/Debug/libCMSISv2p00_LPC17xx.a(lpc17xx_adc.o)
 .debug_macro   0x000000000000345a      0x2f7 /home/santi/Documents/CMSIS_workspace/CMSISv2p00_LPC17xx/Debug/libCMSISv2p00_LPC17xx.a(lpc17xx_adc.o)
 .debug_macro   0x0000000000003751       0xd7 /home/santi/Documents/CMSIS_workspace/CMSISv2p00_LPC17xx/Debug/libCMSISv2p00_LPC17xx.a(lpc17xx_adc.o)
 .debug_macro   0x0000000000003828       0x8d /home/santi/Documents/CMSIS_workspace/CMSISv2p00_LPC17xx/Debug/libCMSISv2p00_LPC17xx.a(lpc17xx_clkpwr.o)
 .debug_macro   0x00000000000038b5      0x2f1 /home/santi/Documents/CMSIS_workspace/CMSISv2p00_LPC17xx/Debug/libCMSISv2p00_LPC17xx.a(lpc17xx_clkpwr.o)
 .debug_macro   0x0000000000003ba6       0x9f /home/santi/Documents/CMSIS_workspace/CMSISv2p00_LPC17xx/Debug/libCMSISv2p00_LPC17xx.a(lpc17xx_dac.o)
 .debug_macro   0x0000000000003c45       0x3a /home/santi/Documents/CMSIS_workspace/CMSISv2p00_LPC17xx/Debug/libCMSISv2p00_LPC17xx.a(lpc17xx_dac.o)
 .debug_macro   0x0000000000003c7f       0x9f /home/santi/Documents/CMSIS_workspace/CMSISv2p00_LPC17xx/Debug/libCMSISv2p00_LPC17xx.a(lpc17xx_gpdma.o)
 .debug_macro   0x0000000000003d1e       0x5a /home/santi/Documents/CMSIS_workspace/CMSISv2p00_LPC17xx/Debug/libCMSISv2p00_LPC17xx.a(lpc17xx_libcfg_default.o)
 .debug_macro   0x0000000000003d78       0x5d /home/santi/Documents/CMSIS_workspace/CMSISv2p00_LPC17xx/Debug/libCMSISv2p00_LPC17xx.a(lpc17xx_libcfg_default.o)
 .debug_macro   0x0000000000003dd5       0xd1 /home/santi/Documents/CMSIS_workspace/CMSISv2p00_LPC17xx/Debug/libCMSISv2p00_LPC17xx.a(lpc17xx_libcfg_default.o)
 .debug_macro   0x0000000000003ea6       0x8d /home/santi/Documents/CMSIS_workspace/CMSISv2p00_LPC17xx/Debug/libCMSISv2p00_LPC17xx.a(lpc17xx_pinsel.o)
 .debug_macro   0x0000000000003f33      0x13f /home/santi/Documents/CMSIS_workspace/CMSISv2p00_LPC17xx/Debug/libCMSISv2p00_LPC17xx.a(lpc17xx_pinsel.o)
 .debug_macro   0x0000000000004072       0x9f /home/santi/Documents/CMSIS_workspace/CMSISv2p00_LPC17xx/Debug/libCMSISv2p00_LPC17xx.a(lpc17xx_uart.o)
 .debug_macro   0x0000000000004111      0x334 /home/santi/Documents/CMSIS_workspace/CMSISv2p00_LPC17xx/Debug/libCMSISv2p00_LPC17xx.a(lpc17xx_uart.o)

.debug_line     0x0000000000000000     0x3b07
 .debug_line    0x0000000000000000      0x68c ./src/TPFinal.o
 .debug_line    0x000000000000068c      0x162 ./src/cr_startup_lpc175x_6x.o
 .debug_line    0x00000000000007ee       0xb5 ./src/crp.o
 .debug_line    0x00000000000008a3      0x412 /home/santi/Documents/CMSIS_workspace/CMSISv2p00_LPC17xx/Debug/libCMSISv2p00_LPC17xx.a(system_LPC17xx.o)
 .debug_line    0x0000000000000cb5      0x6fa /home/santi/Documents/CMSIS_workspace/CMSISv2p00_LPC17xx/Debug/libCMSISv2p00_LPC17xx.a(lpc17xx_adc.o)
 .debug_line    0x00000000000013af      0x468 /home/santi/Documents/CMSIS_workspace/CMSISv2p00_LPC17xx/Debug/libCMSISv2p00_LPC17xx.a(lpc17xx_clkpwr.o)
 .debug_line    0x0000000000001817      0x428 /home/santi/Documents/CMSIS_workspace/CMSISv2p00_LPC17xx/Debug/libCMSISv2p00_LPC17xx.a(lpc17xx_dac.o)
 .debug_line    0x0000000000001c3f      0x645 /home/santi/Documents/CMSIS_workspace/CMSISv2p00_LPC17xx/Debug/libCMSISv2p00_LPC17xx.a(lpc17xx_gpdma.o)
 .debug_line    0x0000000000002284      0x20f /home/santi/Documents/CMSIS_workspace/CMSISv2p00_LPC17xx/Debug/libCMSISv2p00_LPC17xx.a(lpc17xx_libcfg_default.o)
 .debug_line    0x0000000000002493      0x382 /home/santi/Documents/CMSIS_workspace/CMSISv2p00_LPC17xx/Debug/libCMSISv2p00_LPC17xx.a(lpc17xx_pinsel.o)
 .debug_line    0x0000000000002815     0x12f2 /home/santi/Documents/CMSIS_workspace/CMSISv2p00_LPC17xx/Debug/libCMSISv2p00_LPC17xx.a(lpc17xx_uart.o)

.debug_str      0x0000000000000000     0xf84d
 .debug_str     0x0000000000000000     0xce5a ./src/TPFinal.o
                                       0xcf07 (size before relaxing)
 .debug_str     0x000000000000ce5a      0x1fa ./src/cr_startup_lpc175x_6x.o
                                       0x2fff (size before relaxing)
 .debug_str     0x000000000000d054       0xe9 ./src/crp.o
                                       0x2ee8 (size before relaxing)
 .debug_str     0x000000000000d13d      0x418 /home/santi/Documents/CMSIS_workspace/CMSISv2p00_LPC17xx/Debug/libCMSISv2p00_LPC17xx.a(system_LPC17xx.o)
                                       0x89ac (size before relaxing)
 .debug_str     0x000000000000d555     0x15c3 /home/santi/Documents/CMSIS_workspace/CMSISv2p00_LPC17xx/Debug/libCMSISv2p00_LPC17xx.a(lpc17xx_adc.o)
                                       0xa58c (size before relaxing)
 .debug_str     0x000000000000eb18      0x100 /home/santi/Documents/CMSIS_workspace/CMSISv2p00_LPC17xx/Debug/libCMSISv2p00_LPC17xx.a(lpc17xx_clkpwr.o)
                                       0x9ba6 (size before relaxing)
 .debug_str     0x000000000000ec18       0x82 /home/santi/Documents/CMSIS_workspace/CMSISv2p00_LPC17xx/Debug/libCMSISv2p00_LPC17xx.a(lpc17xx_dac.o)
                                       0x9d4f (size before relaxing)
 .debug_str     0x000000000000ec9a      0x3bc /home/santi/Documents/CMSIS_workspace/CMSISv2p00_LPC17xx/Debug/libCMSISv2p00_LPC17xx.a(lpc17xx_gpdma.o)
                                       0xb3f0 (size before relaxing)
 .debug_str     0x000000000000f056       0x2d /home/santi/Documents/CMSIS_workspace/CMSISv2p00_LPC17xx/Debug/libCMSISv2p00_LPC17xx.a(lpc17xx_libcfg_default.o)
                                       0x47cc (size before relaxing)
 .debug_str     0x000000000000f083       0xed /home/santi/Documents/CMSIS_workspace/CMSISv2p00_LPC17xx/Debug/libCMSISv2p00_LPC17xx.a(lpc17xx_pinsel.o)
                                       0x8e1e (size before relaxing)
 .debug_str     0x000000000000f170      0x6dd /home/santi/Documents/CMSIS_workspace/CMSISv2p00_LPC17xx/Debug/libCMSISv2p00_LPC17xx.a(lpc17xx_uart.o)
                                       0xbc54 (size before relaxing)

.comment        0x0000000000000000       0x45
 .comment       0x0000000000000000       0x45 ./src/TPFinal.o
                                         0x46 (size before relaxing)
 .comment       0x0000000000000045       0x46 ./src/cr_startup_lpc175x_6x.o
 .comment       0x0000000000000045       0x46 ./src/crp.o
 .comment       0x0000000000000045       0x46 /home/santi/Documents/CMSIS_workspace/CMSISv2p00_LPC17xx/Debug/libCMSISv2p00_LPC17xx.a(system_LPC17xx.o)
 .comment       0x0000000000000045       0x46 /home/santi/Documents/CMSIS_workspace/CMSISv2p00_LPC17xx/Debug/libCMSISv2p00_LPC17xx.a(lpc17xx_adc.o)
 .comment       0x0000000000000045       0x46 /home/santi/Documents/CMSIS_workspace/CMSISv2p00_LPC17xx/Debug/libCMSISv2p00_LPC17xx.a(lpc17xx_clkpwr.o)
 .comment       0x0000000000000045       0x46 /home/santi/Documents/CMSIS_workspace/CMSISv2p00_LPC17xx/Debug/libCMSISv2p00_LPC17xx.a(lpc17xx_dac.o)
 .comment       0x0000000000000045       0x46 /home/santi/Documents/CMSIS_workspace/CMSISv2p00_LPC17xx/Debug/libCMSISv2p00_LPC17xx.a(lpc17xx_gpdma.o)
 .comment       0x0000000000000045       0x46 /home/santi/Documents/CMSIS_workspace/CMSISv2p00_LPC17xx/Debug/libCMSISv2p00_LPC17xx.a(lpc17xx_libcfg_default.o)
 .comment       0x0000000000000045       0x46 /home/santi/Documents/CMSIS_workspace/CMSISv2p00_LPC17xx/Debug/libCMSISv2p00_LPC17xx.a(lpc17xx_pinsel.o)
 .comment       0x0000000000000045       0x46 /home/santi/Documents/CMSIS_workspace/CMSISv2p00_LPC17xx/Debug/libCMSISv2p00_LPC17xx.a(lpc17xx_uart.o)
 .comment       0x0000000000000045       0x46 /usr/local/mcuxpressoide-11.8.0_1165/ide/plugins/com.nxp.mcuxpresso.tools.linux_11.8.0.202306131047/tools/bin/../lib/gcc/arm-none-eabi/12.2.1/../../../../arm-none-eabi/lib/thumb/v7-m/nofp/libcr_c.a(__weak__main.o)

.ARM.attributes
                0x0000000000000000       0x2b
 .ARM.attributes
                0x0000000000000000       0x2d ./src/TPFinal.o
 .ARM.attributes
                0x000000000000002d       0x2d ./src/cr_startup_lpc175x_6x.o
 .ARM.attributes
                0x000000000000005a       0x2d ./src/crp.o
 .ARM.attributes
                0x0000000000000087       0x2d /home/santi/Documents/CMSIS_workspace/CMSISv2p00_LPC17xx/Debug/libCMSISv2p00_LPC17xx.a(system_LPC17xx.o)
 .ARM.attributes
                0x00000000000000b4       0x2d /home/santi/Documents/CMSIS_workspace/CMSISv2p00_LPC17xx/Debug/libCMSISv2p00_LPC17xx.a(lpc17xx_adc.o)
 .ARM.attributes
                0x00000000000000e1       0x2d /home/santi/Documents/CMSIS_workspace/CMSISv2p00_LPC17xx/Debug/libCMSISv2p00_LPC17xx.a(lpc17xx_clkpwr.o)
 .ARM.attributes
                0x000000000000010e       0x2d /home/santi/Documents/CMSIS_workspace/CMSISv2p00_LPC17xx/Debug/libCMSISv2p00_LPC17xx.a(lpc17xx_dac.o)
 .ARM.attributes
                0x000000000000013b       0x2d /home/santi/Documents/CMSIS_workspace/CMSISv2p00_LPC17xx/Debug/libCMSISv2p00_LPC17xx.a(lpc17xx_gpdma.o)
 .ARM.attributes
                0x0000000000000168       0x2d /home/santi/Documents/CMSIS_workspace/CMSISv2p00_LPC17xx/Debug/libCMSISv2p00_LPC17xx.a(lpc17xx_libcfg_default.o)
 .ARM.attributes
                0x0000000000000195       0x2d /home/santi/Documents/CMSIS_workspace/CMSISv2p00_LPC17xx/Debug/libCMSISv2p00_LPC17xx.a(lpc17xx_pinsel.o)
 .ARM.attributes
                0x00000000000001c2       0x2d /home/santi/Documents/CMSIS_workspace/CMSISv2p00_LPC17xx/Debug/libCMSISv2p00_LPC17xx.a(lpc17xx_uart.o)
 .ARM.attributes
                0x00000000000001ef       0x2d /usr/local/mcuxpressoide-11.8.0_1165/ide/plugins/com.nxp.mcuxpresso.tools.linux_11.8.0.202306131047/tools/bin/../lib/gcc/arm-none-eabi/12.2.1/../../../../arm-none-eabi/lib/thumb/v7-m/nofp/libcr_c.a(__weak__main.o)

.debug_frame    0x0000000000000000      0xa70
 .debug_frame   0x0000000000000000      0x214 ./src/TPFinal.o
 .debug_frame   0x0000000000000214      0x170 ./src/cr_startup_lpc175x_6x.o
 .debug_frame   0x0000000000000384       0x38 /home/santi/Documents/CMSIS_workspace/CMSISv2p00_LPC17xx/Debug/libCMSISv2p00_LPC17xx.a(system_LPC17xx.o)
 .debug_frame   0x00000000000003bc      0x16c /home/santi/Documents/CMSIS_workspace/CMSISv2p00_LPC17xx/Debug/libCMSISv2p00_LPC17xx.a(lpc17xx_adc.o)
 .debug_frame   0x0000000000000528       0xa0 /home/santi/Documents/CMSIS_workspace/CMSISv2p00_LPC17xx/Debug/libCMSISv2p00_LPC17xx.a(lpc17xx_clkpwr.o)
 .debug_frame   0x00000000000005c8       0x94 /home/santi/Documents/CMSIS_workspace/CMSISv2p00_LPC17xx/Debug/libCMSISv2p00_LPC17xx.a(lpc17xx_dac.o)
 .debug_frame   0x000000000000065c       0x90 /home/santi/Documents/CMSIS_workspace/CMSISv2p00_LPC17xx/Debug/libCMSISv2p00_LPC17xx.a(lpc17xx_gpdma.o)
 .debug_frame   0x00000000000006ec       0x20 /home/santi/Documents/CMSIS_workspace/CMSISv2p00_LPC17xx/Debug/libCMSISv2p00_LPC17xx.a(lpc17xx_libcfg_default.o)
 .debug_frame   0x000000000000070c       0x50 /home/santi/Documents/CMSIS_workspace/CMSISv2p00_LPC17xx/Debug/libCMSISv2p00_LPC17xx.a(lpc17xx_pinsel.o)
 .debug_frame   0x000000000000075c      0x314 /home/santi/Documents/CMSIS_workspace/CMSISv2p00_LPC17xx/Debug/libCMSISv2p00_LPC17xx.a(lpc17xx_uart.o)

.debug_loclists
                0x0000000000000000     0x184b
 .debug_loclists
                0x0000000000000000      0x399 /home/santi/Documents/CMSIS_workspace/CMSISv2p00_LPC17xx/Debug/libCMSISv2p00_LPC17xx.a(lpc17xx_adc.o)
 .debug_loclists
                0x0000000000000399      0x11e /home/santi/Documents/CMSIS_workspace/CMSISv2p00_LPC17xx/Debug/libCMSISv2p00_LPC17xx.a(lpc17xx_clkpwr.o)
 .debug_loclists
                0x00000000000004b7      0x154 /home/santi/Documents/CMSIS_workspace/CMSISv2p00_LPC17xx/Debug/libCMSISv2p00_LPC17xx.a(lpc17xx_dac.o)
 .debug_loclists
                0x000000000000060b      0x116 /home/santi/Documents/CMSIS_workspace/CMSISv2p00_LPC17xx/Debug/libCMSISv2p00_LPC17xx.a(lpc17xx_gpdma.o)
 .debug_loclists
                0x0000000000000721       0x22 /home/santi/Documents/CMSIS_workspace/CMSISv2p00_LPC17xx/Debug/libCMSISv2p00_LPC17xx.a(lpc17xx_libcfg_default.o)
 .debug_loclists
                0x0000000000000743       0xc2 /home/santi/Documents/CMSIS_workspace/CMSISv2p00_LPC17xx/Debug/libCMSISv2p00_LPC17xx.a(lpc17xx_pinsel.o)
 .debug_loclists
                0x0000000000000805     0x1046 /home/santi/Documents/CMSIS_workspace/CMSISv2p00_LPC17xx/Debug/libCMSISv2p00_LPC17xx.a(lpc17xx_uart.o)

Cross Reference Table

Symbol                                            File
ADC_BurstCmd                                      /home/santi/Documents/CMSIS_workspace/CMSISv2p00_LPC17xx/Debug/libCMSISv2p00_LPC17xx.a(lpc17xx_adc.o)
ADC_ChannelCmd                                    /home/santi/Documents/CMSIS_workspace/CMSISv2p00_LPC17xx/Debug/libCMSISv2p00_LPC17xx.a(lpc17xx_adc.o)
                                                  ./src/TPFinal.o
ADC_ChannelGetData                                /home/santi/Documents/CMSIS_workspace/CMSISv2p00_LPC17xx/Debug/libCMSISv2p00_LPC17xx.a(lpc17xx_adc.o)
ADC_ChannelGetStatus                              /home/santi/Documents/CMSIS_workspace/CMSISv2p00_LPC17xx/Debug/libCMSISv2p00_LPC17xx.a(lpc17xx_adc.o)
ADC_DeInit                                        /home/santi/Documents/CMSIS_workspace/CMSISv2p00_LPC17xx/Debug/libCMSISv2p00_LPC17xx.a(lpc17xx_adc.o)
ADC_EdgeStartConfig                               /home/santi/Documents/CMSIS_workspace/CMSISv2p00_LPC17xx/Debug/libCMSISv2p00_LPC17xx.a(lpc17xx_adc.o)
                                                  ./src/TPFinal.o
ADC_GetData                                       /home/santi/Documents/CMSIS_workspace/CMSISv2p00_LPC17xx/Debug/libCMSISv2p00_LPC17xx.a(lpc17xx_adc.o)
ADC_GlobalGetData                                 /home/santi/Documents/CMSIS_workspace/CMSISv2p00_LPC17xx/Debug/libCMSISv2p00_LPC17xx.a(lpc17xx_adc.o)
ADC_GlobalGetStatus                               /home/santi/Documents/CMSIS_workspace/CMSISv2p00_LPC17xx/Debug/libCMSISv2p00_LPC17xx.a(lpc17xx_adc.o)
ADC_IRQHandler                                    ./src/TPFinal.o
ADC_Init                                          /home/santi/Documents/CMSIS_workspace/CMSISv2p00_LPC17xx/Debug/libCMSISv2p00_LPC17xx.a(lpc17xx_adc.o)
                                                  ./src/TPFinal.o
ADC_IntConfig                                     /home/santi/Documents/CMSIS_workspace/CMSISv2p00_LPC17xx/Debug/libCMSISv2p00_LPC17xx.a(lpc17xx_adc.o)
                                                  ./src/TPFinal.o
ADC_PowerdownCmd                                  /home/santi/Documents/CMSIS_workspace/CMSISv2p00_LPC17xx/Debug/libCMSISv2p00_LPC17xx.a(lpc17xx_adc.o)
                                                  ./src/TPFinal.o
ADC_StartCmd                                      /home/santi/Documents/CMSIS_workspace/CMSISv2p00_LPC17xx/Debug/libCMSISv2p00_LPC17xx.a(lpc17xx_adc.o)
                                                  ./src/TPFinal.o
BOD_IRQHandler                                    ./src/cr_startup_lpc175x_6x.o
BusFault_Handler                                  ./src/cr_startup_lpc175x_6x.o
CANActivity_IRQHandler                            ./src/cr_startup_lpc175x_6x.o
CAN_IRQHandler                                    ./src/cr_startup_lpc175x_6x.o
CLKPWR_ConfigPPWR                                 /home/santi/Documents/CMSIS_workspace/CMSISv2p00_LPC17xx/Debug/libCMSISv2p00_LPC17xx.a(lpc17xx_clkpwr.o)
                                                  /home/santi/Documents/CMSIS_workspace/CMSISv2p00_LPC17xx/Debug/libCMSISv2p00_LPC17xx.a(lpc17xx_uart.o)
                                                  /home/santi/Documents/CMSIS_workspace/CMSISv2p00_LPC17xx/Debug/libCMSISv2p00_LPC17xx.a(lpc17xx_gpdma.o)
                                                  /home/santi/Documents/CMSIS_workspace/CMSISv2p00_LPC17xx/Debug/libCMSISv2p00_LPC17xx.a(lpc17xx_adc.o)
CLKPWR_DeepPowerDown                              /home/santi/Documents/CMSIS_workspace/CMSISv2p00_LPC17xx/Debug/libCMSISv2p00_LPC17xx.a(lpc17xx_clkpwr.o)
CLKPWR_DeepSleep                                  /home/santi/Documents/CMSIS_workspace/CMSISv2p00_LPC17xx/Debug/libCMSISv2p00_LPC17xx.a(lpc17xx_clkpwr.o)
CLKPWR_GetPCLK                                    /home/santi/Documents/CMSIS_workspace/CMSISv2p00_LPC17xx/Debug/libCMSISv2p00_LPC17xx.a(lpc17xx_clkpwr.o)
                                                  /home/santi/Documents/CMSIS_workspace/CMSISv2p00_LPC17xx/Debug/libCMSISv2p00_LPC17xx.a(lpc17xx_uart.o)
                                                  /home/santi/Documents/CMSIS_workspace/CMSISv2p00_LPC17xx/Debug/libCMSISv2p00_LPC17xx.a(lpc17xx_adc.o)
CLKPWR_GetPCLKSEL                                 /home/santi/Documents/CMSIS_workspace/CMSISv2p00_LPC17xx/Debug/libCMSISv2p00_LPC17xx.a(lpc17xx_clkpwr.o)
CLKPWR_PowerDown                                  /home/santi/Documents/CMSIS_workspace/CMSISv2p00_LPC17xx/Debug/libCMSISv2p00_LPC17xx.a(lpc17xx_clkpwr.o)
CLKPWR_SetPCLKDiv                                 /home/santi/Documents/CMSIS_workspace/CMSISv2p00_LPC17xx/Debug/libCMSISv2p00_LPC17xx.a(lpc17xx_clkpwr.o)
CLKPWR_Sleep                                      /home/santi/Documents/CMSIS_workspace/CMSISv2p00_LPC17xx/Debug/libCMSISv2p00_LPC17xx.a(lpc17xx_clkpwr.o)
CRP_WORD                                          ./src/crp.o
DAC_ConfigDAConverterControl                      /home/santi/Documents/CMSIS_workspace/CMSISv2p00_LPC17xx/Debug/libCMSISv2p00_LPC17xx.a(lpc17xx_dac.o)
                                                  ./src/TPFinal.o
DAC_Init                                          /home/santi/Documents/CMSIS_workspace/CMSISv2p00_LPC17xx/Debug/libCMSISv2p00_LPC17xx.a(lpc17xx_dac.o)
                                                  ./src/TPFinal.o
DAC_SetBias                                       /home/santi/Documents/CMSIS_workspace/CMSISv2p00_LPC17xx/Debug/libCMSISv2p00_LPC17xx.a(lpc17xx_dac.o)
DAC_SetDMATimeOut                                 /home/santi/Documents/CMSIS_workspace/CMSISv2p00_LPC17xx/Debug/libCMSISv2p00_LPC17xx.a(lpc17xx_dac.o)
                                                  ./src/TPFinal.o
DAC_UpdateValue                                   /home/santi/Documents/CMSIS_workspace/CMSISv2p00_LPC17xx/Debug/libCMSISv2p00_LPC17xx.a(lpc17xx_dac.o)
DMA_IRQHandler                                    ./src/cr_startup_lpc175x_6x.o
DebugMon_Handler                                  ./src/cr_startup_lpc175x_6x.o
EINT0_IRQHandler                                  ./src/TPFinal.o
EINT1_IRQHandler                                  ./src/cr_startup_lpc175x_6x.o
EINT2_IRQHandler                                  ./src/cr_startup_lpc175x_6x.o
EINT3_IRQHandler                                  ./src/cr_startup_lpc175x_6x.o
ENET_IRQHandler                                   ./src/cr_startup_lpc175x_6x.o
GPDMA_ChannelCmd                                  /home/santi/Documents/CMSIS_workspace/CMSISv2p00_LPC17xx/Debug/libCMSISv2p00_LPC17xx.a(lpc17xx_gpdma.o)
                                                  ./src/TPFinal.o
GPDMA_ClearIntPending                             /home/santi/Documents/CMSIS_workspace/CMSISv2p00_LPC17xx/Debug/libCMSISv2p00_LPC17xx.a(lpc17xx_gpdma.o)
GPDMA_Init                                        /home/santi/Documents/CMSIS_workspace/CMSISv2p00_LPC17xx/Debug/libCMSISv2p00_LPC17xx.a(lpc17xx_gpdma.o)
                                                  ./src/TPFinal.o
GPDMA_IntGetStatus                                /home/santi/Documents/CMSIS_workspace/CMSISv2p00_LPC17xx/Debug/libCMSISv2p00_LPC17xx.a(lpc17xx_gpdma.o)
GPDMA_LUTPerAddr                                  /home/santi/Documents/CMSIS_workspace/CMSISv2p00_LPC17xx/Debug/libCMSISv2p00_LPC17xx.a(lpc17xx_gpdma.o)
GPDMA_LUTPerBurst                                 /home/santi/Documents/CMSIS_workspace/CMSISv2p00_LPC17xx/Debug/libCMSISv2p00_LPC17xx.a(lpc17xx_gpdma.o)
GPDMA_LUTPerWid                                   /home/santi/Documents/CMSIS_workspace/CMSISv2p00_LPC17xx/Debug/libCMSISv2p00_LPC17xx.a(lpc17xx_gpdma.o)
GPDMA_Setup                                       /home/santi/Documents/CMSIS_workspace/CMSISv2p00_LPC17xx/Debug/libCMSISv2p00_LPC17xx.a(lpc17xx_gpdma.o)
                                                  ./src/TPFinal.o
HardFault_Handler                                 ./src/cr_startup_lpc175x_6x.o
I2C0_IRQHandler                                   ./src/cr_startup_lpc175x_6x.o
I2C1_IRQHandler                                   ./src/cr_startup_lpc175x_6x.o
I2C2_IRQHandler                                   ./src/cr_startup_lpc175x_6x.o
I2S_IRQHandler                                    ./src/cr_startup_lpc175x_6x.o
IntDefaultHandler                                 ./src/cr_startup_lpc175x_6x.o
MCPWM_IRQHandler                                  ./src/cr_startup_lpc175x_6x.o
MemManage_Handler                                 ./src/cr_startup_lpc175x_6x.o
NMI_Handler                                       ./src/cr_startup_lpc175x_6x.o
PINSEL_ConfigPin                                  /home/santi/Documents/CMSIS_workspace/CMSISv2p00_LPC17xx/Debug/libCMSISv2p00_LPC17xx.a(lpc17xx_pinsel.o)
                                                  ./src/TPFinal.o
PINSEL_ConfigTraceFunc                            /home/santi/Documents/CMSIS_workspace/CMSISv2p00_LPC17xx/Debug/libCMSISv2p00_LPC17xx.a(lpc17xx_pinsel.o)
PINSEL_SetI2C0Pins                                /home/santi/Documents/CMSIS_workspace/CMSISv2p00_LPC17xx/Debug/libCMSISv2p00_LPC17xx.a(lpc17xx_pinsel.o)
PLL0_IRQHandler                                   ./src/cr_startup_lpc175x_6x.o
PLL1_IRQHandler                                   ./src/cr_startup_lpc175x_6x.o
PWM1_IRQHandler                                   ./src/cr_startup_lpc175x_6x.o
PendSV_Handler                                    ./src/cr_startup_lpc175x_6x.o
QEI_IRQHandler                                    ./src/cr_startup_lpc175x_6x.o
RIT_IRQHandler                                    ./src/cr_startup_lpc175x_6x.o
RTC_IRQHandler                                    ./src/cr_startup_lpc175x_6x.o
ResetISR                                          ./src/cr_startup_lpc175x_6x.o
SPI_IRQHandler                                    ./src/cr_startup_lpc175x_6x.o
SSP0_IRQHandler                                   ./src/cr_startup_lpc175x_6x.o
SSP1_IRQHandler                                   ./src/cr_startup_lpc175x_6x.o
SVC_Handler                                       ./src/cr_startup_lpc175x_6x.o
SysTick_Handler                                   ./src/cr_startup_lpc175x_6x.o
SystemCoreClock                                   /home/santi/Documents/CMSIS_workspace/CMSISv2p00_LPC17xx/Debug/libCMSISv2p00_LPC17xx.a(system_LPC17xx.o)
                                                  /home/santi/Documents/CMSIS_workspace/CMSISv2p00_LPC17xx/Debug/libCMSISv2p00_LPC17xx.a(lpc17xx_clkpwr.o)
SystemCoreClockUpdate                             /home/santi/Documents/CMSIS_workspace/CMSISv2p00_LPC17xx/Debug/libCMSISv2p00_LPC17xx.a(system_LPC17xx.o)
SystemInit                                        /home/santi/Documents/CMSIS_workspace/CMSISv2p00_LPC17xx/Debug/libCMSISv2p00_LPC17xx.a(system_LPC17xx.o)
                                                  ./src/cr_startup_lpc175x_6x.o
TIMER0_IRQHandler                                 ./src/cr_startup_lpc175x_6x.o
TIMER1_IRQHandler                                 ./src/cr_startup_lpc175x_6x.o
TIMER2_IRQHandler                                 ./src/cr_startup_lpc175x_6x.o
TIMER3_IRQHandler                                 ./src/cr_startup_lpc175x_6x.o
UART0_IRQHandler                                  ./src/cr_startup_lpc175x_6x.o
UART1_IRQHandler                                  ./src/cr_startup_lpc175x_6x.o
UART2_IRQHandler                                  ./src/cr_startup_lpc175x_6x.o
UART3_IRQHandler                                  ./src/cr_startup_lpc175x_6x.o
UART_ABClearIntPending                            /home/santi/Documents/CMSIS_workspace/CMSISv2p00_LPC17xx/Debug/libCMSISv2p00_LPC17xx.a(lpc17xx_uart.o)
UART_ABCmd                                        /home/santi/Documents/CMSIS_workspace/CMSISv2p00_LPC17xx/Debug/libCMSISv2p00_LPC17xx.a(lpc17xx_uart.o)
UART_CheckBusy                                    /home/santi/Documents/CMSIS_workspace/CMSISv2p00_LPC17xx/Debug/libCMSISv2p00_LPC17xx.a(lpc17xx_uart.o)
UART_ConfigStructInit                             /home/santi/Documents/CMSIS_workspace/CMSISv2p00_LPC17xx/Debug/libCMSISv2p00_LPC17xx.a(lpc17xx_uart.o)
                                                  ./src/TPFinal.o
UART_DeInit                                       /home/santi/Documents/CMSIS_workspace/CMSISv2p00_LPC17xx/Debug/libCMSISv2p00_LPC17xx.a(lpc17xx_uart.o)
UART_FIFOConfig                                   /home/santi/Documents/CMSIS_workspace/CMSISv2p00_LPC17xx/Debug/libCMSISv2p00_LPC17xx.a(lpc17xx_uart.o)
                                                  ./src/TPFinal.o
UART_FIFOConfigStructInit                         /home/santi/Documents/CMSIS_workspace/CMSISv2p00_LPC17xx/Debug/libCMSISv2p00_LPC17xx.a(lpc17xx_uart.o)
                                                  ./src/TPFinal.o
UART_ForceBreak                                   /home/santi/Documents/CMSIS_workspace/CMSISv2p00_LPC17xx/Debug/libCMSISv2p00_LPC17xx.a(lpc17xx_uart.o)
UART_FullModemConfigMode                          /home/santi/Documents/CMSIS_workspace/CMSISv2p00_LPC17xx/Debug/libCMSISv2p00_LPC17xx.a(lpc17xx_uart.o)
UART_FullModemForcePinState                       /home/santi/Documents/CMSIS_workspace/CMSISv2p00_LPC17xx/Debug/libCMSISv2p00_LPC17xx.a(lpc17xx_uart.o)
UART_FullModemGetStatus                           /home/santi/Documents/CMSIS_workspace/CMSISv2p00_LPC17xx/Debug/libCMSISv2p00_LPC17xx.a(lpc17xx_uart.o)
UART_GetIntId                                     /home/santi/Documents/CMSIS_workspace/CMSISv2p00_LPC17xx/Debug/libCMSISv2p00_LPC17xx.a(lpc17xx_uart.o)
UART_GetLineStatus                                /home/santi/Documents/CMSIS_workspace/CMSISv2p00_LPC17xx/Debug/libCMSISv2p00_LPC17xx.a(lpc17xx_uart.o)
UART_Init                                         /home/santi/Documents/CMSIS_workspace/CMSISv2p00_LPC17xx/Debug/libCMSISv2p00_LPC17xx.a(lpc17xx_uart.o)
                                                  ./src/TPFinal.o
UART_IntConfig                                    /home/santi/Documents/CMSIS_workspace/CMSISv2p00_LPC17xx/Debug/libCMSISv2p00_LPC17xx.a(lpc17xx_uart.o)
UART_IrDACmd                                      /home/santi/Documents/CMSIS_workspace/CMSISv2p00_LPC17xx/Debug/libCMSISv2p00_LPC17xx.a(lpc17xx_uart.o)
UART_IrDAInvtInputCmd                             /home/santi/Documents/CMSIS_workspace/CMSISv2p00_LPC17xx/Debug/libCMSISv2p00_LPC17xx.a(lpc17xx_uart.o)
UART_IrDAPulseDivConfig                           /home/santi/Documents/CMSIS_workspace/CMSISv2p00_LPC17xx/Debug/libCMSISv2p00_LPC17xx.a(lpc17xx_uart.o)
UART_RS485Config                                  /home/santi/Documents/CMSIS_workspace/CMSISv2p00_LPC17xx/Debug/libCMSISv2p00_LPC17xx.a(lpc17xx_uart.o)
UART_RS485ReceiverCmd                             /home/santi/Documents/CMSIS_workspace/CMSISv2p00_LPC17xx/Debug/libCMSISv2p00_LPC17xx.a(lpc17xx_uart.o)
UART_RS485Send                                    /home/santi/Documents/CMSIS_workspace/CMSISv2p00_LPC17xx/Debug/libCMSISv2p00_LPC17xx.a(lpc17xx_uart.o)
UART_RS485SendData                                /home/santi/Documents/CMSIS_workspace/CMSISv2p00_LPC17xx/Debug/libCMSISv2p00_LPC17xx.a(lpc17xx_uart.o)
UART_RS485SendSlvAddr                             /home/santi/Documents/CMSIS_workspace/CMSISv2p00_LPC17xx/Debug/libCMSISv2p00_LPC17xx.a(lpc17xx_uart.o)
UART_Receive                                      /home/santi/Documents/CMSIS_workspace/CMSISv2p00_LPC17xx/Debug/libCMSISv2p00_LPC17xx.a(lpc17xx_uart.o)
UART_ReceiveByte                                  /home/santi/Documents/CMSIS_workspace/CMSISv2p00_LPC17xx/Debug/libCMSISv2p00_LPC17xx.a(lpc17xx_uart.o)
UART_Send                                         /home/santi/Documents/CMSIS_workspace/CMSISv2p00_LPC17xx/Debug/libCMSISv2p00_LPC17xx.a(lpc17xx_uart.o)
                                                  ./src/TPFinal.o
UART_SendByte                                     /home/santi/Documents/CMSIS_workspace/CMSISv2p00_LPC17xx/Debug/libCMSISv2p00_LPC17xx.a(lpc17xx_uart.o)
UART_TxCmd                                        /home/santi/Documents/CMSIS_workspace/CMSISv2p00_LPC17xx/Debug/libCMSISv2p00_LPC17xx.a(lpc17xx_uart.o)
                                                  ./src/TPFinal.o
USBActivity_IRQHandler                            ./src/cr_startup_lpc175x_6x.o
USB_IRQHandler                                    ./src/cr_startup_lpc175x_6x.o
UsageFault_Handler                                ./src/cr_startup_lpc175x_6x.o
WDT_IRQHandler                                    ./src/cr_startup_lpc175x_6x.o
__aeabi_idiv0                                     /usr/local/mcuxpressoide-11.8.0_1165/ide/plugins/com.nxp.mcuxpresso.tools.linux_11.8.0.202306131047/tools/bin/../lib/gcc/arm-none-eabi/12.2.1/thumb/v7-m/nofp/libcr_eabihelpers.a(division_idiv0.o)
                                                  /usr/local/mcuxpressoide-11.8.0_1165/ide/plugins/com.nxp.mcuxpresso.tools.linux_11.8.0.202306131047/tools/bin/../lib/gcc/arm-none-eabi/12.2.1/thumb/v7-m/nofp/libcr_eabihelpers.a(division_64.o)
__aeabi_ldivmod                                   /usr/local/mcuxpressoide-11.8.0_1165/ide/plugins/com.nxp.mcuxpresso.tools.linux_11.8.0.202306131047/tools/bin/../lib/gcc/arm-none-eabi/12.2.1/thumb/v7-m/nofp/libcr_eabihelpers.a(division_64.o)
                                                  /home/santi/Documents/CMSIS_workspace/CMSISv2p00_LPC17xx/Debug/libCMSISv2p00_LPC17xx.a(system_LPC17xx.o)
__aeabi_uldivmod                                  /usr/local/mcuxpressoide-11.8.0_1165/ide/plugins/com.nxp.mcuxpresso.tools.linux_11.8.0.202306131047/tools/bin/../lib/gcc/arm-none-eabi/12.2.1/thumb/v7-m/nofp/libcr_eabihelpers.a(division_64.o)
                                                  /home/santi/Documents/CMSIS_workspace/CMSISv2p00_LPC17xx/Debug/libCMSISv2p00_LPC17xx.a(system_LPC17xx.o)
__bhs_ldivmod1                                    /usr/local/mcuxpressoide-11.8.0_1165/ide/plugins/com.nxp.mcuxpresso.tools.linux_11.8.0.202306131047/tools/bin/../lib/gcc/arm-none-eabi/12.2.1/thumb/v7-m/nofp/libcr_eabihelpers.a(division_64.o)
__bss_section_table_end                           ./src/cr_startup_lpc175x_6x.o
__data_section_table                              ./src/cr_startup_lpc175x_6x.o
__data_section_table_end                          ./src/cr_startup_lpc175x_6x.o
__main                                            /usr/local/mcuxpressoide-11.8.0_1165/ide/plugins/com.nxp.mcuxpresso.tools.linux_11.8.0.202306131047/tools/bin/../lib/gcc/arm-none-eabi/12.2.1/../../../../arm-none-eabi/lib/thumb/v7-m/nofp/libcr_c.a(__weak__main.o)
                                                  ./src/cr_startup_lpc175x_6x.o
__valid_user_code_checksum                        ./src/cr_startup_lpc175x_6x.o
__weak_main                                       /usr/local/mcuxpressoide-11.8.0_1165/ide/plugins/com.nxp.mcuxpresso.tools.linux_11.8.0.202306131047/tools/bin/../lib/gcc/arm-none-eabi/12.2.1/../../../../arm-none-eabi/lib/thumb/v7-m/nofp/libcr_c.a(__weak__main.o)
_vStackTop                                        ./src/cr_startup_lpc175x_6x.o
adc_config                                        ./src/TPFinal.o
bss_init                                          ./src/cr_startup_lpc175x_6x.o
check_failed                                      /home/santi/Documents/CMSIS_workspace/CMSISv2p00_LPC17xx/Debug/libCMSISv2p00_LPC17xx.a(lpc17xx_libcfg_default.o)
                                                  /home/santi/Documents/CMSIS_workspace/CMSISv2p00_LPC17xx/Debug/libCMSISv2p00_LPC17xx.a(lpc17xx_uart.o)
                                                  /home/santi/Documents/CMSIS_workspace/CMSISv2p00_LPC17xx/Debug/libCMSISv2p00_LPC17xx.a(lpc17xx_gpdma.o)
                                                  /home/santi/Documents/CMSIS_workspace/CMSISv2p00_LPC17xx/Debug/libCMSISv2p00_LPC17xx.a(lpc17xx_dac.o)
                                                  /home/santi/Documents/CMSIS_workspace/CMSISv2p00_LPC17xx/Debug/libCMSISv2p00_LPC17xx.a(lpc17xx_adc.o)
confPin                                           ./src/TPFinal.o
dac_config_buzzer                                 ./src/TPFinal.o
dac_config_s90                                    ./src/TPFinal.o
dac_pwm                                           ./src/TPFinal.o
dac_pwm_sg90                                      ./src/TPFinal.o
data_init                                         ./src/cr_startup_lpc175x_6x.o
dma_config_buzzer                                 ./src/TPFinal.o
dma_config_sg90                                   ./src/TPFinal.o
eint_config                                       ./src/TPFinal.o
g_pfnVectors                                      ./src/cr_startup_lpc175x_6x.o
main                                              ./src/TPFinal.o
                                                  /usr/local/mcuxpressoide-11.8.0_1165/ide/plugins/com.nxp.mcuxpresso.tools.linux_11.8.0.202306131047/tools/bin/../lib/gcc/arm-none-eabi/12.2.1/../../../../arm-none-eabi/lib/thumb/v7-m/nofp/libcr_c.a(__weak__main.o)
pGPDMACh                                          /home/santi/Documents/CMSIS_workspace/CMSISv2p00_LPC17xx/Debug/libCMSISv2p00_LPC17xx.a(lpc17xx_gpdma.o)
pwm_generator                                     ./src/TPFinal.o
pwm_servo_generator                               ./src/TPFinal.o
timer_config                                      ./src/TPFinal.o
uart_config                                       ./src/TPFinal.o
