18:22:16 **** Build of configuration Debug for project CMSISv2p00_LPC17xx ****
make -r -j12 all 
Building file: ../src/core_cm3.c
Building file: ../src/system_LPC17xx.c
Building file: ../Drivers/src/lpc17xx_adc.c
Building file: ../Drivers/src/debug_frmwrk.c
Building file: ../Drivers/src/lpc17xx_can.c
Invoking: MCU C Compiler
Invoking: MCU C Compiler
Invoking: MCU C Compiler
arm-none-eabi-gcc -D__REDLIB__ -DDEBUG -D__CODE_RED -I"/home/joaquin/Facultad/EDIII/TPFinal/CMSISv2p00_LPC17xx/Drivers/inc" -I"../inc" -O0 -Os -g3 -Wall -c -fmessage-length=0 -fno-builtin -ffunction-sections -fdata-sections -fmerge-constants -fmacro-prefix-map="../src/"= -mcpu=cortex-m3 -mthumb -D__REDLIB__ -fstack-usage -specs=redlib.specs -MMD -MP -MF"src/core_cm3.d" -MT"src/core_cm3.o" -MT"src/core_cm3.d" -o "src/core_cm3.o" "../src/core_cm3.c"
Invoking: MCU C Compiler
arm-none-eabi-gcc -D__REDLIB__ -DDEBUG -D__CODE_RED -I"/home/joaquin/Facultad/EDIII/TPFinal/CMSISv2p00_LPC17xx/Drivers/inc" -I"../inc" -O0 -Os -g3 -Wall -c -fmessage-length=0 -fno-builtin -ffunction-sections -fdata-sections -fmerge-constants -fmacro-prefix-map="../src/"= -mcpu=cortex-m3 -mthumb -D__REDLIB__ -fstack-usage -specs=redlib.specs -MMD -MP -MF"src/system_LPC17xx.d" -MT"src/system_LPC17xx.o" -MT"src/system_LPC17xx.d" -o "src/system_LPC17xx.o" "../src/system_LPC17xx.c"
arm-none-eabi-gcc -D__REDLIB__ -DDEBUG -D__CODE_RED -I"/home/joaquin/Facultad/EDIII/TPFinal/CMSISv2p00_LPC17xx/Drivers/inc" -I"../inc" -O0 -Os -g3 -Wall -c -fmessage-length=0 -fno-builtin -ffunction-sections -fdata-sections -fmerge-constants -fmacro-prefix-map="../Drivers/src/"= -mcpu=cortex-m3 -mthumb -D__REDLIB__ -fstack-usage -specs=redlib.specs -MMD -MP -MF"Drivers/src/lpc17xx_adc.d" -MT"Drivers/src/lpc17xx_adc.o" -MT"Drivers/src/lpc17xx_adc.d" -o "Drivers/src/lpc17xx_adc.o" "../Drivers/src/lpc17xx_adc.c"
Invoking: MCU C Compiler
arm-none-eabi-gcc -D__REDLIB__ -DDEBUG -D__CODE_RED -I"/home/joaquin/Facultad/EDIII/TPFinal/CMSISv2p00_LPC17xx/Drivers/inc" -I"../inc" -O0 -Os -g3 -Wall -c -fmessage-length=0 -fno-builtin -ffunction-sections -fdata-sections -fmerge-constants -fmacro-prefix-map="../Drivers/src/"= -mcpu=cortex-m3 -mthumb -D__REDLIB__ -fstack-usage -specs=redlib.specs -MMD -MP -MF"Drivers/src/debug_frmwrk.d" -MT"Drivers/src/debug_frmwrk.o" -MT"Drivers/src/debug_frmwrk.d" -o "Drivers/src/debug_frmwrk.o" "../Drivers/src/debug_frmwrk.c"
arm-none-eabi-gcc -D__REDLIB__ -DDEBUG -D__CODE_RED -I"/home/joaquin/Facultad/EDIII/TPFinal/CMSISv2p00_LPC17xx/Drivers/inc" -I"../inc" -O0 -Os -g3 -Wall -c -fmessage-length=0 -fno-builtin -ffunction-sections -fdata-sections -fmerge-constants -fmacro-prefix-map="../Drivers/src/"= -mcpu=cortex-m3 -mthumb -D__REDLIB__ -fstack-usage -specs=redlib.specs -MMD -MP -MF"Drivers/src/lpc17xx_can.d" -MT"Drivers/src/lpc17xx_can.o" -MT"Drivers/src/lpc17xx_can.d" -o "Drivers/src/lpc17xx_can.o" "../Drivers/src/lpc17xx_can.c"
Building file: ../Drivers/src/lpc17xx_clkpwr.c
Building file: ../Drivers/src/lpc17xx_dac.c
Building file: ../Drivers/src/lpc17xx_emac.c
Invoking: MCU C Compiler
Building file: ../Drivers/src/lpc17xx_exti.c
arm-none-eabi-gcc -D__REDLIB__ -DDEBUG -D__CODE_RED -I"/home/joaquin/Facultad/EDIII/TPFinal/CMSISv2p00_LPC17xx/Drivers/inc" -I"../inc" -O0 -Os -g3 -Wall -c -fmessage-length=0 -fno-builtin -ffunction-sections -fdata-sections -fmerge-constants -fmacro-prefix-map="../Drivers/src/"= -mcpu=cortex-m3 -mthumb -D__REDLIB__ -fstack-usage -specs=redlib.specs -MMD -MP -MF"Drivers/src/lpc17xx_clkpwr.d" -MT"Drivers/src/lpc17xx_clkpwr.o" -MT"Drivers/src/lpc17xx_clkpwr.d" -o "Drivers/src/lpc17xx_clkpwr.o" "../Drivers/src/lpc17xx_clkpwr.c"
Invoking: MCU C Compiler
Invoking: MCU C Compiler
arm-none-eabi-gcc -D__REDLIB__ -DDEBUG -D__CODE_RED -I"/home/joaquin/Facultad/EDIII/TPFinal/CMSISv2p00_LPC17xx/Drivers/inc" -I"../inc" -O0 -Os -g3 -Wall -c -fmessage-length=0 -fno-builtin -ffunction-sections -fdata-sections -fmerge-constants -fmacro-prefix-map="../Drivers/src/"= -mcpu=cortex-m3 -mthumb -D__REDLIB__ -fstack-usage -specs=redlib.specs -MMD -MP -MF"Drivers/src/lpc17xx_emac.d" -MT"Drivers/src/lpc17xx_emac.o" -MT"Drivers/src/lpc17xx_emac.d" -o "Drivers/src/lpc17xx_emac.o" "../Drivers/src/lpc17xx_emac.c"
Invoking: MCU C Compiler
Building file: ../Drivers/src/lpc17xx_gpdma.c
arm-none-eabi-gcc -D__REDLIB__ -DDEBUG -D__CODE_RED -I"/home/joaquin/Facultad/EDIII/TPFinal/CMSISv2p00_LPC17xx/Drivers/inc" -I"../inc" -O0 -Os -g3 -Wall -c -fmessage-length=0 -fno-builtin -ffunction-sections -fdata-sections -fmerge-constants -fmacro-prefix-map="../Drivers/src/"= -mcpu=cortex-m3 -mthumb -D__REDLIB__ -fstack-usage -specs=redlib.specs -MMD -MP -MF"Drivers/src/lpc17xx_dac.d" -MT"Drivers/src/lpc17xx_dac.o" -MT"Drivers/src/lpc17xx_dac.d" -o "Drivers/src/lpc17xx_dac.o" "../Drivers/src/lpc17xx_dac.c"
arm-none-eabi-gcc -D__REDLIB__ -DDEBUG -D__CODE_RED -I"/home/joaquin/Facultad/EDIII/TPFinal/CMSISv2p00_LPC17xx/Drivers/inc" -I"../inc" -O0 -Os -g3 -Wall -c -fmessage-length=0 -fno-builtin -ffunction-sections -fdata-sections -fmerge-constants -fmacro-prefix-map="../Drivers/src/"= -mcpu=cortex-m3 -mthumb -D__REDLIB__ -fstack-usage -specs=redlib.specs -MMD -MP -MF"Drivers/src/lpc17xx_exti.d" -MT"Drivers/src/lpc17xx_exti.o" -MT"Drivers/src/lpc17xx_exti.d" -o "Drivers/src/lpc17xx_exti.o" "../Drivers/src/lpc17xx_exti.c"
Invoking: MCU C Compiler
arm-none-eabi-gcc -D__REDLIB__ -DDEBUG -D__CODE_RED -I"/home/joaquin/Facultad/EDIII/TPFinal/CMSISv2p00_LPC17xx/Drivers/inc" -I"../inc" -O0 -Os -g3 -Wall -c -fmessage-length=0 -fno-builtin -ffunction-sections -fdata-sections -fmerge-constants -fmacro-prefix-map="../Drivers/src/"= -mcpu=cortex-m3 -mthumb -D__REDLIB__ -fstack-usage -specs=redlib.specs -MMD -MP -MF"Drivers/src/lpc17xx_gpdma.d" -MT"Drivers/src/lpc17xx_gpdma.o" -MT"Drivers/src/lpc17xx_gpdma.d" -o "Drivers/src/lpc17xx_gpdma.o" "../Drivers/src/lpc17xx_gpdma.c"
Building file: ../Drivers/src/lpc17xx_gpio.c
Invoking: MCU C Compiler
arm-none-eabi-gcc -D__REDLIB__ -DDEBUG -D__CODE_RED -I"/home/joaquin/Facultad/EDIII/TPFinal/CMSISv2p00_LPC17xx/Drivers/inc" -I"../inc" -O0 -Os -g3 -Wall -c -fmessage-length=0 -fno-builtin -ffunction-sections -fdata-sections -fmerge-constants -fmacro-prefix-map="../Drivers/src/"= -mcpu=cortex-m3 -mthumb -D__REDLIB__ -fstack-usage -specs=redlib.specs -MMD -MP -MF"Drivers/src/lpc17xx_gpio.d" -MT"Drivers/src/lpc17xx_gpio.o" -MT"Drivers/src/lpc17xx_gpio.d" -o "Drivers/src/lpc17xx_gpio.o" "../Drivers/src/lpc17xx_gpio.c"
Building file: ../Drivers/src/lpc17xx_i2c.c
Invoking: MCU C Compiler
arm-none-eabi-gcc -D__REDLIB__ -DDEBUG -D__CODE_RED -I"/home/joaquin/Facultad/EDIII/TPFinal/CMSISv2p00_LPC17xx/Drivers/inc" -I"../inc" -O0 -Os -g3 -Wall -c -fmessage-length=0 -fno-builtin -ffunction-sections -fdata-sections -fmerge-constants -fmacro-prefix-map="../Drivers/src/"= -mcpu=cortex-m3 -mthumb -D__REDLIB__ -fstack-usage -specs=redlib.specs -MMD -MP -MF"Drivers/src/lpc17xx_i2c.d" -MT"Drivers/src/lpc17xx_i2c.o" -MT"Drivers/src/lpc17xx_i2c.d" -o "Drivers/src/lpc17xx_i2c.o" "../Drivers/src/lpc17xx_i2c.c"
Finished building: ../src/core_cm3.c
 
Building file: ../Drivers/src/lpc17xx_i2s.c
Invoking: MCU C Compiler
arm-none-eabi-gcc -D__REDLIB__ -DDEBUG -D__CODE_RED -I"/home/joaquin/Facultad/EDIII/TPFinal/CMSISv2p00_LPC17xx/Drivers/inc" -I"../inc" -O0 -Os -g3 -Wall -c -fmessage-length=0 -fno-builtin -ffunction-sections -fdata-sections -fmerge-constants -fmacro-prefix-map="../Drivers/src/"= -mcpu=cortex-m3 -mthumb -D__REDLIB__ -fstack-usage -specs=redlib.specs -MMD -MP -MF"Drivers/src/lpc17xx_i2s.d" -MT"Drivers/src/lpc17xx_i2s.o" -MT"Drivers/src/lpc17xx_i2s.d" -o "Drivers/src/lpc17xx_i2s.o" "../Drivers/src/lpc17xx_i2s.c"
Finished building: ../src/system_LPC17xx.c
 
Building file: ../Drivers/src/lpc17xx_libcfg_default.c
Invoking: MCU C Compiler
arm-none-eabi-gcc -D__REDLIB__ -DDEBUG -D__CODE_RED -I"/home/joaquin/Facultad/EDIII/TPFinal/CMSISv2p00_LPC17xx/Drivers/inc" -I"../inc" -O0 -Os -g3 -Wall -c -fmessage-length=0 -fno-builtin -ffunction-sections -fdata-sections -fmerge-constants -fmacro-prefix-map="../Drivers/src/"= -mcpu=cortex-m3 -mthumb -D__REDLIB__ -fstack-usage -specs=redlib.specs -MMD -MP -MF"Drivers/src/lpc17xx_libcfg_default.d" -MT"Drivers/src/lpc17xx_libcfg_default.o" -MT"Drivers/src/lpc17xx_libcfg_default.d" -o "Drivers/src/lpc17xx_libcfg_default.o" "../Drivers/src/lpc17xx_libcfg_default.c"
Finished building: ../Drivers/src/lpc17xx_exti.c
 
Building file: ../Drivers/src/lpc17xx_mcpwm.c
Finished building: ../Drivers/src/lpc17xx_dac.c
Invoking: MCU C Compiler
arm-none-eabi-gcc -D__REDLIB__ -DDEBUG -D__CODE_RED -I"/home/joaquin/Facultad/EDIII/TPFinal/CMSISv2p00_LPC17xx/Drivers/inc" -I"../inc" -O0 -Os -g3 -Wall -c -fmessage-length=0 -fno-builtin -ffunction-sections -fdata-sections -fmerge-constants -fmacro-prefix-map="../Drivers/src/"= -mcpu=cortex-m3 -mthumb -D__REDLIB__ -fstack-usage -specs=redlib.specs -MMD -MP -MF"Drivers/src/lpc17xx_mcpwm.d" -MT"Drivers/src/lpc17xx_mcpwm.o" -MT"Drivers/src/lpc17xx_mcpwm.d" -o "Drivers/src/lpc17xx_mcpwm.o" "../Drivers/src/lpc17xx_mcpwm.c"
 
Building file: ../Drivers/src/lpc17xx_nvic.c
Invoking: MCU C Compiler
arm-none-eabi-gcc -D__REDLIB__ -DDEBUG -D__CODE_RED -I"/home/joaquin/Facultad/EDIII/TPFinal/CMSISv2p00_LPC17xx/Drivers/inc" -I"../inc" -O0 -Os -g3 -Wall -c -fmessage-length=0 -fno-builtin -ffunction-sections -fdata-sections -fmerge-constants -fmacro-prefix-map="../Drivers/src/"= -mcpu=cortex-m3 -mthumb -D__REDLIB__ -fstack-usage -specs=redlib.specs -MMD -MP -MF"Drivers/src/lpc17xx_nvic.d" -MT"Drivers/src/lpc17xx_nvic.o" -MT"Drivers/src/lpc17xx_nvic.d" -o "Drivers/src/lpc17xx_nvic.o" "../Drivers/src/lpc17xx_nvic.c"
Finished building: ../Drivers/src/lpc17xx_clkpwr.c
 
Building file: ../Drivers/src/lpc17xx_pinsel.c
Invoking: MCU C Compiler
Finished building: ../Drivers/src/debug_frmwrk.c
arm-none-eabi-gcc -D__REDLIB__ -DDEBUG -D__CODE_RED -I"/home/joaquin/Facultad/EDIII/TPFinal/CMSISv2p00_LPC17xx/Drivers/inc" -I"../inc" -O0 -Os -g3 -Wall -c -fmessage-length=0 -fno-builtin -ffunction-sections -fdata-sections -fmerge-constants -fmacro-prefix-map="../Drivers/src/"= -mcpu=cortex-m3 -mthumb -D__REDLIB__ -fstack-usage -specs=redlib.specs -MMD -MP -MF"Drivers/src/lpc17xx_pinsel.d" -MT"Drivers/src/lpc17xx_pinsel.o" -MT"Drivers/src/lpc17xx_pinsel.d" -o "Drivers/src/lpc17xx_pinsel.o" "../Drivers/src/lpc17xx_pinsel.c"
 
Building file: ../Drivers/src/lpc17xx_pwm.c
Invoking: MCU C Compiler
Finished building: ../Drivers/src/lpc17xx_libcfg_default.c
arm-none-eabi-gcc -D__REDLIB__ -DDEBUG -D__CODE_RED -I"/home/joaquin/Facultad/EDIII/TPFinal/CMSISv2p00_LPC17xx/Drivers/inc" -I"../inc" -O0 -Os -g3 -Wall -c -fmessage-length=0 -fno-builtin -ffunction-sections -fdata-sections -fmerge-constants -fmacro-prefix-map="../Drivers/src/"= -mcpu=cortex-m3 -mthumb -D__REDLIB__ -fstack-usage -specs=redlib.specs -MMD -MP -MF"Drivers/src/lpc17xx_pwm.d" -MT"Drivers/src/lpc17xx_pwm.o" -MT"Drivers/src/lpc17xx_pwm.d" -o "Drivers/src/lpc17xx_pwm.o" "../Drivers/src/lpc17xx_pwm.c"
Finished building: ../Drivers/src/lpc17xx_adc.c
Finished building: ../Drivers/src/lpc17xx_gpio.c
 
../Drivers/src/lpc17xx_nvic.c: In function 'NVIC_SCBDeInit':
../Drivers/src/lpc17xx_nvic.c:107:31: warning: iteration 12 invokes undefined behavior [-Waggressive-loop-optimizations]
Finished building: ../Drivers/src/lpc17xx_gpdma.c
  107 |                 SCB->SHP[tmp] = 0x00;
../Drivers/src/lpc17xx_nvic.c:106:27: note: within this loop
  106 |         for (tmp = 0; tmp < 32; tmp++) {
      |                       ~~~~^~~~
 
 
 
Building file: ../Drivers/src/lpc17xx_rit.c
Building file: ../Drivers/src/lpc17xx_qei.c
Building file: ../Drivers/src/lpc17xx_rtc.c
Invoking: MCU C Compiler
arm-none-eabi-gcc -D__REDLIB__ -DDEBUG -D__CODE_RED -I"/home/joaquin/Facultad/EDIII/TPFinal/CMSISv2p00_LPC17xx/Drivers/inc" -I"../inc" -O0 -Os -g3 -Wall -c -fmessage-length=0 -fno-builtin -ffunction-sections -fdata-sections -fmerge-constants -fmacro-prefix-map="../Drivers/src/"= -mcpu=cortex-m3 -mthumb -D__REDLIB__ -fstack-usage -specs=redlib.specs -MMD -MP -MF"Drivers/src/lpc17xx_qei.d" -MT"Drivers/src/lpc17xx_qei.o" -MT"Drivers/src/lpc17xx_qei.d" -o "Drivers/src/lpc17xx_qei.o" "../Drivers/src/lpc17xx_qei.c"
Invoking: MCU C Compiler
Invoking: MCU C Compiler
arm-none-eabi-gcc -D__REDLIB__ -DDEBUG -D__CODE_RED -I"/home/joaquin/Facultad/EDIII/TPFinal/CMSISv2p00_LPC17xx/Drivers/inc" -I"../inc" -O0 -Os -g3 -Wall -c -fmessage-length=0 -fno-builtin -ffunction-sections -fdata-sections -fmerge-constants -fmacro-prefix-map="../Drivers/src/"= -mcpu=cortex-m3 -mthumb -D__REDLIB__ -fstack-usage -specs=redlib.specs -MMD -MP -MF"Drivers/src/lpc17xx_rit.d" -MT"Drivers/src/lpc17xx_rit.o" -MT"Drivers/src/lpc17xx_rit.d" -o "Drivers/src/lpc17xx_rit.o" "../Drivers/src/lpc17xx_rit.c"
arm-none-eabi-gcc -D__REDLIB__ -DDEBUG -D__CODE_RED -I"/home/joaquin/Facultad/EDIII/TPFinal/CMSISv2p00_LPC17xx/Drivers/inc" -I"../inc" -O0 -Os -g3 -Wall -c -fmessage-length=0 -fno-builtin -ffunction-sections -fdata-sections -fmerge-constants -fmacro-prefix-map="../Drivers/src/"= -mcpu=cortex-m3 -mthumb -D__REDLIB__ -fstack-usage -specs=redlib.specs -MMD -MP -MF"Drivers/src/lpc17xx_rtc.d" -MT"Drivers/src/lpc17xx_rtc.o" -MT"Drivers/src/lpc17xx_rtc.d" -o "Drivers/src/lpc17xx_rtc.o" "../Drivers/src/lpc17xx_rtc.c"
Building file: ../Drivers/src/lpc17xx_spi.c
Invoking: MCU C Compiler
arm-none-eabi-gcc -D__REDLIB__ -DDEBUG -D__CODE_RED -I"/home/joaquin/Facultad/EDIII/TPFinal/CMSISv2p00_LPC17xx/Drivers/inc" -I"../inc" -O0 -Os -g3 -Wall -c -fmessage-length=0 -fno-builtin -ffunction-sections -fdata-sections -fmerge-constants -fmacro-prefix-map="../Drivers/src/"= -mcpu=cortex-m3 -mthumb -D__REDLIB__ -fstack-usage -specs=redlib.specs -MMD -MP -MF"Drivers/src/lpc17xx_spi.d" -MT"Drivers/src/lpc17xx_spi.o" -MT"Drivers/src/lpc17xx_spi.d" -o "Drivers/src/lpc17xx_spi.o" "../Drivers/src/lpc17xx_spi.c"
Finished building: ../Drivers/src/lpc17xx_nvic.c
 
Building file: ../Drivers/src/lpc17xx_ssp.c
Finished building: ../Drivers/src/lpc17xx_emac.c
Finished building: ../Drivers/src/lpc17xx_pinsel.c
 
Invoking: MCU C Compiler
arm-none-eabi-gcc -D__REDLIB__ -DDEBUG -D__CODE_RED -I"/home/joaquin/Facultad/EDIII/TPFinal/CMSISv2p00_LPC17xx/Drivers/inc" -I"../inc" -O0 -Os -g3 -Wall -c -fmessage-length=0 -fno-builtin -ffunction-sections -fdata-sections -fmerge-constants -fmacro-prefix-map="../Drivers/src/"= -mcpu=cortex-m3 -mthumb -D__REDLIB__ -fstack-usage -specs=redlib.specs -MMD -MP -MF"Drivers/src/lpc17xx_ssp.d" -MT"Drivers/src/lpc17xx_ssp.o" -MT"Drivers/src/lpc17xx_ssp.d" -o "Drivers/src/lpc17xx_ssp.o" "../Drivers/src/lpc17xx_ssp.c"
 
Building file: ../Drivers/src/lpc17xx_systick.c
Building file: ../Drivers/src/lpc17xx_timer.c
Finished building: ../Drivers/src/lpc17xx_i2s.c
Invoking: MCU C Compiler
arm-none-eabi-gcc -D__REDLIB__ -DDEBUG -D__CODE_RED -I"/home/joaquin/Facultad/EDIII/TPFinal/CMSISv2p00_LPC17xx/Drivers/inc" -I"../inc" -O0 -Os -g3 -Wall -c -fmessage-length=0 -fno-builtin -ffunction-sections -fdata-sections -fmerge-constants -fmacro-prefix-map="../Drivers/src/"= -mcpu=cortex-m3 -mthumb -D__REDLIB__ -fstack-usage -specs=redlib.specs -MMD -MP -MF"Drivers/src/lpc17xx_systick.d" -MT"Drivers/src/lpc17xx_systick.o" -MT"Drivers/src/lpc17xx_systick.d" -o "Drivers/src/lpc17xx_systick.o" "../Drivers/src/lpc17xx_systick.c"
 
Building file: ../Drivers/src/lpc17xx_uart.c
Invoking: MCU C Compiler
arm-none-eabi-gcc -D__REDLIB__ -DDEBUG -D__CODE_RED -I"/home/joaquin/Facultad/EDIII/TPFinal/CMSISv2p00_LPC17xx/Drivers/inc" -I"../inc" -O0 -Os -g3 -Wall -c -fmessage-length=0 -fno-builtin -ffunction-sections -fdata-sections -fmerge-constants -fmacro-prefix-map="../Drivers/src/"= -mcpu=cortex-m3 -mthumb -D__REDLIB__ -fstack-usage -specs=redlib.specs -MMD -MP -MF"Drivers/src/lpc17xx_timer.d" -MT"Drivers/src/lpc17xx_timer.o" -MT"Drivers/src/lpc17xx_timer.d" -o "Drivers/src/lpc17xx_timer.o" "../Drivers/src/lpc17xx_timer.c"
Finished building: ../Drivers/src/lpc17xx_mcpwm.c
Finished building: ../Drivers/src/lpc17xx_rit.c
Invoking: MCU C Compiler
 
Finished building: ../Drivers/src/lpc17xx_i2c.c
arm-none-eabi-gcc -D__REDLIB__ -DDEBUG -D__CODE_RED -I"/home/joaquin/Facultad/EDIII/TPFinal/CMSISv2p00_LPC17xx/Drivers/inc" -I"../inc" -O0 -Os -g3 -Wall -c -fmessage-length=0 -fno-builtin -ffunction-sections -fdata-sections -fmerge-constants -fmacro-prefix-map="../Drivers/src/"= -mcpu=cortex-m3 -mthumb -D__REDLIB__ -fstack-usage -specs=redlib.specs -MMD -MP -MF"Drivers/src/lpc17xx_uart.d" -MT"Drivers/src/lpc17xx_uart.o" -MT"Drivers/src/lpc17xx_uart.d" -o "Drivers/src/lpc17xx_uart.o" "../Drivers/src/lpc17xx_uart.c"
 
 
Building file: ../Drivers/src/lpc17xx_wdt.c
Invoking: MCU C Compiler
arm-none-eabi-gcc -D__REDLIB__ -DDEBUG -D__CODE_RED -I"/home/joaquin/Facultad/EDIII/TPFinal/CMSISv2p00_LPC17xx/Drivers/inc" -I"../inc" -O0 -Os -g3 -Wall -c -fmessage-length=0 -fno-builtin -ffunction-sections -fdata-sections -fmerge-constants -fmacro-prefix-map="../Drivers/src/"= -mcpu=cortex-m3 -mthumb -D__REDLIB__ -fstack-usage -specs=redlib.specs -MMD -MP -MF"Drivers/src/lpc17xx_wdt.d" -MT"Drivers/src/lpc17xx_wdt.o" -MT"Drivers/src/lpc17xx_wdt.d" -o "Drivers/src/lpc17xx_wdt.o" "../Drivers/src/lpc17xx_wdt.c"
Finished building: ../Drivers/src/lpc17xx_systick.c
 
Finished building: ../Drivers/src/lpc17xx_pwm.c
Finished building: ../Drivers/src/lpc17xx_spi.c
 
 
Finished building: ../Drivers/src/lpc17xx_qei.c
 
Finished building: ../Drivers/src/lpc17xx_wdt.c
 
Finished building: ../Drivers/src/lpc17xx_rtc.c
 
Finished building: ../Drivers/src/lpc17xx_ssp.c
 
Finished building: ../Drivers/src/lpc17xx_timer.c
 
Finished building: ../Drivers/src/lpc17xx_can.c
 
Finished building: ../Drivers/src/lpc17xx_uart.c
 
Building target: libCMSISv2p00_LPC17xx.a
Invoking: MCU Archiver
arm-none-eabi-ar -r  "libCMSISv2p00_LPC17xx.a" ./src/core_cm3.o ./src/system_LPC17xx.o  ./Drivers/src/debug_frmwrk.o ./Drivers/src/lpc17xx_adc.o ./Drivers/src/lpc17xx_can.o ./Drivers/src/lpc17xx_clkpwr.o ./Drivers/src/lpc17xx_dac.o ./Drivers/src/lpc17xx_emac.o ./Drivers/src/lpc17xx_exti.o ./Drivers/src/lpc17xx_gpdma.o ./Drivers/src/lpc17xx_gpio.o ./Drivers/src/lpc17xx_i2c.o ./Drivers/src/lpc17xx_i2s.o ./Drivers/src/lpc17xx_libcfg_default.o ./Drivers/src/lpc17xx_mcpwm.o ./Drivers/src/lpc17xx_nvic.o ./Drivers/src/lpc17xx_pinsel.o ./Drivers/src/lpc17xx_pwm.o ./Drivers/src/lpc17xx_qei.o ./Drivers/src/lpc17xx_rit.o ./Drivers/src/lpc17xx_rtc.o ./Drivers/src/lpc17xx_spi.o ./Drivers/src/lpc17xx_ssp.o ./Drivers/src/lpc17xx_systick.o ./Drivers/src/lpc17xx_timer.o ./Drivers/src/lpc17xx_uart.o ./Drivers/src/lpc17xx_wdt.o   
arm-none-eabi-ar: creating libCMSISv2p00_LPC17xx.a
Finished building target: libCMSISv2p00_LPC17xx.a
 
Performing post-build steps
arm-none-eabi-size libCMSISv2p00_LPC17xx.a ; # arm-none-eabi-objdump -h -S libCMSISv2p00_LPC17xx.a >libCMSISv2p00_LPC17xx.lss
   text	   data	    bss	    dec	    hex	filename
      0	      0	      0	      0	      0	core_cm3.o (ex libCMSISv2p00_LPC17xx.a)
    400	      4	      0	    404	    194	system_LPC17xx.o (ex libCMSISv2p00_LPC17xx.a)
    910	      0	     40	    950	    3b6	debug_frmwrk.o (ex libCMSISv2p00_LPC17xx.a)
    738	      0	      0	    738	    2e2	lpc17xx_adc.o (ex libCMSISv2p00_LPC17xx.a)
   5842	      0	     11	   5853	   16dd	lpc17xx_can.o (ex libCMSISv2p00_LPC17xx.a)
    296	      0	      0	    296	    128	lpc17xx_clkpwr.o (ex libCMSISv2p00_LPC17xx.a)
    254	      0	      0	    254	     fe	lpc17xx_dac.o (ex libCMSISv2p00_LPC17xx.a)
   1297	      0	  10852	  12149	   2f75	lpc17xx_emac.o (ex libCMSISv2p00_LPC17xx.a)
    182	      0	      0	    182	     b6	lpc17xx_exti.o (ex libCMSISv2p00_LPC17xx.a)
    912	     32	      0	    944	    3b0	lpc17xx_gpdma.o (ex libCMSISv2p00_LPC17xx.a)
    572	      0	      0	    572	    23c	lpc17xx_gpio.o (ex libCMSISv2p00_LPC17xx.a)
   2348	      0	     52	   2400	    960	lpc17xx_i2c.o (ex libCMSISv2p00_LPC17xx.a)
   1780	      0	      0	   1780	    6f4	lpc17xx_i2s.o (ex libCMSISv2p00_LPC17xx.a)
      2	      0	      0	      2	      2	lpc17xx_libcfg_default.o (ex libCMSISv2p00_LPC17xx.a)
    656	      0	      0	    656	    290	lpc17xx_mcpwm.o (ex libCMSISv2p00_LPC17xx.a)
    116	      0	      0	    116	     74	lpc17xx_nvic.o (ex libCMSISv2p00_LPC17xx.a)
    184	      0	      0	    184	     b8	lpc17xx_pinsel.o (ex libCMSISv2p00_LPC17xx.a)
   1482	      0	      0	   1482	    5ca	lpc17xx_pwm.o (ex libCMSISv2p00_LPC17xx.a)
   1278	      0	      0	   1278	    4fe	lpc17xx_qei.o (ex libCMSISv2p00_LPC17xx.a)
    346	      0	      0	    346	    15a	lpc17xx_rit.o (ex libCMSISv2p00_LPC17xx.a)
   2254	      0	      0	   2254	    8ce	lpc17xx_rtc.o (ex libCMSISv2p00_LPC17xx.a)
    848	      0	      0	    848	    350	lpc17xx_spi.o (ex libCMSISv2p00_LPC17xx.a)
   1516	      0	      0	   1516	    5ec	lpc17xx_ssp.o (ex libCMSISv2p00_LPC17xx.a)
    264	      0	      0	    264	    108	lpc17xx_systick.o (ex libCMSISv2p00_LPC17xx.a)
   1412	      0	      0	   1412	    584	lpc17xx_timer.o (ex libCMSISv2p00_LPC17xx.a)
   3102	      0	      0	   3102	    c1e	lpc17xx_uart.o (ex libCMSISv2p00_LPC17xx.a)
    314	      0	      0	    314	    13a	lpc17xx_wdt.o (ex libCMSISv2p00_LPC17xx.a)
 

18:22:17 Build Finished. 0 errors, 1 warnings. (took 1s.127ms)

