/home/santi/Documents/CMSIS_workspace/CMSISv2p00_LPC17xx/inc/core_cm3.h:928:22:NVIC_EnableIRQ	16	static
../src/TPFinal.c:29:6:pwm_generator	24	static
../src/TPFinal.c:51:6:pwm_servo_generator	32	static
../src/TPFinal.c:89:6:eint_config	8	static
../src/TPFinal.c:107:6:adc_config	8	static
../src/TPFinal.c:125:6:dac_config_buzzer	24	static
../src/TPFinal.c:162:6:dac_config_s90	24	static
../src/TPFinal.c:186:6:confPin	16	static
../src/TPFinal.c:210:6:timer_config	4	static
../src/TPFinal.c:226:6:dma_config_buzzer	64	static
../src/TPFinal.c:251:6:dma_config_sg90	64	static
../src/TPFinal.c:279:6:uart_config	24	static
../src/TPFinal.c:300:6:EINT0_IRQHandler	8	static
../src/TPFinal.c:314:6:ADC_IRQHandler	24	static
../src/TPFinal.c:338:5:main	8	static
