/home/santi/Documents/CMSIS_workspace/CMSISv2p00_LPC17xx/inc/core_cm3.h:928:22:NVIC_EnableIRQ	16	static
../src/TPFinal.c:29:6:pwm_generator	24	static
../src/TPFinal.c:50:6:pwm_servo_generator	32	static
../src/TPFinal.c:88:6:eint_config	8	static
../src/TPFinal.c:106:6:adc_config	8	static
../src/TPFinal.c:124:6:dac_config_buzzer	24	static
../src/TPFinal.c:148:6:dac_config_s90	24	static
../src/TPFinal.c:172:6:confPin	16	static
../src/TPFinal.c:196:6:timer_config	4	static
../src/TPFinal.c:212:6:dma_config_buzzer	64	static
../src/TPFinal.c:237:6:dma_config_sg90	64	static
../src/TPFinal.c:265:6:uart_config	24	static
../src/TPFinal.c:286:6:EINT0_IRQHandler	8	static
../src/TPFinal.c:300:6:ADC_IRQHandler	16	static
../src/TPFinal.c:324:5:main	8	static
